would reformat src\config\quick_scan_search_policy.py
would reformat src\core\models.py
would reformat src\core\qa_engine.py
would reformat src\providers\async_llm_provider.py
would reformat src\providers\external_search_parsers.py
would reformat src\providers\external_search_provider.py
would reformat src\providers\llm_client.py
would reformat src\providers\llm_provider.py
would reformat src\providers\model_resolution.py
would reformat src\providers\search_capability.py
would reformat src\runners\llm_runner.py
would reformat src\utils\http_client.py
would reformat src\utils\llm_integration.py
would reformat src\utils\quick_scan_cost_resolver.py
would reformat src\utils\quick_scan_evidence.py
would reformat src\utils\quick_scan_external_context.py
would reformat src\utils\quick_scan_external_journal.py
would reformat src\utils\quick_scan_mcp_journal.py
would reformat src\utils\quick_scan_observation_context.py
would reformat src\utils\quick_scan_result_outbox.py
would reformat src\utils\quick_scan_work_store.py
would reformat src\utils\quick_scan_work_transport.py
would reformat tests\integration\test_external_context_cli_e2e.py
would reformat tests\unit\test_external_search_provider.py
would reformat tests\unit\test_model_resolution.py
would reformat tests\unit\test_qa_net01_c06_seal.py
would reformat tests\unit\test_quick_scan_external_context.py
would reformat tests\unit\test_quick_scan_mcp.py
would reformat tests\unit\test_quick_scan_work_store.py

Oh no! 💥 💔 💥
29 files would be reformatted, 5 files would be left unchanged.
