src\config\quick_scan_search_policy.py:152: error: Argument 1 to "_require" has incompatible type "Literal[''] | bool"; expected "bool"  [arg-type]
src\config\quick_scan_search_policy.py:198: error: Value of type "dict[str, Any] | None" is not indexable  [index]
src\config\quick_scan_search_policy.py:206: error: Value of type "dict[str, Any] | None" is not indexable  [index]
src\utils\quick_scan_external_journal.py:203: error: Returning Any from function declared to return "dict[Any, Any]"  [no-any-return]
src\utils\quick_scan_external_journal.py:217: error: Returning Any from function declared to return "dict[Any, Any]"  [no-any-return]
src\utils\quick_scan_external_journal.py:290: error: Returning Any from function declared to return "dict[Any, Any]"  [no-any-return]
src\utils\quick_scan_mcp_journal.py:152: error: Returning Any from function declared to return "dict[Any, Any] | None"  [no-any-return]
src\utils\quick_scan_work_store.py:717: error: Incompatible types in assignment (expression has type "list[str]", target has type "str | None")  [assignment]
src\utils\quick_scan_work_store.py:728: error: Incompatible types in assignment (expression has type "str | None", target has type "str")  [assignment]
src\utils\quick_scan_work_store.py:730: error: Incompatible types in assignment (expression has type "list[dict[str, str]]", target has type "str | None")  [assignment]
src\utils\quick_scan_work_store.py:2059: error: Argument 5 to "begin" has incompatible type "**dict[str, object]"; expected "dict[Any, Any]"  [arg-type]
src\utils\quick_scan_work_store.py:2104: error: Argument 5 to "record_use" has incompatible type "**dict[str, object]"; expected "list[str]"  [arg-type]
src\utils\quick_scan_work_store.py:2104: error: Argument 5 to "record_use" has incompatible type "**dict[str, object]"; expected "str"  [arg-type]
src\utils\quick_scan_work_store.py:3426: error: Item "float" of "float | dict[str, Any] | str | int" has no attribute "update"  [union-attr]
src\utils\quick_scan_work_store.py:3426: error: Item "str" of "float | dict[str, Any] | str | int" has no attribute "update"  [union-attr]
src\utils\quick_scan_work_store.py:3426: error: Item "int" of "float | dict[str, Any] | str | int" has no attribute "update"  [union-attr]
src\utils\quick_scan_external_context.py:141: error: Argument 1 to "_assert_lease" of "QuickScanWorkStore" has incompatible type "dict[Any, Any]"; expected "Row"  [arg-type]
src\utils\quick_scan_external_context.py:183: error: Need type annotation for "origins" (hint: "origins: dict[<type>, <type>] = ...")  [var-annotated]
src\utils\quick_scan_external_context.py:371: error: Argument 1 to "_assert_lease" of "QuickScanWorkStore" has incompatible type "dict[Any, Any]"; expected "Row"  [arg-type]
src\utils\quick_scan_external_context.py:411: error: Incompatible types in assignment (expression has type "str | None", variable has type "str")  [assignment]
src\providers\external_search_provider.py:143: error: Value of type "dict[Any, Any] | None" is not indexable  [index]
src\providers\external_search_provider.py:144: error: Value of type "dict[Any, Any] | None" is not indexable  [index]
src\providers\external_search_provider.py:145: error: Value of type "dict[Any, Any] | None" is not indexable  [index]
src\providers\external_search_provider.py:147: error: Value of type "dict[Any, Any] | None" is not indexable  [index]
src\providers\external_search_provider.py:149: error: Value of type "dict[Any, Any] | None" is not indexable  [index]
src\providers\external_search_provider.py:211: error: Argument 2 to "_rpc_response" of "ExternalSearchProvider" has incompatible type "Any | None"; expected "str"  [arg-type]
src\providers\external_search_provider.py:214: error: Incompatible types in assignment (expression has type "dict[Any, Any]", variable has type "bytes")  [assignment]
src\providers\external_search_provider.py:296: error: Need type annotation for "data_lines" (hint: "data_lines: list[<type>] = ...")  [var-annotated]
src\providers\external_search_provider.py:317: error: Argument 2 to "_rpc_response" of "ExternalSearchProvider" has incompatible type "str | None"; expected "str"  [arg-type]
src\providers\external_search_provider.py:353: error: Incompatible return value type (got "dict[Any, Any] | None", expected "dict[Any, Any]")  [return-value]
src\core\models.py:604: error: Value of type "dict[Any, Any] | None" is not indexable  [index]
src\runners\llm_runner.py:210: error: Incompatible types in assignment (expression has type "None", variable has type "dict[str, Any]")  [assignment]
src\runners\llm_runner.py:1433: error: Value of type "dict[str, Any] | None" is not indexable  [index]
src\runners\llm_runner.py:1434: error: Value of type "dict[str, Any] | None" is not indexable  [index]
src\runners\llm_runner.py:1436: error: Value of type "dict[str, Any] | None" is not indexable  [index]
src\runners\llm_runner.py:1438: error: Value of type "dict[str, Any] | None" is not indexable  [index]
src\runners\llm_runner.py:1699: error: Value of type "dict[str, Any] | None" is not indexable  [index]
Found 37 errors in 8 files (checked 61 source files)
