[master 929d762] Deliver modular quick scan refresh foundation and reviewed cross-repo handoff
 555 files changed, 238419 insertions(+), 6 deletions(-)
 create mode 100644 docs/implementation/intake/W15/module-readiness-2026-10-09/acceptance.json
 create mode 100644 docs/implementation/intake/W15/module-readiness-2026-10-09/actual-synthetic-producer-index.json
 create mode 100644 docs/implementation/intake/W15/module-readiness-2026-10-09/actual-synthetic-producer/test_actual_public_cli_validat0/producer.stderr.log
 create mode 100644 docs/implementation/intake/W15/module-readiness-2026-10-09/actual-synthetic-producer/test_actual_public_cli_validat0/producer.stdout.log
 create mode 100644 docs/implementation/intake/W15/module-readiness-2026-10-09/actual-synthetic-producer/test_actual_public_cli_validat0/release/run/manifest.json
 create mode 100644 docs/implementation/intake/W15/module-readiness-2026-10-09/actual-synthetic-producer/test_actual_public_cli_validat0/release/run/route.json
 create mode 100644 docs/implementation/intake/W15/module-readiness-2026-10-09/actual-synthetic-producer/test_actual_public_cli_validat0/request.json
 create mode 100644 docs/implementation/intake/W15/module-readiness-2026-10-09/actual-synthetic-producer/test_owner_public_cli_reuse_an0/producer.stderr.log
 create mode 100644 docs/implementation/intake/W15/module-readiness-2026-10-09/actual-synthetic-producer/test_owner_public_cli_reuse_an0/producer.stdout.log
 create mode 100644 docs/implementation/intake/W15/module-readiness-2026-10-09/actual-synthetic-producer/test_owner_public_cli_reuse_an0/release/run/manifest.json
 create mode 100644 docs/implementation/intake/W15/module-readiness-2026-10-09/actual-synthetic-producer/test_owner_public_cli_reuse_an0/release/run/route.json
 create mode 100644 docs/implementation/intake/W15/module-readiness-2026-10-09/actual-synthetic-producer/test_owner_public_cli_reuse_an0/request.json
 create mode 100644 docs/implementation/intake/W15/module-readiness-2026-10-09/actual-synthetic-producer/test_schema6_native_backup_and0/producer.stderr.log
 create mode 100644 docs/implementation/intake/W15/module-readiness-2026-10-09/actual-synthetic-producer/test_schema6_native_backup_and0/producer.stdout.log
 create mode 100644 docs/implementation/intake/W15/module-readiness-2026-10-09/actual-synthetic-producer/test_schema6_native_backup_and0/release/run/manifest.json
 create mode 100644 docs/implementation/intake/W15/module-readiness-2026-10-09/actual-synthetic-producer/test_schema6_native_backup_and0/release/run/route.json
 create mode 100644 docs/implementation/intake/W15/module-readiness-2026-10-09/actual-synthetic-producer/test_schema6_native_backup_and0/request.json
 create mode 100644 docs/implementation/intake/W15/module-readiness-2026-10-09/actual-synthetic-producer/test_stockwiki_public_os_cli_b0/producer.stderr.log
 create mode 100644 docs/implementation/intake/W15/module-readiness-2026-10-09/actual-synthetic-producer/test_stockwiki_public_os_cli_b0/producer.stdout.log
 create mode 100644 docs/implementation/intake/W15/module-readiness-2026-10-09/actual-synthetic-producer/test_stockwiki_public_os_cli_b0/release/run/manifest.json
 create mode 100644 docs/implementation/intake/W15/module-readiness-2026-10-09/actual-synthetic-producer/test_stockwiki_public_os_cli_b0/release/run/route.json
 create mode 100644 docs/implementation/intake/W15/module-readiness-2026-10-09/actual-synthetic-producer/test_stockwiki_public_os_cli_b0/request.json
 create mode 100644 docs/implementation/intake/W15/module-readiness-2026-10-09/baseline-checkpoint-control-01.junit.xml
 create mode 100644 docs/implementation/intake/W15/module-readiness-2026-10-09/baseline-checkpoint-control-01.process.json
 create mode 100644 docs/implementation/intake/W15/module-readiness-2026-10-09/baseline-checkpoint-control-01.stderr.log
 create mode 100644 docs/implementation/intake/W15/module-readiness-2026-10-09/baseline-checkpoint-control-01.stdout.log
 create mode 100644 docs/implementation/intake/W15/module-readiness-2026-10-09/baseline-receipt-control-01.junit.xml
 create mode 100644 docs/implementation/intake/W15/module-readiness-2026-10-09/baseline-receipt-control-01.process.json
 create mode 100644 docs/implementation/intake/W15/module-readiness-2026-10-09/baseline-receipt-control-01.stderr.log
 create mode 100644 docs/implementation/intake/W15/module-readiness-2026-10-09/baseline-receipt-control-01.stdout.log
 create mode 100644 docs/implementation/intake/W15/module-readiness-2026-10-09/baseline-search-admission-01.junit.xml
 create mode 100644 docs/implementation/intake/W15/module-readiness-2026-10-09/baseline-search-admission-01.process.json
 create mode 100644 docs/implementation/intake/W15/module-readiness-2026-10-09/baseline-search-admission-01.stderr.log
 create mode 100644 docs/implementation/intake/W15/module-readiness-2026-10-09/baseline-search-admission-01.stdout.log
 create mode 100644 docs/implementation/intake/W15/module-readiness-2026-10-09/candidate-index-01.json
 create mode 100644 docs/implementation/intake/W15/module-readiness-2026-10-09/candidate-index-02.json
 create mode 100644 docs/implementation/intake/W15/module-readiness-2026-10-09/candidate-source-01/StockQAbyLLM/.gitignore
 create mode 100644 docs/implementation/intake/W15/module-readiness-2026-10-09/candidate-source-01/StockQAbyLLM/main_with_llm.py
 create mode 100644 docs/implementation/intake/W15/module-readiness-2026-10-09/candidate-source-01/StockQAbyLLM/src/config/quick_scan_owner_refresh_config.schema.json
 create mode 100644 docs/implementation/intake/W15/module-readiness-2026-10-09/candidate-source-01/StockQAbyLLM/src/config/quick_scan_owner_refresh_result.schema.json
 create mode 100644 docs/implementation/intake/W15/module-readiness-2026-10-09/candidate-source-01/StockQAbyLLM/src/core/qa_engine.py
 create mode 100644 docs/implementation/intake/W15/module-readiness-2026-10-09/candidate-source-01/StockQAbyLLM/src/runners/llm_runner.py
 create mode 100644 docs/implementation/intake/W15/module-readiness-2026-10-09/candidate-source-01/StockQAbyLLM/src/utils/quick_scan_owner_refresh.py
 create mode 100644 docs/implementation/intake/W15/module-readiness-2026-10-09/candidate-source-01/StockQAbyLLM/src/utils/quick_scan_owner_refresh_journal.py
 create mode 100644 docs/implementation/intake/W15/module-readiness-2026-10-09/candidate-source-01/StockQAbyLLM/src/utils/quick_scan_work_store.py
 create mode 100644 docs/implementation/intake/W15/module-readiness-2026-10-09/candidate-source-01/StockQAbyLLM/src/utils/quick_scan_work_transport.py
 create mode 100644 docs/implementation/intake/W15/module-readiness-2026-10-09/candidate-source-01/StockQAbyLLM/tests/integration/test_qa_net01_cli_e2e.py
 create mode 100644 docs/implementation/intake/W15/module-readiness-2026-10-09/candidate-source-01/StockQAbyLLM/tests/unit/test_qa_net01_question_manifest.py
 create mode 100644 docs/implementation/intake/W15/module-readiness-2026-10-09/candidate-source-01/StockQAbyLLM/tests/unit/test_quick_scan_work_store.py
 create mode 100644 docs/implementation/intake/W15/module-readiness-2026-10-09/candidate-source-01/StockQAbyLLM/tests/unit/test_w15_owner_refresh.py
 create mode 100644 docs/implementation/intake/W15/module-readiness-2026-10-09/candidate-source-01/StockQAbyLLM/tests/unit/test_w15_owner_refresh_transport.py
 create mode 100644 docs/implementation/intake/W15/module-readiness-2026-10-09/candidate-source-01/StockWiki/stockwiki/cli_parsers/quick_scan.py
 create mode 100644 docs/implementation/intake/W15/module-readiness-2026-10-09/candidate-source-01/StockWiki/stockwiki/quick_scan_backup_manifest.py
 create mode 100644 docs/implementation/intake/W15/module-readiness-2026-10-09/candidate-source-01/StockWiki/stockwiki/quick_scan_module_refresh.py
 create mode 100644 docs/implementation/intake/W15/module-readiness-2026-10-09/candidate-source-01/StockWiki/stockwiki/quick_scan_route_validation.py
 create mode 100644 docs/implementation/intake/W15/module-readiness-2026-10-09/candidate-source-01/StockWiki/stockwiki/quick_scan_routes.py
 create mode 100644 docs/implementation/intake/W15/module-readiness-2026-10-09/candidate-source-01/StockWiki/stockwiki/quick_scan_routes_cli.py
 create mode 100644 docs/implementation/intake/W15/module-readiness-2026-10-09/candidate-source-01/StockWiki/stockwiki/quick_scan_schema.py
 create mode 100644 docs/implementation/intake/W15/module-readiness-2026-10-09/candidate-source-01/StockWiki/stockwiki/quick_scan_store.py
 create mode 100644 docs/implementation/intake/W15/module-readiness-2026-10-09/candidate-source-01/StockWiki/tests/test_quick_scan_module_refresh.py
 create mode 100644 docs/implementation/intake/W15/module-readiness-2026-10-09/candidate-source-01/StockWiki/tests/test_quick_scan_owner_bridge.py
 create mode 100644 docs/implementation/intake/W15/module-readiness-2026-10-09/candidate-source-01/StockWiki/tests/test_quick_scan_route_integration.py
 create mode 100644 docs/implementation/intake/W15/module-readiness-2026-10-09/candidate-source-01/StockWiki/tests/test_quick_scan_routes.py
 create mode 100644 docs/implementation/intake/W15/module-readiness-2026-10-09/candidate-source-01/invest-quick-scan/schemas/quick_scan/module-refresh.schema.json
 create mode 100644 docs/implementation/intake/W15/module-readiness-2026-10-09/candidate-source-01/invest-quick-scan/schemas/quick_scan/route-store-cli.schema.json
 create mode 100644 docs/implementation/intake/W15/module-readiness-2026-10-09/candidate-source-01/invest-quick-scan/schemas/quick_scan/route-store-validation.schema.json
 create mode 100644 docs/implementation/intake/W15/module-readiness-2026-10-09/candidate-source-01/invest-quick-scan/scripts/route_store_handoff.py
 create mode 100644 docs/implementation/intake/W15/module-readiness-2026-10-09/candidate-source-01/invest-quick-scan/tests/test_route_store_handoff.py
 create mode 100644 docs/implementation/intake/W15/module-readiness-2026-10-09/candidate-source-02/StockQAbyLLM/.gitignore
 create mode 100644 docs/implementation/intake/W15/module-readiness-2026-10-09/candidate-source-02/StockQAbyLLM/main_with_llm.py
 create mode 100644 docs/implementation/intake/W15/module-readiness-2026-10-09/candidate-source-02/StockQAbyLLM/src/config/quick_scan_owner_refresh_config.schema.json
 create mode 100644 docs/implementation/intake/W15/module-readiness-2026-10-09/candidate-source-02/StockQAbyLLM/src/config/quick_scan_owner_refresh_result.schema.json
 create mode 100644 docs/implementation/intake/W15/module-readiness-2026-10-09/candidate-source-02/StockQAbyLLM/src/core/qa_engine.py
 create mode 100644 docs/implementation/intake/W15/module-readiness-2026-10-09/candidate-source-02/StockQAbyLLM/src/runners/llm_runner.py
 create mode 100644 docs/implementation/intake/W15/module-readiness-2026-10-09/candidate-source-02/StockQAbyLLM/src/utils/quick_scan_owner_refresh.py
 create mode 100644 docs/implementation/intake/W15/module-readiness-2026-10-09/candidate-source-02/StockQAbyLLM/src/utils/quick_scan_owner_refresh_journal.py
 create mode 100644 docs/implementation/intake/W15/module-readiness-2026-10-09/candidate-source-02/StockQAbyLLM/src/utils/quick_scan_work_store.py
 create mode 100644 docs/implementation/intake/W15/module-readiness-2026-10-09/candidate-source-02/StockQAbyLLM/src/utils/quick_scan_work_transport.py
 create mode 100644 docs/implementation/intake/W15/module-readiness-2026-10-09/candidate-source-02/StockQAbyLLM/tests/integration/test_qa_net01_cli_e2e.py
 create mode 100644 docs/implementation/intake/W15/module-readiness-2026-10-09/candidate-source-02/StockQAbyLLM/tests/unit/test_q07_checkpoint.py
 create mode 100644 docs/implementation/intake/W15/module-readiness-2026-10-09/candidate-source-02/StockQAbyLLM/tests/unit/test_qa_net01_question_manifest.py
 create mode 100644 docs/implementation/intake/W15/module-readiness-2026-10-09/candidate-source-02/StockQAbyLLM/tests/unit/test_quick_scan_work_store.py
 create mode 100644 docs/implementation/intake/W15/module-readiness-2026-10-09/candidate-source-02/StockQAbyLLM/tests/unit/test_w15_owner_refresh.py
 create mode 100644 docs/implementation/intake/W15/module-readiness-2026-10-09/candidate-source-02/StockQAbyLLM/tests/unit/test_w15_owner_refresh_transport.py
 create mode 100644 docs/implementation/intake/W15/module-readiness-2026-10-09/candidate-source-02/StockWiki/stockwiki/cli_parsers/quick_scan.py
 create mode 100644 docs/implementation/intake/W15/module-readiness-2026-10-09/candidate-source-02/StockWiki/stockwiki/quick_scan_backup_manifest.py
 create mode 100644 docs/implementation/intake/W15/module-readiness-2026-10-09/candidate-source-02/StockWiki/stockwiki/quick_scan_module_refresh.py
 create mode 100644 docs/implementation/intake/W15/module-readiness-2026-10-09/candidate-source-02/StockWiki/stockwiki/quick_scan_route_validation.py
 create mode 100644 docs/implementation/intake/W15/module-readiness-2026-10-09/candidate-source-02/StockWiki/stockwiki/quick_scan_routes.py
 create mode 100644 docs/implementation/intake/W15/module-readiness-2026-10-09/candidate-source-02/StockWiki/stockwiki/quick_scan_routes_cli.py
 create mode 100644 docs/implementation/intake/W15/module-readiness-2026-10-09/candidate-source-02/StockWiki/stockwiki/quick_scan_schema.py
 create mode 100644 docs/implementation/intake/W15/module-readiness-2026-10-09/candidate-source-02/StockWiki/stockwiki/quick_scan_store.py
 create mode 100644 docs/implementation/intake/W15/module-readiness-2026-10-09/candidate-source-02/StockWiki/tests/test_quick_scan_issuer_bridge.py
 create mode 100644 docs/implementation/intake/W15/module-readiness-2026-10-09/candidate-source-02/StockWiki/tests/test_quick_scan_module_refresh.py
 create mode 100644 docs/implementation/intake/W15/module-readiness-2026-10-09/candidate-source-02/StockWiki/tests/test_quick_scan_owner_bridge.py
 create mode 100644 docs/implementation/intake/W15/module-readiness-2026-10-09/candidate-source-02/StockWiki/tests/test_quick_scan_profiles.py
 create mode 100644 docs/implementation/intake/W15/module-readiness-2026-10-09/candidate-source-02/StockWiki/tests/test_quick_scan_route_integration.py
 create mode 100644 docs/implementation/intake/W15/module-readiness-2026-10-09/candidate-source-02/StockWiki/tests/test_quick_scan_routes.py
 create mode 100644 docs/implementation/intake/W15/module-readiness-2026-10-09/candidate-source-02/StockWiki/tests/test_swr_profiles.py
 create mode 100644 docs/implementation/intake/W15/module-readiness-2026-10-09/candidate-source-02/invest-quick-scan/schemas/quick_scan/module-refresh.schema.json
 create mode 100644 docs/implementation/intake/W15/module-readiness-2026-10-09/candidate-source-02/invest-quick-scan/schemas/quick_scan/route-store-cli.schema.json
 create mode 100644 docs/implementation/intake/W15/module-readiness-2026-10-09/candidate-source-02/invest-quick-scan/schemas/quick_scan/route-store-validation.schema.json
 create mode 100644 docs/implementation/intake/W15/module-readiness-2026-10-09/candidate-source-02/invest-quick-scan/scripts/route_store_handoff.py
 create mode 100644 docs/implementation/intake/W15/module-readiness-2026-10-09/candidate-source-02/invest-quick-scan/tests/test_route_store_handoff.py
 create mode 100644 docs/implementation/intake/W15/module-readiness-2026-10-09/cleanup-baseline.json
 create mode 100644 docs/implementation/intake/W15/module-readiness-2026-10-09/cleanup-dry-run.json
 create mode 100644 docs/implementation/intake/W15/module-readiness-2026-10-09/cleanup-lstat.json
 create mode 100644 docs/implementation/intake/W15/module-readiness-2026-10-09/cleanup-receipt.json
 create mode 100644 docs/implementation/intake/W15/module-readiness-2026-10-09/executor-boundary-green-01.junit.xml
 create mode 100644 docs/implementation/intake/W15/module-readiness-2026-10-09/executor-boundary-green-01.process.json
 create mode 100644 docs/implementation/intake/W15/module-readiness-2026-10-09/executor-boundary-green-01.stderr.log
 create mode 100644 docs/implementation/intake/W15/module-readiness-2026-10-09/executor-boundary-green-01.stdout.log
 create mode 100644 docs/implementation/intake/W15/module-readiness-2026-10-09/executor-boundary-red-01.junit.xml
 create mode 100644 docs/implementation/intake/W15/module-readiness-2026-10-09/executor-boundary-red-01.process.json
 create mode 100644 docs/implementation/intake/W15/module-readiness-2026-10-09/executor-boundary-red-01.stderr.log
 create mode 100644 docs/implementation/intake/W15/module-readiness-2026-10-09/executor-boundary-red-01.stdout.log
 create mode 100644 docs/implementation/intake/W15/module-readiness-2026-10-09/executor-capacity-red-01.junit.xml
 create mode 100644 docs/implementation/intake/W15/module-readiness-2026-10-09/executor-capacity-red-01.process.json
 create mode 100644 docs/implementation/intake/W15/module-readiness-2026-10-09/executor-capacity-red-01.stderr.log
 create mode 100644 docs/implementation/intake/W15/module-readiness-2026-10-09/executor-capacity-red-01.stdout.log
 create mode 100644 docs/implementation/intake/W15/module-readiness-2026-10-09/executor-checkpoint-final-05.junit.xml
 create mode 100644 docs/implementation/intake/W15/module-readiness-2026-10-09/executor-checkpoint-final-05.process.json
 create mode 100644 docs/implementation/intake/W15/module-readiness-2026-10-09/executor-checkpoint-final-05.stderr.log
 create mode 100644 docs/implementation/intake/W15/module-readiness-2026-10-09/executor-checkpoint-final-05.stdout.log
 create mode 100644 docs/implementation/intake/W15/module-readiness-2026-10-09/executor-complete-affected-01.junit.xml
 create mode 100644 docs/implementation/intake/W15/module-readiness-2026-10-09/executor-complete-affected-01.process.json
 create mode 100644 docs/implementation/intake/W15/module-readiness-2026-10-09/executor-complete-affected-01.stderr.log
 create mode 100644 docs/implementation/intake/W15/module-readiness-2026-10-09/executor-complete-affected-01.stdout.log
 create mode 100644 docs/implementation/intake/W15/module-readiness-2026-10-09/executor-delivery-admission-02.junit.xml
 create mode 100644 docs/implementation/intake/W15/module-readiness-2026-10-09/executor-delivery-admission-02.process.json
 create mode 100644 docs/implementation/intake/W15/module-readiness-2026-10-09/executor-delivery-admission-02.stderr.log
 create mode 100644 docs/implementation/intake/W15/module-readiness-2026-10-09/executor-delivery-admission-02.stdout.log
 create mode 100644 docs/implementation/intake/W15/module-readiness-2026-10-09/executor-delivery-admission-03.junit.xml
 create mode 100644 docs/implementation/intake/W15/module-readiness-2026-10-09/executor-delivery-admission-03.process.json
 create mode 100644 docs/implementation/intake/W15/module-readiness-2026-10-09/executor-delivery-admission-03.stderr.log
 create mode 100644 docs/implementation/intake/W15/module-readiness-2026-10-09/executor-delivery-admission-03.stdout.log
 create mode 100644 docs/implementation/intake/W15/module-readiness-2026-10-09/executor-final-affected-02.junit.xml
 create mode 100644 docs/implementation/intake/W15/module-readiness-2026-10-09/executor-final-affected-02.process.json
 create mode 100644 docs/implementation/intake/W15/module-readiness-2026-10-09/executor-final-affected-02.stderr.log
 create mode 100644 docs/implementation/intake/W15/module-readiness-2026-10-09/executor-final-affected-02.stdout.log
 create mode 100644 docs/implementation/intake/W15/module-readiness-2026-10-09/executor-final-affected-03.junit.xml
 create mode 100644 docs/implementation/intake/W15/module-readiness-2026-10-09/executor-final-affected-03.process.json
 create mode 100644 docs/implementation/intake/W15/module-readiness-2026-10-09/executor-final-affected-03.stderr.log
 create mode 100644 docs/implementation/intake/W15/module-readiness-2026-10-09/executor-final-affected-03.stdout.log
 create mode 100644 docs/implementation/intake/W15/module-readiness-2026-10-09/executor-final-affected-04.junit.xml
 create mode 100644 docs/implementation/intake/W15/module-readiness-2026-10-09/executor-final-affected-04.process.json
 create mode 100644 docs/implementation/intake/W15/module-readiness-2026-10-09/executor-final-affected-04.stderr.log
 create mode 100644 docs/implementation/intake/W15/module-readiness-2026-10-09/executor-final-affected-04.stdout.log
 create mode 100644 docs/implementation/intake/W15/module-readiness-2026-10-09/executor-input-01.json
 create mode 100644 docs/implementation/intake/W15/module-readiness-2026-10-09/executor-refresh-green-01.junit.xml
 create mode 100644 docs/implementation/intake/W15/module-readiness-2026-10-09/executor-refresh-green-01.process.json
 create mode 100644 docs/implementation/intake/W15/module-readiness-2026-10-09/executor-refresh-green-01.stderr.log
 create mode 100644 docs/implementation/intake/W15/module-readiness-2026-10-09/executor-refresh-green-01.stdout.log
 create mode 100644 docs/implementation/intake/W15/module-readiness-2026-10-09/executor-refresh-green-02.junit.xml
 create mode 100644 docs/implementation/intake/W15/module-readiness-2026-10-09/executor-refresh-green-02.process.json
 create mode 100644 docs/implementation/intake/W15/module-readiness-2026-10-09/executor-refresh-green-02.stderr.log
 create mode 100644 docs/implementation/intake/W15/module-readiness-2026-10-09/executor-refresh-green-02.stdout.log
 create mode 100644 docs/implementation/intake/W15/module-readiness-2026-10-09/executor-refresh-green-03.junit.xml
 create mode 100644 docs/implementation/intake/W15/module-readiness-2026-10-09/executor-refresh-green-03.process.json
 create mode 100644 docs/implementation/intake/W15/module-readiness-2026-10-09/executor-refresh-green-03.stderr.log
 create mode 100644 docs/implementation/intake/W15/module-readiness-2026-10-09/executor-refresh-green-03.stdout.log
 create mode 100644 docs/implementation/intake/W15/module-readiness-2026-10-09/executor-refresh-green-04.junit.xml
 create mode 100644 docs/implementation/intake/W15/module-readiness-2026-10-09/executor-refresh-green-04.process.json
 create mode 100644 docs/implementation/intake/W15/module-readiness-2026-10-09/executor-refresh-green-04.stderr.log
 create mode 100644 docs/implementation/intake/W15/module-readiness-2026-10-09/executor-refresh-green-04.stdout.log
 create mode 100644 docs/implementation/intake/W15/module-readiness-2026-10-09/executor-refresh-red-01.junit.xml
 create mode 100644 docs/implementation/intake/W15/module-readiness-2026-10-09/executor-refresh-red-01.process.json
 create mode 100644 docs/implementation/intake/W15/module-readiness-2026-10-09/executor-refresh-red-01.stderr.log
 create mode 100644 docs/implementation/intake/W15/module-readiness-2026-10-09/executor-refresh-red-01.stdout.log
 create mode 100644 docs/implementation/intake/W15/module-readiness-2026-10-09/executor-refresh-red-02.junit.xml
 create mode 100644 docs/implementation/intake/W15/module-readiness-2026-10-09/executor-refresh-red-02.process.json
 create mode 100644 docs/implementation/intake/W15/module-readiness-2026-10-09/executor-refresh-red-02.stderr.log
 create mode 100644 docs/implementation/intake/W15/module-readiness-2026-10-09/executor-refresh-red-02.stdout.log
 create mode 100644 docs/implementation/intake/W15/module-readiness-2026-10-09/format-qa-01-0.stderr.log
 create mode 100644 docs/implementation/intake/W15/module-readiness-2026-10-09/format-qa-01-0.stdout.log
 create mode 100644 docs/implementation/intake/W15/module-readiness-2026-10-09/format-qa-01-1.stderr.log
 create mode 100644 docs/implementation/intake/W15/module-readiness-2026-10-09/format-qa-01-1.stdout.log
 create mode 100644 docs/implementation/intake/W15/module-readiness-2026-10-09/format-qa-01.process.json
 create mode 100644 docs/implementation/intake/W15/module-readiness-2026-10-09/format-qa-02-0.stderr.log
 create mode 100644 docs/implementation/intake/W15/module-readiness-2026-10-09/format-qa-02-0.stdout.log
 create mode 100644 docs/implementation/intake/W15/module-readiness-2026-10-09/format-qa-02-1.stderr.log
 create mode 100644 docs/implementation/intake/W15/module-readiness-2026-10-09/format-qa-02-1.stdout.log
 create mode 100644 docs/implementation/intake/W15/module-readiness-2026-10-09/format-qa-02.process.json
 create mode 100644 docs/implementation/intake/W15/module-readiness-2026-10-09/format-qa-03-0.stderr.log
 create mode 100644 docs/implementation/intake/W15/module-readiness-2026-10-09/format-qa-03-0.stdout.log
 create mode 100644 docs/implementation/intake/W15/module-readiness-2026-10-09/format-qa-03-1.stderr.log
 create mode 100644 docs/implementation/intake/W15/module-readiness-2026-10-09/format-qa-03-1.stdout.log
 create mode 100644 docs/implementation/intake/W15/module-readiness-2026-10-09/format-qa-03-10.stderr.log
 create mode 100644 docs/implementation/intake/W15/module-readiness-2026-10-09/format-qa-03-10.stdout.log
 create mode 100644 docs/implementation/intake/W15/module-readiness-2026-10-09/format-qa-03-11.stderr.log
 create mode 100644 docs/implementation/intake/W15/module-readiness-2026-10-09/format-qa-03-11.stdout.log
 create mode 100644 docs/implementation/intake/W15/module-readiness-2026-10-09/format-qa-03-12.stderr.log
 create mode 100644 docs/implementation/intake/W15/module-readiness-2026-10-09/format-qa-03-12.stdout.log
 create mode 100644 docs/implementation/intake/W15/module-readiness-2026-10-09/format-qa-03-2.stderr.log
 create mode 100644 docs/implementation/intake/W15/module-readiness-2026-10-09/format-qa-03-2.stdout.log
 create mode 100644 docs/implementation/intake/W15/module-readiness-2026-10-09/format-qa-03-3.stderr.log
 create mode 100644 docs/implementation/intake/W15/module-readiness-2026-10-09/format-qa-03-3.stdout.log
 create mode 100644 docs/implementation/intake/W15/module-readiness-2026-10-09/format-qa-03-4.stderr.log
 create mode 100644 docs/implementation/intake/W15/module-readiness-2026-10-09/format-qa-03-4.stdout.log
 create mode 100644 docs/implementation/intake/W15/module-readiness-2026-10-09/format-qa-03-5.stderr.log
 create mode 100644 docs/implementation/intake/W15/module-readiness-2026-10-09/format-qa-03-5.stdout.log
 create mode 100644 docs/implementation/intake/W15/module-readiness-2026-10-09/format-qa-03-6.stderr.log
 create mode 100644 docs/implementation/intake/W15/module-readiness-2026-10-09/format-qa-03-6.stdout.log
 create mode 100644 docs/implementation/intake/W15/module-readiness-2026-10-09/format-qa-03-7.stderr.log
 create mode 100644 docs/implementation/intake/W15/module-readiness-2026-10-09/format-qa-03-7.stdout.log
 create mode 100644 docs/implementation/intake/W15/module-readiness-2026-10-09/format-qa-03-8.stderr.log
 create mode 100644 docs/implementation/intake/W15/module-readiness-2026-10-09/format-qa-03-8.stdout.log
 create mode 100644 docs/implementation/intake/W15/module-readiness-2026-10-09/format-qa-03-9.stderr.log
 create mode 100644 docs/implementation/intake/W15/module-readiness-2026-10-09/format-qa-03-9.stdout.log
 create mode 100644 docs/implementation/intake/W15/module-readiness-2026-10-09/format-qa-03.process.json
 create mode 100644 docs/implementation/intake/W15/module-readiness-2026-10-09/format-qa-04-0.stderr.log
 create mode 100644 docs/implementation/intake/W15/module-readiness-2026-10-09/format-qa-04-0.stdout.log
 create mode 100644 docs/implementation/intake/W15/module-readiness-2026-10-09/format-qa-04-1.stderr.log
 create mode 100644 docs/implementation/intake/W15/module-readiness-2026-10-09/format-qa-04-1.stdout.log
 create mode 100644 docs/implementation/intake/W15/module-readiness-2026-10-09/format-qa-04-10.stderr.log
 create mode 100644 docs/implementation/intake/W15/module-readiness-2026-10-09/format-qa-04-10.stdout.log
 create mode 100644 docs/implementation/intake/W15/module-readiness-2026-10-09/format-qa-04-11.stderr.log
 create mode 100644 docs/implementation/intake/W15/module-readiness-2026-10-09/format-qa-04-11.stdout.log
 create mode 100644 docs/implementation/intake/W15/module-readiness-2026-10-09/format-qa-04-12.stderr.log
 create mode 100644 docs/implementation/intake/W15/module-readiness-2026-10-09/format-qa-04-12.stdout.log
 create mode 100644 docs/implementation/intake/W15/module-readiness-2026-10-09/format-qa-04-2.stderr.log
 create mode 100644 docs/implementation/intake/W15/module-readiness-2026-10-09/format-qa-04-2.stdout.log
 create mode 100644 docs/implementation/intake/W15/module-readiness-2026-10-09/format-qa-04-3.stderr.log
 create mode 100644 docs/implementation/intake/W15/module-readiness-2026-10-09/format-qa-04-3.stdout.log
 create mode 100644 docs/implementation/intake/W15/module-readiness-2026-10-09/format-qa-04-4.stderr.log
 create mode 100644 docs/implementation/intake/W15/module-readiness-2026-10-09/format-qa-04-4.stdout.log
 create mode 100644 docs/implementation/intake/W15/module-readiness-2026-10-09/format-qa-04-5.stderr.log
 create mode 100644 docs/implementation/intake/W15/module-readiness-2026-10-09/format-qa-04-5.stdout.log
 create mode 100644 docs/implementation/intake/W15/module-readiness-2026-10-09/format-qa-04-6.stderr.log
 create mode 100644 docs/implementation/intake/W15/module-readiness-2026-10-09/format-qa-04-6.stdout.log
 create mode 100644 docs/implementation/intake/W15/module-readiness-2026-10-09/format-qa-04-7.stderr.log
 create mode 100644 docs/implementation/intake/W15/module-readiness-2026-10-09/format-qa-04-7.stdout.log
 create mode 100644 docs/implementation/intake/W15/module-readiness-2026-10-09/format-qa-04-8.stderr.log
 create mode 100644 docs/implementation/intake/W15/module-readiness-2026-10-09/format-qa-04-8.stdout.log
 create mode 100644 docs/implementation/intake/W15/module-readiness-2026-10-09/format-qa-04-9.stderr.log
 create mode 100644 docs/implementation/intake/W15/module-readiness-2026-10-09/format-qa-04-9.stdout.log
 create mode 100644 docs/implementation/intake/W15/module-readiness-2026-10-09/format-qa-04.process.json
 create mode 100644 docs/implementation/intake/W15/module-readiness-2026-10-09/format-qa-05-0.stderr.log
 create mode 100644 docs/implementation/intake/W15/module-readiness-2026-10-09/format-qa-05-0.stdout.log
 create mode 100644 docs/implementation/intake/W15/module-readiness-2026-10-09/format-qa-05-1.stderr.log
 create mode 100644 docs/implementation/intake/W15/module-readiness-2026-10-09/format-qa-05-1.stdout.log
 create mode 100644 docs/implementation/intake/W15/module-readiness-2026-10-09/format-qa-05-10.stderr.log
 create mode 100644 docs/implementation/intake/W15/module-readiness-2026-10-09/format-qa-05-10.stdout.log
 create mode 100644 docs/implementation/intake/W15/module-readiness-2026-10-09/format-qa-05-11.stderr.log
 create mode 100644 docs/implementation/intake/W15/module-readiness-2026-10-09/format-qa-05-11.stdout.log
 create mode 100644 docs/implementation/intake/W15/module-readiness-2026-10-09/format-qa-05-12.stderr.log
 create mode 100644 docs/implementation/intake/W15/module-readiness-2026-10-09/format-qa-05-12.stdout.log
 create mode 100644 docs/implementation/intake/W15/module-readiness-2026-10-09/format-qa-05-2.stderr.log
 create mode 100644 docs/implementation/intake/W15/module-readiness-2026-10-09/format-qa-05-2.stdout.log
 create mode 100644 docs/implementation/intake/W15/module-readiness-2026-10-09/format-qa-05-3.stderr.log
 create mode 100644 docs/implementation/intake/W15/module-readiness-2026-10-09/format-qa-05-3.stdout.log
 create mode 100644 docs/implementation/intake/W15/module-readiness-2026-10-09/format-qa-05-4.stderr.log
 create mode 100644 docs/implementation/intake/W15/module-readiness-2026-10-09/format-qa-05-4.stdout.log
 create mode 100644 docs/implementation/intake/W15/module-readiness-2026-10-09/format-qa-05-5.stderr.log
 create mode 100644 docs/implementation/intake/W15/module-readiness-2026-10-09/format-qa-05-5.stdout.log
 create mode 100644 docs/implementation/intake/W15/module-readiness-2026-10-09/format-qa-05-6.stderr.log
 create mode 100644 docs/implementation/intake/W15/module-readiness-2026-10-09/format-qa-05-6.stdout.log
 create mode 100644 docs/implementation/intake/W15/module-readiness-2026-10-09/format-qa-05-7.stderr.log
 create mode 100644 docs/implementation/intake/W15/module-readiness-2026-10-09/format-qa-05-7.stdout.log
 create mode 100644 docs/implementation/intake/W15/module-readiness-2026-10-09/format-qa-05-8.stderr.log
 create mode 100644 docs/implementation/intake/W15/module-readiness-2026-10-09/format-qa-05-8.stdout.log
 create mode 100644 docs/implementation/intake/W15/module-readiness-2026-10-09/format-qa-05-9.stderr.log
 create mode 100644 docs/implementation/intake/W15/module-readiness-2026-10-09/format-qa-05-9.stdout.log
 create mode 100644 docs/implementation/intake/W15/module-readiness-2026-10-09/format-qa-05.process.json
 create mode 100644 docs/implementation/intake/W15/module-readiness-2026-10-09/format-qa-06-0.stderr.log
 create mode 100644 docs/implementation/intake/W15/module-readiness-2026-10-09/format-qa-06-0.stdout.log
 create mode 100644 docs/implementation/intake/W15/module-readiness-2026-10-09/format-qa-06-1.stderr.log
 create mode 100644 docs/implementation/intake/W15/module-readiness-2026-10-09/format-qa-06-1.stdout.log
 create mode 100644 docs/implementation/intake/W15/module-readiness-2026-10-09/format-qa-06-10.stderr.log
 create mode 100644 docs/implementation/intake/W15/module-readiness-2026-10-09/format-qa-06-10.stdout.log
 create mode 100644 docs/implementation/intake/W15/module-readiness-2026-10-09/format-qa-06-11.stderr.log
 create mode 100644 docs/implementation/intake/W15/module-readiness-2026-10-09/format-qa-06-11.stdout.log
 create mode 100644 docs/implementation/intake/W15/module-readiness-2026-10-09/format-qa-06-12.stderr.log
 create mode 100644 docs/implementation/intake/W15/module-readiness-2026-10-09/format-qa-06-12.stdout.log
 create mode 100644 docs/implementation/intake/W15/module-readiness-2026-10-09/format-qa-06-13.stderr.log
 create mode 100644 docs/implementation/intake/W15/module-readiness-2026-10-09/format-qa-06-13.stdout.log
 create mode 100644 docs/implementation/intake/W15/module-readiness-2026-10-09/format-qa-06-2.stderr.log
 create mode 100644 docs/implementation/intake/W15/module-readiness-2026-10-09/format-qa-06-2.stdout.log
 create mode 100644 docs/implementation/intake/W15/module-readiness-2026-10-09/format-qa-06-3.stderr.log
 create mode 100644 docs/implementation/intake/W15/module-readiness-2026-10-09/format-qa-06-3.stdout.log
 create mode 100644 docs/implementation/intake/W15/module-readiness-2026-10-09/format-qa-06-4.stderr.log
 create mode 100644 docs/implementation/intake/W15/module-readiness-2026-10-09/format-qa-06-4.stdout.log
 create mode 100644 docs/implementation/intake/W15/module-readiness-2026-10-09/format-qa-06-5.stderr.log
 create mode 100644 docs/implementation/intake/W15/module-readiness-2026-10-09/format-qa-06-5.stdout.log
 create mode 100644 docs/implementation/intake/W15/module-readiness-2026-10-09/format-qa-06-6.stderr.log
 create mode 100644 docs/implementation/intake/W15/module-readiness-2026-10-09/format-qa-06-6.stdout.log
 create mode 100644 docs/implementation/intake/W15/module-readiness-2026-10-09/format-qa-06-7.stderr.log
 create mode 100644 docs/implementation/intake/W15/module-readiness-2026-10-09/format-qa-06-7.stdout.log
 create mode 100644 docs/implementation/intake/W15/module-readiness-2026-10-09/format-qa-06-8.stderr.log
 create mode 100644 docs/implementation/intake/W15/module-readiness-2026-10-09/format-qa-06-8.stdout.log
 create mode 100644 docs/implementation/intake/W15/module-readiness-2026-10-09/format-qa-06-9.stderr.log
 create mode 100644 docs/implementation/intake/W15/module-readiness-2026-10-09/format-qa-06-9.stdout.log
 create mode 100644 docs/implementation/intake/W15/module-readiness-2026-10-09/format-qa-06.process.json
 create mode 100644 docs/implementation/intake/W15/module-readiness-2026-10-09/format-sw-01-0.stderr.log
 create mode 100644 docs/implementation/intake/W15/module-readiness-2026-10-09/format-sw-01-0.stdout.log
 create mode 100644 docs/implementation/intake/W15/module-readiness-2026-10-09/format-sw-01-1.stderr.log
 create mode 100644 docs/implementation/intake/W15/module-readiness-2026-10-09/format-sw-01-1.stdout.log
 create mode 100644 docs/implementation/intake/W15/module-readiness-2026-10-09/format-sw-01.process.json
 create mode 100644 docs/implementation/intake/W15/module-readiness-2026-10-09/format-sw-02-0.stderr.log
 create mode 100644 docs/implementation/intake/W15/module-readiness-2026-10-09/format-sw-02-0.stdout.log
 create mode 100644 docs/implementation/intake/W15/module-readiness-2026-10-09/format-sw-02-1.stderr.log
 create mode 100644 docs/implementation/intake/W15/module-readiness-2026-10-09/format-sw-02-1.stdout.log
 create mode 100644 docs/implementation/intake/W15/module-readiness-2026-10-09/format-sw-02.process.json
 create mode 100644 docs/implementation/intake/W15/module-readiness-2026-10-09/full-support-input-01.json
 create mode 100644 docs/implementation/intake/W15/module-readiness-2026-10-09/full-sw-once-0.stderr.log
 create mode 100644 docs/implementation/intake/W15/module-readiness-2026-10-09/full-sw-once-0.stdout.log
 create mode 100644 docs/implementation/intake/W15/module-readiness-2026-10-09/full-sw-once.process.json
 create mode 100644 docs/implementation/intake/W15/module-readiness-2026-10-09/full-sw-support-fixed-0.stderr.log
 create mode 100644 docs/implementation/intake/W15/module-readiness-2026-10-09/full-sw-support-fixed-0.stdout.log
 create mode 100644 docs/implementation/intake/W15/module-readiness-2026-10-09/full-sw-support-fixed.process.json
 create mode 100644 docs/implementation/intake/W15/module-readiness-2026-10-09/guard-v1.py
 create mode 100644 docs/implementation/intake/W15/module-readiness-2026-10-09/handoff-final-01.junit.xml
 create mode 100644 docs/implementation/intake/W15/module-readiness-2026-10-09/handoff-final-01.process.json
 create mode 100644 docs/implementation/intake/W15/module-readiness-2026-10-09/handoff-final-01.stderr.log
 create mode 100644 docs/implementation/intake/W15/module-readiness-2026-10-09/handoff-final-01.stdout.log
 create mode 100644 docs/implementation/intake/W15/module-readiness-2026-10-09/handoff-green-01.junit.xml
 create mode 100644 docs/implementation/intake/W15/module-readiness-2026-10-09/handoff-green-01.process.json
 create mode 100644 docs/implementation/intake/W15/module-readiness-2026-10-09/handoff-green-01.stderr.log
 create mode 100644 docs/implementation/intake/W15/module-readiness-2026-10-09/handoff-green-01.stdout.log
 create mode 100644 docs/implementation/intake/W15/module-readiness-2026-10-09/handoff-green-02.junit.xml
 create mode 100644 docs/implementation/intake/W15/module-readiness-2026-10-09/handoff-green-02.process.json
 create mode 100644 docs/implementation/intake/W15/module-readiness-2026-10-09/handoff-green-02.stderr.log
 create mode 100644 docs/implementation/intake/W15/module-readiness-2026-10-09/handoff-green-02.stdout.log
 create mode 100644 docs/implementation/intake/W15/module-readiness-2026-10-09/handoff-red-01.junit.xml
 create mode 100644 docs/implementation/intake/W15/module-readiness-2026-10-09/handoff-red-01.process.json
 create mode 100644 docs/implementation/intake/W15/module-readiness-2026-10-09/handoff-red-01.stderr.log
 create mode 100644 docs/implementation/intake/W15/module-readiness-2026-10-09/handoff-red-01.stdout.log
 create mode 100644 docs/implementation/intake/W15/module-readiness-2026-10-09/handoff-scope-01.junit.xml
 create mode 100644 docs/implementation/intake/W15/module-readiness-2026-10-09/handoff-scope-01.process.json
 create mode 100644 docs/implementation/intake/W15/module-readiness-2026-10-09/handoff-scope-01.stderr.log
 create mode 100644 docs/implementation/intake/W15/module-readiness-2026-10-09/handoff-scope-01.stdout.log
 create mode 100644 docs/implementation/intake/W15/module-readiness-2026-10-09/iqs-publication/diff-check.process.json
 create mode 100644 docs/implementation/intake/W15/module-readiness-2026-10-09/iqs-publication/diff-check.stderr.log
 create mode 100644 docs/implementation/intake/W15/module-readiness-2026-10-09/iqs-publication/diff-check.stdout.log
 create mode 100644 docs/implementation/intake/W15/module-readiness-2026-10-09/iqs-publication/resume-selection-01.json
 create mode 100644 docs/implementation/intake/W15/module-readiness-2026-10-09/iqs-publication/resume-selection-02.json
 create mode 100644 docs/implementation/intake/W15/module-readiness-2026-10-09/iqs-publication/selected-before.json
 create mode 100644 docs/implementation/intake/W15/module-readiness-2026-10-09/isolation-guard-v2.py
 create mode 100644 docs/implementation/intake/W15/module-readiness-2026-10-09/query-input-counts-01.json
 create mode 100644 docs/implementation/intake/W15/module-readiness-2026-10-09/real-owner-metadata-input-01.json
 create mode 100644 docs/implementation/intake/W15/module-readiness-2026-10-09/source-preflight-02.json
 create mode 100644 docs/implementation/intake/W15/module-readiness-2026-10-09/source-publication/.gitignore-after-normal-hook
 create mode 100644 docs/implementation/intake/W15/module-readiness-2026-10-09/source-publication/StockQAbyLLM-commit-resume-01-before.json
 create mode 100644 docs/implementation/intake/W15/module-readiness-2026-10-09/source-publication/StockQAbyLLM-commit-resume-01.process.json
 create mode 100644 docs/implementation/intake/W15/module-readiness-2026-10-09/source-publication/StockQAbyLLM-commit-resume-01.stderr.log
 create mode 100644 docs/implementation/intake/W15/module-readiness-2026-10-09/source-publication/StockQAbyLLM-commit-resume-01.stdout.log
 create mode 100644 docs/implementation/intake/W15/module-readiness-2026-10-09/source-publication/StockQAbyLLM-commit-resume-02-before.json
 create mode 100644 docs/implementation/intake/W15/module-readiness-2026-10-09/source-publication/StockQAbyLLM-commit-resume-02-hook-EOL.json
 create mode 100644 docs/implementation/intake/W15/module-readiness-2026-10-09/source-publication/StockQAbyLLM-commit-resume-02.process.json
 create mode 100644 docs/implementation/intake/W15/module-readiness-2026-10-09/source-publication/StockQAbyLLM-commit-resume-02.stderr.log
 create mode 100644 docs/implementation/intake/W15/module-readiness-2026-10-09/source-publication/StockQAbyLLM-commit-resume-02.stdout.log
 create mode 100644 docs/implementation/intake/W15/module-readiness-2026-10-09/source-publication/StockQAbyLLM-commit-timeout-descendants.json
 create mode 100644 docs/implementation/intake/W15/module-readiness-2026-10-09/source-publication/StockQAbyLLM-diff-check.process.json
 create mode 100644 docs/implementation/intake/W15/module-readiness-2026-10-09/source-publication/StockQAbyLLM-diff-check.stderr.log
 create mode 100644 docs/implementation/intake/W15/module-readiness-2026-10-09/source-publication/StockQAbyLLM-diff-check.stdout.log
 create mode 100644 docs/implementation/intake/W15/module-readiness-2026-10-09/source-publication/StockQAbyLLM-push.process.json
 create mode 100644 docs/implementation/intake/W15/module-readiness-2026-10-09/source-publication/StockQAbyLLM-push.stderr.log
 create mode 100644 docs/implementation/intake/W15/module-readiness-2026-10-09/source-publication/StockQAbyLLM-push.stdout.log
 create mode 100644 docs/implementation/intake/W15/module-readiness-2026-10-09/source-publication/StockQAbyLLM-result.json
 create mode 100644 docs/implementation/intake/W15/module-readiness-2026-10-09/source-publication/StockQAbyLLM-staged-domains-resume-02.json
 create mode 100644 docs/implementation/intake/W15/module-readiness-2026-10-09/source-publication/StockQAbyLLM-staged-domains.json
 create mode 100644 docs/implementation/intake/W15/module-readiness-2026-10-09/source-publication/StockWiki-commit.process.json
 create mode 100644 docs/implementation/intake/W15/module-readiness-2026-10-09/source-publication/StockWiki-commit.stderr.log
 create mode 100644 docs/implementation/intake/W15/module-readiness-2026-10-09/source-publication/StockWiki-commit.stdout.log
 create mode 100644 docs/implementation/intake/W15/module-readiness-2026-10-09/source-publication/StockWiki-diff-check.process.json
 create mode 100644 docs/implementation/intake/W15/module-readiness-2026-10-09/source-publication/StockWiki-diff-check.stderr.log
 create mode 100644 docs/implementation/intake/W15/module-readiness-2026-10-09/source-publication/StockWiki-diff-check.stdout.log
 create mode 100644 docs/implementation/intake/W15/module-readiness-2026-10-09/source-publication/StockWiki-result.json
 create mode 100644 docs/implementation/intake/W15/module-readiness-2026-10-09/source-publication/StockWiki-staged-domains.json
 create mode 100644 docs/implementation/intake/W15/module-readiness-2026-10-09/source-publication/apply-preflight.json
 create mode 100644 docs/implementation/intake/W15/module-readiness-2026-10-09/source-publication/before-publication-01.json
 create mode 100644 docs/implementation/intake/W15/module-readiness-2026-10-09/source-publication/result.json
 create mode 100644 docs/implementation/intake/W15/module-readiness-2026-10-09/static-qa-01-0.stderr.log
 create mode 100644 docs/implementation/intake/W15/module-readiness-2026-10-09/static-qa-01-0.stdout.log
 create mode 100644 docs/implementation/intake/W15/module-readiness-2026-10-09/static-qa-01-1.stderr.log
 create mode 100644 docs/implementation/intake/W15/module-readiness-2026-10-09/static-qa-01-1.stdout.log
 create mode 100644 docs/implementation/intake/W15/module-readiness-2026-10-09/static-qa-01-2.stderr.log
 create mode 100644 docs/implementation/intake/W15/module-readiness-2026-10-09/static-qa-01-2.stdout.log
 create mode 100644 docs/implementation/intake/W15/module-readiness-2026-10-09/static-qa-01.process.json
 create mode 100644 docs/implementation/intake/W15/module-readiness-2026-10-09/static-qa-02-0.stderr.log
 create mode 100644 docs/implementation/intake/W15/module-readiness-2026-10-09/static-qa-02-0.stdout.log
 create mode 100644 docs/implementation/intake/W15/module-readiness-2026-10-09/static-qa-02-1.stderr.log
 create mode 100644 docs/implementation/intake/W15/module-readiness-2026-10-09/static-qa-02-1.stdout.log
 create mode 100644 docs/implementation/intake/W15/module-readiness-2026-10-09/static-qa-02-2.stderr.log
 create mode 100644 docs/implementation/intake/W15/module-readiness-2026-10-09/static-qa-02-2.stdout.log
 create mode 100644 docs/implementation/intake/W15/module-readiness-2026-10-09/static-qa-02-3.stderr.log
 create mode 100644 docs/implementation/intake/W15/module-readiness-2026-10-09/static-qa-02-3.stdout.log
 create mode 100644 docs/implementation/intake/W15/module-readiness-2026-10-09/static-qa-02.process.json
 create mode 100644 docs/implementation/intake/W15/module-readiness-2026-10-09/static-qa-03-0.stderr.log
 create mode 100644 docs/implementation/intake/W15/module-readiness-2026-10-09/static-qa-03-0.stdout.log
 create mode 100644 docs/implementation/intake/W15/module-readiness-2026-10-09/static-qa-03.process.json
 create mode 100644 docs/implementation/intake/W15/module-readiness-2026-10-09/static-qa-04-0.stderr.log
 create mode 100644 docs/implementation/intake/W15/module-readiness-2026-10-09/static-qa-04-0.stdout.log
 create mode 100644 docs/implementation/intake/W15/module-readiness-2026-10-09/static-qa-04-1.stderr.log
 create mode 100644 docs/implementation/intake/W15/module-readiness-2026-10-09/static-qa-04-1.stdout.log
 create mode 100644 docs/implementation/intake/W15/module-readiness-2026-10-09/static-qa-04-2.stderr.log
 create mode 100644 docs/implementation/intake/W15/module-readiness-2026-10-09/static-qa-04-2.stdout.log
 create mode 100644 docs/implementation/intake/W15/module-readiness-2026-10-09/static-qa-04-3.stderr.log
 create mode 100644 docs/implementation/intake/W15/module-readiness-2026-10-09/static-qa-04-3.stdout.log
 create mode 100644 docs/implementation/intake/W15/module-readiness-2026-10-09/static-qa-04.process.json
 create mode 100644 docs/implementation/intake/W15/module-readiness-2026-10-09/static-qa-05-0.stderr.log
 create mode 100644 docs/implementation/intake/W15/module-readiness-2026-10-09/static-qa-05-0.stdout.log
 create mode 100644 docs/implementation/intake/W15/module-readiness-2026-10-09/static-qa-05-1.stderr.log
 create mode 100644 docs/implementation/intake/W15/module-readiness-2026-10-09/static-qa-05-1.stdout.log
 create mode 100644 docs/implementation/intake/W15/module-readiness-2026-10-09/static-qa-05-2.stderr.log
 create mode 100644 docs/implementation/intake/W15/module-readiness-2026-10-09/static-qa-05-2.stdout.log
 create mode 100644 docs/implementation/intake/W15/module-readiness-2026-10-09/static-qa-05-3.stderr.log
 create mode 100644 docs/implementation/intake/W15/module-readiness-2026-10-09/static-qa-05-3.stdout.log
 create mode 100644 docs/implementation/intake/W15/module-readiness-2026-10-09/static-qa-05.process.json
 create mode 100644 docs/implementation/intake/W15/module-readiness-2026-10-09/static-sw-01-0.stderr.log
 create mode 100644 docs/implementation/intake/W15/module-readiness-2026-10-09/static-sw-01-0.stdout.log
 create mode 100644 docs/implementation/intake/W15/module-readiness-2026-10-09/static-sw-01.process.json
 create mode 100644 docs/implementation/intake/W15/module-readiness-2026-10-09/stockwiki-input-01.json
 create mode 100644 docs/implementation/intake/W15/module-readiness-2026-10-09/storage-cli-01.junit.xml
 create mode 100644 docs/implementation/intake/W15/module-readiness-2026-10-09/storage-cli-01.process.json
 create mode 100644 docs/implementation/intake/W15/module-readiness-2026-10-09/storage-cli-01.stderr.log
 create mode 100644 docs/implementation/intake/W15/module-readiness-2026-10-09/storage-cli-01.stdout.log
 create mode 100644 docs/implementation/intake/W15/module-readiness-2026-10-09/storage-cli-02.junit.xml
 create mode 100644 docs/implementation/intake/W15/module-readiness-2026-10-09/storage-cli-02.process.json
 create mode 100644 docs/implementation/intake/W15/module-readiness-2026-10-09/storage-cli-02.stderr.log
 create mode 100644 docs/implementation/intake/W15/module-readiness-2026-10-09/storage-cli-02.stdout.log
 create mode 100644 docs/implementation/intake/W15/module-readiness-2026-10-09/storage-cli-03.junit.xml
 create mode 100644 docs/implementation/intake/W15/module-readiness-2026-10-09/storage-cli-03.process.json
 create mode 100644 docs/implementation/intake/W15/module-readiness-2026-10-09/storage-cli-03.stderr.log
 create mode 100644 docs/implementation/intake/W15/module-readiness-2026-10-09/storage-cli-03.stdout.log
 create mode 100644 docs/implementation/intake/W15/module-readiness-2026-10-09/storage-cli-04.junit.xml
 create mode 100644 docs/implementation/intake/W15/module-readiness-2026-10-09/storage-cli-04.process.json
 create mode 100644 docs/implementation/intake/W15/module-readiness-2026-10-09/storage-cli-04.stderr.log
 create mode 100644 docs/implementation/intake/W15/module-readiness-2026-10-09/storage-cli-04.stdout.log
 create mode 100644 docs/implementation/intake/W15/module-readiness-2026-10-09/storage-cli-05.junit.xml
 create mode 100644 docs/implementation/intake/W15/module-readiness-2026-10-09/storage-cli-05.process.json
 create mode 100644 docs/implementation/intake/W15/module-readiness-2026-10-09/storage-cli-05.stderr.log
 create mode 100644 docs/implementation/intake/W15/module-readiness-2026-10-09/storage-cli-05.stdout.log
 create mode 100644 docs/implementation/intake/W15/module-readiness-2026-10-09/storage-cli-06.junit.xml
 create mode 100644 docs/implementation/intake/W15/module-readiness-2026-10-09/storage-cli-06.process.json
 create mode 100644 docs/implementation/intake/W15/module-readiness-2026-10-09/storage-cli-06.stderr.log
 create mode 100644 docs/implementation/intake/W15/module-readiness-2026-10-09/storage-cli-06.stdout.log
 create mode 100644 docs/implementation/intake/W15/module-readiness-2026-10-09/storage-current-07.junit.xml
 create mode 100644 docs/implementation/intake/W15/module-readiness-2026-10-09/storage-current-07.process.json
 create mode 100644 docs/implementation/intake/W15/module-readiness-2026-10-09/storage-current-07.stderr.log
 create mode 100644 docs/implementation/intake/W15/module-readiness-2026-10-09/storage-current-07.stdout.log
 create mode 100644 docs/implementation/intake/W15/module-readiness-2026-10-09/storage-final-08.junit.xml
 create mode 100644 docs/implementation/intake/W15/module-readiness-2026-10-09/storage-final-08.process.json
 create mode 100644 docs/implementation/intake/W15/module-readiness-2026-10-09/storage-final-08.stderr.log
 create mode 100644 docs/implementation/intake/W15/module-readiness-2026-10-09/storage-final-08.stdout.log
 create mode 100644 docs/implementation/intake/W15/module-readiness-2026-10-09/storage-final-09.junit.xml
 create mode 100644 docs/implementation/intake/W15/module-readiness-2026-10-09/storage-final-09.process.json
 create mode 100644 docs/implementation/intake/W15/module-readiness-2026-10-09/storage-final-09.stderr.log
 create mode 100644 docs/implementation/intake/W15/module-readiness-2026-10-09/storage-final-09.stdout.log
 create mode 100644 docs/implementation/intake/W15/module-readiness-2026-10-09/storage-green-01.junit.xml
 create mode 100644 docs/implementation/intake/W15/module-readiness-2026-10-09/storage-green-01.process.json
 create mode 100644 docs/implementation/intake/W15/module-readiness-2026-10-09/storage-green-01.stderr.log
 create mode 100644 docs/implementation/intake/W15/module-readiness-2026-10-09/storage-green-01.stdout.log
 create mode 100644 docs/implementation/intake/W15/module-readiness-2026-10-09/storage-green-02.junit.xml
 create mode 100644 docs/implementation/intake/W15/module-readiness-2026-10-09/storage-green-02.process.json
 create mode 100644 docs/implementation/intake/W15/module-readiness-2026-10-09/storage-green-02.stderr.log
 create mode 100644 docs/implementation/intake/W15/module-readiness-2026-10-09/storage-green-02.stdout.log
 create mode 100644 docs/implementation/intake/W15/module-readiness-2026-10-09/storage-owner-bridge-01.junit.xml
 create mode 100644 docs/implementation/intake/W15/module-readiness-2026-10-09/storage-owner-bridge-01.process.json
 create mode 100644 docs/implementation/intake/W15/module-readiness-2026-10-09/storage-owner-bridge-01.stderr.log
 create mode 100644 docs/implementation/intake/W15/module-readiness-2026-10-09/storage-owner-bridge-01.stdout.log
 create mode 100644 docs/implementation/intake/W15/module-readiness-2026-10-09/storage-owner-bridge-02.junit.xml
 create mode 100644 docs/implementation/intake/W15/module-readiness-2026-10-09/storage-owner-bridge-02.process.json
 create mode 100644 docs/implementation/intake/W15/module-readiness-2026-10-09/storage-owner-bridge-02.stderr.log
 create mode 100644 docs/implementation/intake/W15/module-readiness-2026-10-09/storage-owner-bridge-02.stdout.log
 create mode 100644 docs/implementation/intake/W15/module-readiness-2026-10-09/storage-profiles-final-10.junit.xml
 create mode 100644 docs/implementation/intake/W15/module-readiness-2026-10-09/storage-profiles-final-10.process.json
 create mode 100644 docs/implementation/intake/W15/module-readiness-2026-10-09/storage-profiles-final-10.stderr.log
 create mode 100644 docs/implementation/intake/W15/module-readiness-2026-10-09/storage-profiles-final-10.stdout.log
 create mode 100644 docs/implementation/intake/W15/module-readiness-2026-10-09/storage-profiles-final-11.junit.xml
 create mode 100644 docs/implementation/intake/W15/module-readiness-2026-10-09/storage-profiles-final-11.process.json
 create mode 100644 docs/implementation/intake/W15/module-readiness-2026-10-09/storage-profiles-final-11.stderr.log
 create mode 100644 docs/implementation/intake/W15/module-readiness-2026-10-09/storage-profiles-final-11.stdout.log
 create mode 100644 docs/implementation/intake/W15/module-readiness-2026-10-09/storage-red-01.junit.xml
 create mode 100644 docs/implementation/intake/W15/module-readiness-2026-10-09/storage-red-01.process.json
 create mode 100644 docs/implementation/intake/W15/module-readiness-2026-10-09/storage-red-01.stderr.log
 create mode 100644 docs/implementation/intake/W15/module-readiness-2026-10-09/storage-red-01.stdout.log
 create mode 100644 docs/implementation/intake/W15/module-readiness-2026-10-09/storage-red-02.junit.xml
 create mode 100644 docs/implementation/intake/W15/module-readiness-2026-10-09/storage-red-02.process.json
 create mode 100644 docs/implementation/intake/W15/module-readiness-2026-10-09/storage-red-02.stderr.log
 create mode 100644 docs/implementation/intake/W15/module-readiness-2026-10-09/storage-red-02.stdout.log
 create mode 100644 docs/implementation/intake/W15/module-readiness-2026-10-09/storage-red-03.junit.xml
 create mode 100644 docs/implementation/intake/W15/module-readiness-2026-10-09/storage-red-03.process.json
 create mode 100644 docs/implementation/intake/W15/module-readiness-2026-10-09/storage-red-03.stderr.log
 create mode 100644 docs/implementation/intake/W15/module-readiness-2026-10-09/storage-red-03.stdout.log
 create mode 100644 docs/implementation/intake/W15/module-readiness-2026-10-09/storage-refresh-green-01.junit.xml
 create mode 100644 docs/implementation/intake/W15/module-readiness-2026-10-09/storage-refresh-green-01.process.json
 create mode 100644 docs/implementation/intake/W15/module-readiness-2026-10-09/storage-refresh-green-01.stderr.log
 create mode 100644 docs/implementation/intake/W15/module-readiness-2026-10-09/storage-refresh-green-01.stdout.log
 create mode 100644 docs/implementation/intake/W15/module-readiness-2026-10-09/storage-refresh-red-01.junit.xml
 create mode 100644 docs/implementation/intake/W15/module-readiness-2026-10-09/storage-refresh-red-01.process.json
 create mode 100644 docs/implementation/intake/W15/module-readiness-2026-10-09/storage-refresh-red-01.stderr.log
 create mode 100644 docs/implementation/intake/W15/module-readiness-2026-10-09/storage-refresh-red-01.stdout.log
 create mode 100644 docs/implementation/intake/W15/module-readiness-2026-10-09/storage-refresh-red-02.junit.xml
 create mode 100644 docs/implementation/intake/W15/module-readiness-2026-10-09/storage-refresh-red-02.process.json
 create mode 100644 docs/implementation/intake/W15/module-readiness-2026-10-09/storage-refresh-red-02.stderr.log
 create mode 100644 docs/implementation/intake/W15/module-readiness-2026-10-09/storage-refresh-red-02.stdout.log
 create mode 100644 docs/implementation/intake/W15/module-readiness-2026-10-09/storage-wire-contract-01.junit.xml
 create mode 100644 docs/implementation/intake/W15/module-readiness-2026-10-09/storage-wire-contract-01.process.json
 create mode 100644 docs/implementation/intake/W15/module-readiness-2026-10-09/storage-wire-contract-01.stderr.log
 create mode 100644 docs/implementation/intake/W15/module-readiness-2026-10-09/storage-wire-contract-01.stdout.log
 create mode 100644 docs/implementation/reviews/W15/module-readiness-2026-10-09/baseline_qa.py
 create mode 100644 docs/implementation/reviews/W15/module-readiness-2026-10-09/build_wire_schemas.py
 create mode 100644 docs/implementation/reviews/W15/module-readiness-2026-10-09/c06-next.md
 create mode 100644 docs/implementation/reviews/W15/module-readiness-2026-10-09/cleanup.ps1
 create mode 100644 docs/implementation/reviews/W15/module-readiness-2026-10-09/delivery.md
 create mode 100644 docs/implementation/reviews/W15/module-readiness-2026-10-09/freeze_candidates.py
 create mode 100644 docs/implementation/reviews/W15/module-readiness-2026-10-09/inspect_hook_cache.py
 create mode 100644 docs/implementation/reviews/W15/module-readiness-2026-10-09/inspect_query_inputs.py
 create mode 100644 docs/implementation/reviews/W15/module-readiness-2026-10-09/operations.md
 create mode 100644 docs/implementation/reviews/W15/module-readiness-2026-10-09/plan.md
 create mode 100644 docs/implementation/reviews/W15/module-readiness-2026-10-09/prepare_cleanup.py
 create mode 100644 docs/implementation/reviews/W15/module-readiness-2026-10-09/prepare_full_support.py
 create mode 100644 docs/implementation/reviews/W15/module-readiness-2026-10-09/prepare_qa.py
 create mode 100644 docs/implementation/reviews/W15/module-readiness-2026-10-09/prepare_real_metadata.py
 create mode 100644 docs/implementation/reviews/W15/module-readiness-2026-10-09/produce_bundle.py
 create mode 100644 docs/implementation/reviews/W15/module-readiness-2026-10-09/publish_iqs.py
 create mode 100644 docs/implementation/reviews/W15/module-readiness-2026-10-09/publish_sources.py
 create mode 100644 docs/implementation/reviews/W15/module-readiness-2026-10-09/q13-binding-design.md
 create mode 100644 docs/implementation/reviews/W15/module-readiness-2026-10-09/resume_iqs.py
 create mode 100644 docs/implementation/reviews/W15/module-readiness-2026-10-09/resume_sources.py
 create mode 100644 docs/implementation/reviews/W15/module-readiness-2026-10-09/review/build_concentrated_recheck_02.py
 create mode 100644 docs/implementation/reviews/W15/module-readiness-2026-10-09/review/capacity-anchor-01.process.json
 create mode 100644 docs/implementation/reviews/W15/module-readiness-2026-10-09/review/capacity-anchor-01.stderr.log
 create mode 100644 docs/implementation/reviews/W15/module-readiness-2026-10-09/review/capacity-anchor-01.stdout.log
 create mode 100644 docs/implementation/reviews/W15/module-readiness-2026-10-09/review/capacity-anchor-02.process.json
 create mode 100644 docs/implementation/reviews/W15/module-readiness-2026-10-09/review/capacity-anchor-02.stderr.log
 create mode 100644 docs/implementation/reviews/W15/module-readiness-2026-10-09/review/capacity-anchor-02.stdout.log
 create mode 100644 docs/implementation/reviews/W15/module-readiness-2026-10-09/review/compare_published_profile_baseline.py
 create mode 100644 docs/implementation/reviews/W15/module-readiness-2026-10-09/review/concentrated-recheck-02.json
 create mode 100644 docs/implementation/reviews/W15/module-readiness-2026-10-09/review/concentrated-recheck-02.md
 create mode 100644 docs/implementation/reviews/W15/module-readiness-2026-10-09/review/concentrated-review-01.json
 create mode 100644 docs/implementation/reviews/W15/module-readiness-2026-10-09/review/concentrated-review-01.md
 create mode 100644 docs/implementation/reviews/W15/module-readiness-2026-10-09/review/frozen-candidate-02-verification.json
 create mode 100644 docs/implementation/reviews/W15/module-readiness-2026-10-09/review/full-sw-classification-01.md
 create mode 100644 docs/implementation/reviews/W15/module-readiness-2026-10-09/review/published-profile-baseline-01.json
 create mode 100644 docs/implementation/reviews/W15/module-readiness-2026-10-09/review/run_capacity_probe.py
 create mode 100644 docs/implementation/reviews/W15/module-readiness-2026-10-09/review/run_capacity_probe_02.py
 create mode 100644 docs/implementation/reviews/W15/module-readiness-2026-10-09/review/test_capacity_anchor.py
 create mode 100644 docs/implementation/reviews/W15/module-readiness-2026-10-09/review/verify_frozen_candidate_02.py
 create mode 100644 docs/implementation/reviews/W15/module-readiness-2026-10-09/run_checks.py
 create mode 100644 docs/implementation/reviews/W15/module-readiness-2026-10-09/static_checks.py
 create mode 100644 docs/implementation/reviews/W15/module-readiness-2026-10-09/stop_publication_timeout.ps1
 create mode 100644 docs/implementation/reviews/W15/module-readiness-2026-10-09/test_isolation_guard.py
 create mode 100644 docs/implementation/reviews/W15/module-readiness-2026-10-09/update_pwf_delivery.py
 create mode 100644 schemas/quick_scan/module-refresh.schema.json
 create mode 100644 schemas/quick_scan/route-store-cli.schema.json
 create mode 100644 schemas/quick_scan/route-store-validation.schema.json
 create mode 100644 scripts/route_store_handoff.py
 create mode 100644 tests/test_route_store_handoff.py
