warning: in the working copy of '.gitignore', LF will be replaced by CRLF the next time Git touches it
warning: in the working copy of 'src/config/quick_scan_search_policy.py', LF will be replaced by CRLF the next time Git touches it
warning: in the working copy of 'src/core/models.py', LF will be replaced by CRLF the next time Git touches it
warning: in the working copy of 'src/core/qa_engine.py', LF will be replaced by CRLF the next time Git touches it
warning: in the working copy of 'src/providers/async_llm_provider.py', LF will be replaced by CRLF the next time Git touches it
warning: in the working copy of 'src/providers/base_llm_provider.py', LF will be replaced by CRLF the next time Git touches it
warning: in the working copy of 'src/providers/external_search_parsers.py', LF will be replaced by CRLF the next time Git touches it
warning: in the working copy of 'src/providers/llm_client.py', LF will be replaced by CRLF the next time Git touches it
warning: in the working copy of 'src/providers/llm_provider.py', LF will be replaced by CRLF the next time Git touches it
warning: in the working copy of 'src/providers/model_resolution.py', LF will be replaced by CRLF the next time Git touches it
warning: in the working copy of 'src/providers/search_capability.py', LF will be replaced by CRLF the next time Git touches it
warning: in the working copy of 'src/runners/llm_runner.py', LF will be replaced by CRLF the next time Git touches it
warning: in the working copy of 'src/utils/http_client.py', LF will be replaced by CRLF the next time Git touches it
warning: in the working copy of 'src/utils/llm_integration.py', LF will be replaced by CRLF the next time Git touches it
warning: in the working copy of 'src/utils/quick_scan_c06_adapter.py', LF will be replaced by CRLF the next time Git touches it
warning: in the working copy of 'src/utils/quick_scan_cost_resolver.py', LF will be replaced by CRLF the next time Git touches it
warning: in the working copy of 'src/utils/quick_scan_evidence.py', LF will be replaced by CRLF the next time Git touches it
warning: in the working copy of 'src/utils/quick_scan_observation_context.py', LF will be replaced by CRLF the next time Git touches it
warning: in the working copy of 'src/utils/quick_scan_result_outbox.py', LF will be replaced by CRLF the next time Git touches it
warning: in the working copy of 'src/utils/quick_scan_work_store.py', LF will be replaced by CRLF the next time Git touches it
warning: in the working copy of 'src/utils/quick_scan_work_transport.py', LF will be replaced by CRLF the next time Git touches it
warning: in the working copy of 'tests/unit/test_model_resolution.py', LF will be replaced by CRLF the next time Git touches it
warning: in the working copy of 'tests/unit/test_qa_net01_c06_seal.py', LF will be replaced by CRLF the next time Git touches it
warning: in the working copy of 'tests/unit/test_qa_net01_search_boundary.py', LF will be replaced by CRLF the next time Git touches it
warning: in the working copy of 'tests/unit/test_quick_scan_budget.py', LF will be replaced by CRLF the next time Git touches it
warning: in the working copy of 'tests/unit/test_quick_scan_c06_complete_seal.py', LF will be replaced by CRLF the next time Git touches it
warning: in the working copy of 'tests/unit/test_quick_scan_work_store.py', LF will be replaced by CRLF the next time Git touches it
warning: in the working copy of 'docs/handoff/QA-NET-01/external-context-2026-10-09.md', LF will be replaced by CRLF the next time Git touches it
warning: in the working copy of 'src/config/quick_scan_model_resolution_v1_1.schema.json', LF will be replaced by CRLF the next time Git touches it
warning: in the working copy of 'src/config/quick_scan_search_policy_v1_1.schema.json', LF will be replaced by CRLF the next time Git touches it
warning: in the working copy of 'src/providers/external_search_provider.py', LF will be replaced by CRLF the next time Git touches it
warning: in the working copy of 'src/utils/quick_scan_external_context.py', LF will be replaced by CRLF the next time Git touches it
warning: in the working copy of 'src/utils/quick_scan_external_journal.py', LF will be replaced by CRLF the next time Git touches it
warning: in the working copy of 'src/utils/quick_scan_mcp_journal.py', LF will be replaced by CRLF the next time Git touches it
warning: in the working copy of 'tests/integration/test_external_context_cli_e2e.py', LF will be replaced by CRLF the next time Git touches it
warning: in the working copy of 'tests/unit/test_external_search_provider.py', LF will be replaced by CRLF the next time Git touches it
warning: in the working copy of 'tests/unit/test_quick_scan_external_context.py', LF will be replaced by CRLF the next time Git touches it
warning: in the working copy of 'tests/unit/test_quick_scan_mcp.py', LF will be replaced by CRLF the next time Git touches it
