=== QA-NET-01 static gates (2026-10-07T11:05:40Z) baseline=0f8fbfa ===
--- mypy src ---
Success: no issues found in 55 source files
--- black --check (package files) ---
All done! ✨ 🍰 ✨
27 files would be left unchanged.
--- isort --check ---
isort_exit=0
--- pylint src/ --fail-under=9.0 ---

------------------------------------------------------------------
Your code has been rated at 9.34/10 (previous run: 9.34/10, +0.00)

--- bandit -r src/ -f screen -ll ---
[main]	INFO	profile include tests: None
[main]	INFO	profile exclude tests: None
[main]	INFO	cli include tests: None
[main]	INFO	cli exclude tests: None
Test results:
	No issues identified.

Code scanned:
	Total lines of code: 15443
	Total lines skipped (#nosec): 0

Run metrics:
	Total issues (by severity):
		Undefined: 0
		Low: 0
		Medium: 0
		High: 0
	Total issues (by confidence):
		Undefined: 0
		Low: 0
		Medium: 0
		High: 0
Files skipped (0):
--- scripts/checks.py --full ---
see GREEN_checks_full.log (962 passed, steps black,isort,mypy,bandit,pytest,smoke)
