trim trailing whitespace.................................................Passed
fix end of files.........................................................Passed
check yaml...........................................(no files to check)Skipped
check for added large files..............................................Passed
check for merge conflicts................................................Passed
check toml...........................................(no files to check)Skipped
check json...............................................................Passed
check for case conflicts.................................................Passed
debug statements (python)................................................Passed
mixed line ending........................................................Failed
- hook id: mixed-line-ending
- exit code: 1

src/utils/llm_integration.py: fixed mixed line endings
src/runners/llm_runner.py: fixed mixed line endings
src/providers/llm_client.py: fixed mixed line endings
.gitignore: fixed mixed line endings
src/providers/async_llm_provider.py: fixed mixed line endings
tests/integration/test_qa_c06_02_subprocess_cli.py: fixed mixed line endings
src/utils/quick_scan_work_transport.py: fixed mixed line endings
tests/unit/test_quick_scan_c06_complete_seal.py: fixed mixed line endings
src/providers/base_llm_provider.py: fixed mixed line endings
src/utils/quick_scan_work_store.py: fixed mixed line endings
src/providers/llm_provider.py: fixed mixed line endings

black....................................................................Passed
isort....................................................................Passed
mypy.....................................................................Passed
Detect secrets...........................................................Passed
