F..........FFFFFFFFFFFFFF                                                [100%]
================================== FAILURES ===================================
___ test_v11_frozen_plan_is_valid_but_does_not_claim_an_unwired_dispatcher ____

tmp_path = WindowsPath('C:/Users/郑曾波/Projects/invest-quick-scan/runs/n111a/tmp/execution-policy-red-01/test_v11_frozen_plan_is_valid_0')
monkeypatch = <_pytest.monkeypatch.MonkeyPatch object at 0x00000274A302DF30>

    def test_v11_frozen_plan_is_valid_but_does_not_claim_an_unwired_dispatcher(tmp_path, monkeypatch):
>       from src.config.quick_scan_search_policy import execution_query_plans, policy_receipt
E       ImportError: cannot import name 'execution_query_plans' from 'src.config.quick_scan_search_policy' (C:\Users\郑曾波\Projects\invest-quick-scan\runs\n111a\qa\src\config\quick_scan_search_policy.py)

tests\unit\test_quick_scan_external_context.py:446: ImportError
_ test_v11_route_without_provable_price_or_protocol_is_not_admitted[<lambda>0] _

tmp_path = WindowsPath('C:/Users/郑曾波/Projects/invest-quick-scan/runs/n111a/tmp/execution-policy-red-01/test_v11_route_without_provabl0')
monkeypatch = <_pytest.monkeypatch.MonkeyPatch object at 0x00000274A306DF30>
mutation = <function <lambda> at 0x00000274A30D47C0>

    @pytest.mark.parametrize("mutation", [
        lambda d: d["external_routes"][0]["metering"].update(source_ref="   "),
        lambda d: d["external_routes"][0]["metering"].update(pricing_ref="   "),
        lambda d: d["external_routes"][0]["pricing"].update(unit_cost_micros=None),
        lambda d: d["external_routes"][0].update(endpoint="https://another.example/search"),
    ])
    def test_v11_route_without_provable_price_or_protocol_is_not_admitted(tmp_path, monkeypatch, mutation):
>       policy = _execution_policy(tmp_path, monkeypatch, mutation)
                 ^^^^^^^^^^^^^^^^^^^^^^^^^^^^^^^^^^^^^^^^^^^^^^^^^^

tests\unit\test_quick_scan_external_context.py:485: 
_ _ _ _ _ _ _ _ _ _ _ _ _ _ _ _ _ _ _ _ _ _ _ _ _ _ _ _ _ _ _ _ _ _ _ _ _ _ _ _
tests\unit\test_quick_scan_external_context.py:442: in _execution_policy
    return load_search_policy(path)
           ^^^^^^^^^^^^^^^^^^^^^^^^
src\config\quick_scan_search_policy.py:293: in load_search_policy
    _validate_shape(document)
src\config\quick_scan_search_policy.py:112: in _validate_shape
    _require(set(document) <= required | {"source_reference"}, "policy_field_set")
_ _ _ _ _ _ _ _ _ _ _ _ _ _ _ _ _ _ _ _ _ _ _ _ _ _ _ _ _ _ _ _ _ _ _ _ _ _ _ _

condition = False, reason = 'policy_field_set'

    def _require(condition: bool, reason: str) -> None:
        if not condition:
>           raise SearchPolicyRejected(reason)
E           src.config.quick_scan_search_policy.SearchPolicyRejected: policy_field_set

src\config\quick_scan_search_policy.py:47: SearchPolicyRejected
_ test_v11_route_without_provable_price_or_protocol_is_not_admitted[<lambda>1] _

tmp_path = WindowsPath('C:/Users/郑曾波/Projects/invest-quick-scan/runs/n111a/tmp/execution-policy-red-01/test_v11_route_without_provabl1')
monkeypatch = <_pytest.monkeypatch.MonkeyPatch object at 0x00000274A1D9E690>
mutation = <function <lambda> at 0x00000274A30D4860>

    @pytest.mark.parametrize("mutation", [
        lambda d: d["external_routes"][0]["metering"].update(source_ref="   "),
        lambda d: d["external_routes"][0]["metering"].update(pricing_ref="   "),
        lambda d: d["external_routes"][0]["pricing"].update(unit_cost_micros=None),
        lambda d: d["external_routes"][0].update(endpoint="https://another.example/search"),
    ])
    def test_v11_route_without_provable_price_or_protocol_is_not_admitted(tmp_path, monkeypatch, mutation):
>       policy = _execution_policy(tmp_path, monkeypatch, mutation)
                 ^^^^^^^^^^^^^^^^^^^^^^^^^^^^^^^^^^^^^^^^^^^^^^^^^^

tests\unit\test_quick_scan_external_context.py:485: 
_ _ _ _ _ _ _ _ _ _ _ _ _ _ _ _ _ _ _ _ _ _ _ _ _ _ _ _ _ _ _ _ _ _ _ _ _ _ _ _
tests\unit\test_quick_scan_external_context.py:442: in _execution_policy
    return load_search_policy(path)
           ^^^^^^^^^^^^^^^^^^^^^^^^
src\config\quick_scan_search_policy.py:293: in load_search_policy
    _validate_shape(document)
src\config\quick_scan_search_policy.py:112: in _validate_shape
    _require(set(document) <= required | {"source_reference"}, "policy_field_set")
_ _ _ _ _ _ _ _ _ _ _ _ _ _ _ _ _ _ _ _ _ _ _ _ _ _ _ _ _ _ _ _ _ _ _ _ _ _ _ _

condition = False, reason = 'policy_field_set'

    def _require(condition: bool, reason: str) -> None:
        if not condition:
>           raise SearchPolicyRejected(reason)
E           src.config.quick_scan_search_policy.SearchPolicyRejected: policy_field_set

src\config\quick_scan_search_policy.py:47: SearchPolicyRejected
_ test_v11_route_without_provable_price_or_protocol_is_not_admitted[<lambda>2] _

tmp_path = WindowsPath('C:/Users/郑曾波/Projects/invest-quick-scan/runs/n111a/tmp/execution-policy-red-01/test_v11_route_without_provabl2')
monkeypatch = <_pytest.monkeypatch.MonkeyPatch object at 0x00000274A3C71E50>
mutation = <function <lambda> at 0x00000274A30D4900>

    @pytest.mark.parametrize("mutation", [
        lambda d: d["external_routes"][0]["metering"].update(source_ref="   "),
        lambda d: d["external_routes"][0]["metering"].update(pricing_ref="   "),
        lambda d: d["external_routes"][0]["pricing"].update(unit_cost_micros=None),
        lambda d: d["external_routes"][0].update(endpoint="https://another.example/search"),
    ])
    def test_v11_route_without_provable_price_or_protocol_is_not_admitted(tmp_path, monkeypatch, mutation):
>       policy = _execution_policy(tmp_path, monkeypatch, mutation)
                 ^^^^^^^^^^^^^^^^^^^^^^^^^^^^^^^^^^^^^^^^^^^^^^^^^^

tests\unit\test_quick_scan_external_context.py:485: 
_ _ _ _ _ _ _ _ _ _ _ _ _ _ _ _ _ _ _ _ _ _ _ _ _ _ _ _ _ _ _ _ _ _ _ _ _ _ _ _
tests\unit\test_quick_scan_external_context.py:442: in _execution_policy
    return load_search_policy(path)
           ^^^^^^^^^^^^^^^^^^^^^^^^
src\config\quick_scan_search_policy.py:293: in load_search_policy
    _validate_shape(document)
src\config\quick_scan_search_policy.py:112: in _validate_shape
    _require(set(document) <= required | {"source_reference"}, "policy_field_set")
_ _ _ _ _ _ _ _ _ _ _ _ _ _ _ _ _ _ _ _ _ _ _ _ _ _ _ _ _ _ _ _ _ _ _ _ _ _ _ _

condition = False, reason = 'policy_field_set'

    def _require(condition: bool, reason: str) -> None:
        if not condition:
>           raise SearchPolicyRejected(reason)
E           src.config.quick_scan_search_policy.SearchPolicyRejected: policy_field_set

src\config\quick_scan_search_policy.py:47: SearchPolicyRejected
_ test_v11_route_without_provable_price_or_protocol_is_not_admitted[<lambda>3] _

tmp_path = WindowsPath('C:/Users/郑曾波/Projects/invest-quick-scan/runs/n111a/tmp/execution-policy-red-01/test_v11_route_without_provabl3')
monkeypatch = <_pytest.monkeypatch.MonkeyPatch object at 0x00000274A3BD07E0>
mutation = <function <lambda> at 0x00000274A30D49A0>

    @pytest.mark.parametrize("mutation", [
        lambda d: d["external_routes"][0]["metering"].update(source_ref="   "),
        lambda d: d["external_routes"][0]["metering"].update(pricing_ref="   "),
        lambda d: d["external_routes"][0]["pricing"].update(unit_cost_micros=None),
        lambda d: d["external_routes"][0].update(endpoint="https://another.example/search"),
    ])
    def test_v11_route_without_provable_price_or_protocol_is_not_admitted(tmp_path, monkeypatch, mutation):
>       policy = _execution_policy(tmp_path, monkeypatch, mutation)
                 ^^^^^^^^^^^^^^^^^^^^^^^^^^^^^^^^^^^^^^^^^^^^^^^^^^

tests\unit\test_quick_scan_external_context.py:485: 
_ _ _ _ _ _ _ _ _ _ _ _ _ _ _ _ _ _ _ _ _ _ _ _ _ _ _ _ _ _ _ _ _ _ _ _ _ _ _ _
tests\unit\test_quick_scan_external_context.py:442: in _execution_policy
    return load_search_policy(path)
           ^^^^^^^^^^^^^^^^^^^^^^^^
src\config\quick_scan_search_policy.py:293: in load_search_policy
    _validate_shape(document)
src\config\quick_scan_search_policy.py:112: in _validate_shape
    _require(set(document) <= required | {"source_reference"}, "policy_field_set")
_ _ _ _ _ _ _ _ _ _ _ _ _ _ _ _ _ _ _ _ _ _ _ _ _ _ _ _ _ _ _ _ _ _ _ _ _ _ _ _

condition = False, reason = 'policy_field_set'

    def _require(condition: bool, reason: str) -> None:
        if not condition:
>           raise SearchPolicyRejected(reason)
E           src.config.quick_scan_search_policy.SearchPolicyRejected: policy_field_set

src\config\quick_scan_search_policy.py:47: SearchPolicyRejected
____ test_shared_budget_adds_search_without_mutating_answer_model_priority ____

tmp_path = WindowsPath('C:/Users/郑曾波/Projects/invest-quick-scan/runs/n111a/tmp/execution-policy-red-01/test_shared_budget_adds_search0')
monkeypatch = <_pytest.monkeypatch.MonkeyPatch object at 0x00000274A3BD1020>

    def test_shared_budget_adds_search_without_mutating_answer_model_priority(tmp_path, monkeypatch):
>       from src.utils.quick_scan_external_context import build_shared_external_budget_policy
E       ModuleNotFoundError: No module named 'src.utils.quick_scan_external_context'

tests\unit\test_quick_scan_external_context.py:490: ModuleNotFoundError
__ test_shared_budget_refuses_id_currency_cost_or_group_ambiguity[<lambda>0] __

tmp_path = WindowsPath('C:/Users/郑曾波/Projects/invest-quick-scan/runs/n111a/tmp/execution-policy-red-01/test_shared_budget_refuses_id_0')
monkeypatch = <_pytest.monkeypatch.MonkeyPatch object at 0x00000274A30CACB0>
mutation = <function <lambda> at 0x00000274A30D4B80>

    @pytest.mark.parametrize("mutation", [
        lambda m: m["routes"][0].update(id="brave-primary"),
        lambda m: m["budget"].update(currency="CNY"),
        lambda m: m["budget"].update(max_cost_per_attempt=0.001),
        lambda m: m["quota_groups"].append({"id": "search-brave", "max_in_flight": 1}),
    ])
    def test_shared_budget_refuses_id_currency_cost_or_group_ambiguity(tmp_path, monkeypatch, mutation):
>       from src.utils.quick_scan_external_context import build_shared_external_budget_policy
E       ModuleNotFoundError: No module named 'src.utils.quick_scan_external_context'

tests\unit\test_quick_scan_external_context.py:513: ModuleNotFoundError
__ test_shared_budget_refuses_id_currency_cost_or_group_ambiguity[<lambda>1] __

tmp_path = WindowsPath('C:/Users/郑曾波/Projects/invest-quick-scan/runs/n111a/tmp/execution-policy-red-01/test_shared_budget_refuses_id_1')
monkeypatch = <_pytest.monkeypatch.MonkeyPatch object at 0x00000274A30CB1B0>
mutation = <function <lambda> at 0x00000274A30D4C20>

    @pytest.mark.parametrize("mutation", [
        lambda m: m["routes"][0].update(id="brave-primary"),
        lambda m: m["budget"].update(currency="CNY"),
        lambda m: m["budget"].update(max_cost_per_attempt=0.001),
        lambda m: m["quota_groups"].append({"id": "search-brave", "max_in_flight": 1}),
    ])
    def test_shared_budget_refuses_id_currency_cost_or_group_ambiguity(tmp_path, monkeypatch, mutation):
>       from src.utils.quick_scan_external_context import build_shared_external_budget_policy
E       ModuleNotFoundError: No module named 'src.utils.quick_scan_external_context'

tests\unit\test_quick_scan_external_context.py:513: ModuleNotFoundError
__ test_shared_budget_refuses_id_currency_cost_or_group_ambiguity[<lambda>2] __

tmp_path = WindowsPath('C:/Users/郑曾波/Projects/invest-quick-scan/runs/n111a/tmp/execution-policy-red-01/test_shared_budget_refuses_id_2')
monkeypatch = <_pytest.monkeypatch.MonkeyPatch object at 0x00000274A3C2E4E0>
mutation = <function <lambda> at 0x00000274A30D4CC0>

    @pytest.mark.parametrize("mutation", [
        lambda m: m["routes"][0].update(id="brave-primary"),
        lambda m: m["budget"].update(currency="CNY"),
        lambda m: m["budget"].update(max_cost_per_attempt=0.001),
        lambda m: m["quota_groups"].append({"id": "search-brave", "max_in_flight": 1}),
    ])
    def test_shared_budget_refuses_id_currency_cost_or_group_ambiguity(tmp_path, monkeypatch, mutation):
>       from src.utils.quick_scan_external_context import build_shared_external_budget_policy
E       ModuleNotFoundError: No module named 'src.utils.quick_scan_external_context'

tests\unit\test_quick_scan_external_context.py:513: ModuleNotFoundError
__ test_shared_budget_refuses_id_currency_cost_or_group_ambiguity[<lambda>3] __

tmp_path = WindowsPath('C:/Users/郑曾波/Projects/invest-quick-scan/runs/n111a/tmp/execution-policy-red-01/test_shared_budget_refuses_id_3')
monkeypatch = <_pytest.monkeypatch.MonkeyPatch object at 0x00000274A36FA350>
mutation = <function <lambda> at 0x00000274A30D4D60>

    @pytest.mark.parametrize("mutation", [
        lambda m: m["routes"][0].update(id="brave-primary"),
        lambda m: m["budget"].update(currency="CNY"),
        lambda m: m["budget"].update(max_cost_per_attempt=0.001),
        lambda m: m["quota_groups"].append({"id": "search-brave", "max_in_flight": 1}),
    ])
    def test_shared_budget_refuses_id_currency_cost_or_group_ambiguity(tmp_path, monkeypatch, mutation):
>       from src.utils.quick_scan_external_context import build_shared_external_budget_policy
E       ModuleNotFoundError: No module named 'src.utils.quick_scan_external_context'

tests\unit\test_quick_scan_external_context.py:513: ModuleNotFoundError
___ test_policy_mutation_after_admission_cannot_change_execution_or_prices ____

tmp_path = WindowsPath('C:/Users/郑曾波/Projects/invest-quick-scan/runs/n111a/tmp/execution-policy-red-01/test_policy_mutation_after_adm0')
monkeypatch = <_pytest.monkeypatch.MonkeyPatch object at 0x00000274A36F8450>

    def test_policy_mutation_after_admission_cannot_change_execution_or_prices(tmp_path, monkeypatch):
>       from src.config.quick_scan_search_policy import execution_query_plans
E       ImportError: cannot import name 'execution_query_plans' from 'src.config.quick_scan_search_policy' (C:\Users\郑曾波\Projects\invest-quick-scan\runs\n111a\qa\src\config\quick_scan_search_policy.py)

tests\unit\test_quick_scan_external_context.py:523: ImportError
______ test_all_http_requests_price_keeps_rejected_request_cost_nonzero _______

tmp_path = WindowsPath('C:/Users/郑曾波/Projects/invest-quick-scan/runs/n111a/tmp/execution-policy-red-01/test_all_http_requests_price_k0')
monkeypatch = <_pytest.monkeypatch.MonkeyPatch object at 0x00000274A3AE55C0>

    def test_all_http_requests_price_keeps_rejected_request_cost_nonzero(tmp_path, monkeypatch):
>       from src.utils.quick_scan_cost_resolver import ExternalSearchCostResolver
E       ImportError: cannot import name 'ExternalSearchCostResolver' from 'src.utils.quick_scan_cost_resolver' (C:\Users\郑曾波\Projects\invest-quick-scan\runs\n111a\qa\src\utils\quick_scan_cost_resolver.py)

tests\unit\test_quick_scan_external_context.py:536: ImportError
_ test_success_only_pricing_needs_explicit_rejected_charge_and_received_result _

tmp_path = WindowsPath('C:/Users/郑曾波/Projects/invest-quick-scan/runs/n111a/tmp/execution-policy-red-01/test_success_only_pricing_need0')
monkeypatch = <_pytest.monkeypatch.MonkeyPatch object at 0x00000274A3AE6040>

    def test_success_only_pricing_needs_explicit_rejected_charge_and_received_result(tmp_path, monkeypatch):
>       from src.utils.quick_scan_cost_resolver import ExternalSearchCostResolver
E       ImportError: cannot import name 'ExternalSearchCostResolver' from 'src.utils.quick_scan_cost_resolver' (C:\Users\郑曾波\Projects\invest-quick-scan\runs\n111a\qa\src\utils\quick_scan_cost_resolver.py)

tests\unit\test_quick_scan_external_context.py:546: ImportError
___ test_provider_usage_pricing_uses_only_observed_units_and_exact_decimals ___

tmp_path = WindowsPath('C:/Users/郑曾波/Projects/invest-quick-scan/runs/n111a/tmp/execution-policy-red-01/test_provider_usage_pricing_us0')
monkeypatch = <_pytest.monkeypatch.MonkeyPatch object at 0x00000274A3AE5860>

    def test_provider_usage_pricing_uses_only_observed_units_and_exact_decimals(tmp_path, monkeypatch):
>       from src.utils.quick_scan_cost_resolver import ExternalSearchCostResolver
E       ImportError: cannot import name 'ExternalSearchCostResolver' from 'src.utils.quick_scan_cost_resolver' (C:\Users\郑曾波\Projects\invest-quick-scan\runs\n111a\qa\src\utils\quick_scan_cost_resolver.py)

tests\unit\test_quick_scan_external_context.py:563: ImportError
___ test_v11_search_and_answer_reservations_use_the_same_real_budget_ledger ___

tmp_path = WindowsPath('C:/Users/郑曾波/Projects/invest-quick-scan/runs/n111a/tmp/execution-policy-red-01/test_v11_search_and_answer_res0')
monkeypatch = <_pytest.monkeypatch.MonkeyPatch object at 0x00000274A3AE6C80>

    def test_v11_search_and_answer_reservations_use_the_same_real_budget_ledger(tmp_path, monkeypatch):
>       from src.config.quick_scan_search_policy import execution_query_plans
E       ImportError: cannot import name 'execution_query_plans' from 'src.config.quick_scan_search_policy' (C:\Users\郑曾波\Projects\invest-quick-scan\runs\n111a\qa\src\config\quick_scan_search_policy.py)

tests\unit\test_quick_scan_external_context.py:577: ImportError
=========================== short test summary info ===========================
FAILED tests/unit/test_quick_scan_external_context.py::test_v11_frozen_plan_is_valid_but_does_not_claim_an_unwired_dispatcher
FAILED tests/unit/test_quick_scan_external_context.py::test_v11_route_without_provable_price_or_protocol_is_not_admitted[<lambda>0]
FAILED tests/unit/test_quick_scan_external_context.py::test_v11_route_without_provable_price_or_protocol_is_not_admitted[<lambda>1]
FAILED tests/unit/test_quick_scan_external_context.py::test_v11_route_without_provable_price_or_protocol_is_not_admitted[<lambda>2]
FAILED tests/unit/test_quick_scan_external_context.py::test_v11_route_without_provable_price_or_protocol_is_not_admitted[<lambda>3]
FAILED tests/unit/test_quick_scan_external_context.py::test_shared_budget_adds_search_without_mutating_answer_model_priority
FAILED tests/unit/test_quick_scan_external_context.py::test_shared_budget_refuses_id_currency_cost_or_group_ambiguity[<lambda>0]
FAILED tests/unit/test_quick_scan_external_context.py::test_shared_budget_refuses_id_currency_cost_or_group_ambiguity[<lambda>1]
FAILED tests/unit/test_quick_scan_external_context.py::test_shared_budget_refuses_id_currency_cost_or_group_ambiguity[<lambda>2]
FAILED tests/unit/test_quick_scan_external_context.py::test_shared_budget_refuses_id_currency_cost_or_group_ambiguity[<lambda>3]
FAILED tests/unit/test_quick_scan_external_context.py::test_policy_mutation_after_admission_cannot_change_execution_or_prices
FAILED tests/unit/test_quick_scan_external_context.py::test_all_http_requests_price_keeps_rejected_request_cost_nonzero
FAILED tests/unit/test_quick_scan_external_context.py::test_success_only_pricing_needs_explicit_rejected_charge_and_received_result
FAILED tests/unit/test_quick_scan_external_context.py::test_provider_usage_pricing_uses_only_observed_units_and_exact_decimals
FAILED tests/unit/test_quick_scan_external_context.py::test_v11_search_and_answer_reservations_use_the_same_real_budget_ledger
15 failed, 10 passed, 39 deselected in 2.15s
