----------------------------------------
Exception occurred during processing of request from ('127.0.0.1', 64929)
Traceback (most recent call last):
  File "C:\Users\郑曾波\Projects\invest-quick-scan\runs\sw-repair-remediation-2026-10-08-01\runtime\stockwiki\ui.py", line 240, in do_POST
    self._send_json(build_quick_scan_search(paths, body))
    ~~~~~~~~~~~~~~~^^^^^^^^^^^^^^^^^^^^^^^^^^^^^^^^^^^^^^
  File "C:\Users\郑曾波\Projects\invest-quick-scan\runs\sw-repair-remediation-2026-10-08-01\runtime\stockwiki\ui.py", line 263, in _send_json
    self.wfile.write(raw)
    ~~~~~~~~~~~~~~~~^^^^^
  File "C:\Miniconda\Lib\socketserver.py", line 845, in write
    self._sock.sendall(b)
    ~~~~~~~~~~~~~~~~~~^^^
ConnectionAbortedError: [WinError 10053] 你的主机中的软件中止了一个已建立的连接。

During handling of the above exception, another exception occurred:

Traceback (most recent call last):
  File "C:\Miniconda\Lib\socketserver.py", line 697, in process_request_thread
    self.finish_request(request, client_address)
    ~~~~~~~~~~~~~~~~~~~^^^^^^^^^^^^^^^^^^^^^^^^^
  File "C:\Miniconda\Lib\socketserver.py", line 362, in finish_request
    self.RequestHandlerClass(request, client_address, self)
    ~~~~~~~~~~~~~~~~~~~~~~~~^^^^^^^^^^^^^^^^^^^^^^^^^^^^^^^
  File "C:\Miniconda\Lib\socketserver.py", line 766, in __init__
    self.handle()
    ~~~~~~~~~~~^^
  File "C:\Miniconda\Lib\http\server.py", line 436, in handle
    self.handle_one_request()
    ~~~~~~~~~~~~~~~~~~~~~~~^^
  File "C:\Miniconda\Lib\http\server.py", line 424, in handle_one_request
    method()
    ~~~~~~^^
  File "C:\Users\郑曾波\Projects\invest-quick-scan\runs\sw-repair-remediation-2026-10-08-01\runtime\stockwiki\ui.py", line 244, in do_POST
    self._send_json({"error": str(exc)}, status=400)
    ~~~~~~~~~~~~~~~^^^^^^^^^^^^^^^^^^^^^^^^^^^^^^^^^
  File "C:\Users\郑曾波\Projects\invest-quick-scan\runs\sw-repair-remediation-2026-10-08-01\runtime\stockwiki\ui.py", line 262, in _send_json
    self.end_headers()
    ~~~~~~~~~~~~~~~~^^
  File "C:\Miniconda\Lib\http\server.py", line 538, in end_headers
    self.flush_headers()
    ~~~~~~~~~~~~~~~~~~^^
  File "C:\Miniconda\Lib\http\server.py", line 542, in flush_headers
    self.wfile.write(b"".join(self._headers_buffer))
    ~~~~~~~~~~~~~~~~^^^^^^^^^^^^^^^^^^^^^^^^^^^^^^^^
  File "C:\Miniconda\Lib\socketserver.py", line 845, in write
    self._sock.sendall(b)
    ~~~~~~~~~~~~~~~~~~^^^
ConnectionAbortedError: [WinError 10053] 你的主机中的软件中止了一个已建立的连接。
----------------------------------------
----------------------------------------
Exception occurred during processing of request from ('127.0.0.1', 62976)
Traceback (most recent call last):
  File "C:\Users\郑曾波\Projects\invest-quick-scan\runs\sw-repair-remediation-2026-10-08-01\runtime\stockwiki\ui.py", line 240, in do_POST
    self._send_json(build_quick_scan_search(paths, body))
    ~~~~~~~~~~~~~~~^^^^^^^^^^^^^^^^^^^^^^^^^^^^^^^^^^^^^^
  File "C:\Users\郑曾波\Projects\invest-quick-scan\runs\sw-repair-remediation-2026-10-08-01\runtime\stockwiki\ui.py", line 263, in _send_json
    self.wfile.write(raw)
    ~~~~~~~~~~~~~~~~^^^^^
  File "C:\Miniconda\Lib\socketserver.py", line 845, in write
    self._sock.sendall(b)
    ~~~~~~~~~~~~~~~~~~^^^
ConnectionAbortedError: [WinError 10053] 你的主机中的软件中止了一个已建立的连接。

During handling of the above exception, another exception occurred:

Traceback (most recent call last):
  File "C:\Miniconda\Lib\socketserver.py", line 697, in process_request_thread
    self.finish_request(request, client_address)
    ~~~~~~~~~~~~~~~~~~~^^^^^^^^^^^^^^^^^^^^^^^^^
  File "C:\Miniconda\Lib\socketserver.py", line 362, in finish_request
    self.RequestHandlerClass(request, client_address, self)
    ~~~~~~~~~~~~~~~~~~~~~~~~^^^^^^^^^^^^^^^^^^^^^^^^^^^^^^^
  File "C:\Miniconda\Lib\socketserver.py", line 766, in __init__
    self.handle()
    ~~~~~~~~~~~^^
  File "C:\Miniconda\Lib\http\server.py", line 436, in handle
    self.handle_one_request()
    ~~~~~~~~~~~~~~~~~~~~~~~^^
  File "C:\Miniconda\Lib\http\server.py", line 424, in handle_one_request
    method()
    ~~~~~~^^
  File "C:\Users\郑曾波\Projects\invest-quick-scan\runs\sw-repair-remediation-2026-10-08-01\runtime\stockwiki\ui.py", line 244, in do_POST
    self._send_json({"error": str(exc)}, status=400)
    ~~~~~~~~~~~~~~~^^^^^^^^^^^^^^^^^^^^^^^^^^^^^^^^^
  File "C:\Users\郑曾波\Projects\invest-quick-scan\runs\sw-repair-remediation-2026-10-08-01\runtime\stockwiki\ui.py", line 262, in _send_json
    self.end_headers()
    ~~~~~~~~~~~~~~~~^^
  File "C:\Miniconda\Lib\http\server.py", line 538, in end_headers
    self.flush_headers()
    ~~~~~~~~~~~~~~~~~~^^
  File "C:\Miniconda\Lib\http\server.py", line 542, in flush_headers
    self.wfile.write(b"".join(self._headers_buffer))
    ~~~~~~~~~~~~~~~~^^^^^^^^^^^^^^^^^^^^^^^^^^^^^^^^
  File "C:\Miniconda\Lib\socketserver.py", line 845, in write
    self._sock.sendall(b)
    ~~~~~~~~~~~~~~~~~~^^^
ConnectionAbortedError: [WinError 10053] 你的主机中的软件中止了一个已建立的连接。
----------------------------------------
----------------------------------------
Exception occurred during processing of request from ('127.0.0.1', 55939)
Traceback (most recent call last):
  File "C:\Users\郑曾波\Projects\invest-quick-scan\runs\sw-repair-remediation-2026-10-08-01\runtime\stockwiki\ui.py", line 240, in do_POST
    self._send_json(build_quick_scan_search(paths, body))
    ~~~~~~~~~~~~~~~^^^^^^^^^^^^^^^^^^^^^^^^^^^^^^^^^^^^^^
  File "C:\Users\郑曾波\Projects\invest-quick-scan\runs\sw-repair-remediation-2026-10-08-01\runtime\stockwiki\ui.py", line 263, in _send_json
    self.wfile.write(raw)
    ~~~~~~~~~~~~~~~~^^^^^
  File "C:\Miniconda\Lib\socketserver.py", line 845, in write
    self._sock.sendall(b)
    ~~~~~~~~~~~~~~~~~~^^^
ConnectionAbortedError: [WinError 10053] 你的主机中的软件中止了一个已建立的连接。

During handling of the above exception, another exception occurred:

Traceback (most recent call last):
  File "C:\Miniconda\Lib\socketserver.py", line 697, in process_request_thread
    self.finish_request(request, client_address)
    ~~~~~~~~~~~~~~~~~~~^^^^^^^^^^^^^^^^^^^^^^^^^
  File "C:\Miniconda\Lib\socketserver.py", line 362, in finish_request
    self.RequestHandlerClass(request, client_address, self)
    ~~~~~~~~~~~~~~~~~~~~~~~~^^^^^^^^^^^^^^^^^^^^^^^^^^^^^^^
  File "C:\Miniconda\Lib\socketserver.py", line 766, in __init__
    self.handle()
    ~~~~~~~~~~~^^
  File "C:\Miniconda\Lib\http\server.py", line 436, in handle
    self.handle_one_request()
    ~~~~~~~~~~~~~~~~~~~~~~~^^
  File "C:\Miniconda\Lib\http\server.py", line 424, in handle_one_request
    method()
    ~~~~~~^^
  File "C:\Users\郑曾波\Projects\invest-quick-scan\runs\sw-repair-remediation-2026-10-08-01\runtime\stockwiki\ui.py", line 244, in do_POST
    self._send_json({"error": str(exc)}, status=400)
    ~~~~~~~~~~~~~~~^^^^^^^^^^^^^^^^^^^^^^^^^^^^^^^^^
  File "C:\Users\郑曾波\Projects\invest-quick-scan\runs\sw-repair-remediation-2026-10-08-01\runtime\stockwiki\ui.py", line 262, in _send_json
    self.end_headers()
    ~~~~~~~~~~~~~~~~^^
  File "C:\Miniconda\Lib\http\server.py", line 538, in end_headers
    self.flush_headers()
    ~~~~~~~~~~~~~~~~~~^^
  File "C:\Miniconda\Lib\http\server.py", line 542, in flush_headers
    self.wfile.write(b"".join(self._headers_buffer))
    ~~~~~~~~~~~~~~~~^^^^^^^^^^^^^^^^^^^^^^^^^^^^^^^^
  File "C:\Miniconda\Lib\socketserver.py", line 845, in write
    self._sock.sendall(b)
    ~~~~~~~~~~~~~~~~~~^^^
ConnectionAbortedError: [WinError 10053] 你的主机中的软件中止了一个已建立的连接。
----------------------------------------
