Traceback (most recent call last):
  File "<frozen runpy>", line 198, in _run_module_as_main
  File "<frozen runpy>", line 88, in _run_code
  File "C:\Miniconda\Lib\site-packages\ruff\__main__.py", line 27, in <module>
    _run()
    ~~~~^^
  File "C:\Miniconda\Lib\site-packages\ruff\__main__.py", line 17, in _run
    completed_process = subprocess.run([ruff, *sys.argv[1:]])
  File "C:\Miniconda\Lib\subprocess.py", line 554, in run
    with Popen(*popenargs, **kwargs) as process:
         ~~~~~^^^^^^^^^^^^^^^^^^^^^^
  File "C:\Miniconda\Lib\subprocess.py", line 1039, in __init__
    self._execute_child(args, executable, preexec_fn, close_fds,
    ~~~~~~~~~~~~~~~~~~~^^^^^^^^^^^^^^^^^^^^^^^^^^^^^^^^^^^^^^^^^
                        pass_fds, cwd, env,
                        ^^^^^^^^^^^^^^^^^^^
    ...<5 lines>...
                        gid, gids, uid, umask,
                        ^^^^^^^^^^^^^^^^^^^^^^
                        start_new_session, process_group)
                        ^^^^^^^^^^^^^^^^^^^^^^^^^^^^^^^^^
  File "C:\Miniconda\Lib\subprocess.py", line 1550, in _execute_child
    sys.audit("subprocess.Popen", executable, args, cwd, env)
    ~~~~~~~~~^^^^^^^^^^^^^^^^^^^^^^^^^^^^^^^^^^^^^^^^^^^^^^^^
  File "C:\Users\郑曾波\Projects\invest-quick-scan\runs\r13a\sw\sitecustomize.py", line 78, in audit
    raise PermissionError("only Python child processes are allowed")
PermissionError: only Python child processes are allowed
