[master ccd3b46] Checkpoint owner original history and frozen query capture
 41 files changed, 4769 insertions(+), 2 deletions(-)
 create mode 100644 docs/implementation/intake/W15/c06-query-2026-10-09/contract-snapshot-01.junit.xml
 create mode 100644 docs/implementation/intake/W15/c06-query-2026-10-09/contract-snapshot-01.process.json
 create mode 100644 docs/implementation/intake/W15/c06-query-2026-10-09/contract-snapshot-01.sources.json
 create mode 100644 docs/implementation/intake/W15/c06-query-2026-10-09/contract-snapshot-01.stderr.log
 create mode 100644 docs/implementation/intake/W15/c06-query-2026-10-09/contract-snapshot-01.stdout.log
 create mode 100644 docs/implementation/intake/W15/c06-query-2026-10-09/git-selection-history-01.json
 create mode 100644 docs/implementation/intake/W15/c06-query-2026-10-09/owner-history-fault-01.junit.xml
 create mode 100644 docs/implementation/intake/W15/c06-query-2026-10-09/owner-history-fault-01.process.json
 create mode 100644 docs/implementation/intake/W15/c06-query-2026-10-09/owner-history-fault-01.sources.json
 create mode 100644 docs/implementation/intake/W15/c06-query-2026-10-09/owner-history-fault-01.stderr.log
 create mode 100644 docs/implementation/intake/W15/c06-query-2026-10-09/owner-history-fault-01.stdout.log
 create mode 100644 docs/implementation/intake/W15/c06-query-2026-10-09/owner-history-green-01.junit.xml
 create mode 100644 docs/implementation/intake/W15/c06-query-2026-10-09/owner-history-green-01.process.json
 create mode 100644 docs/implementation/intake/W15/c06-query-2026-10-09/owner-history-green-01.sources.json
 create mode 100644 docs/implementation/intake/W15/c06-query-2026-10-09/owner-history-green-01.stderr.log
 create mode 100644 docs/implementation/intake/W15/c06-query-2026-10-09/owner-history-green-01.stdout.log
 create mode 100644 docs/implementation/intake/W15/c06-query-2026-10-09/owner-history-red-01.junit.xml
 create mode 100644 docs/implementation/intake/W15/c06-query-2026-10-09/owner-history-red-01.process.json
 create mode 100644 docs/implementation/intake/W15/c06-query-2026-10-09/owner-history-red-01.sources.json
 create mode 100644 docs/implementation/intake/W15/c06-query-2026-10-09/owner-history-red-01.stderr.log
 create mode 100644 docs/implementation/intake/W15/c06-query-2026-10-09/owner-history-red-01.stdout.log
 create mode 100644 docs/implementation/intake/W15/c06-query-2026-10-09/owner-history-red-02.junit.xml
 create mode 100644 docs/implementation/intake/W15/c06-query-2026-10-09/owner-history-red-02.process.json
 create mode 100644 docs/implementation/intake/W15/c06-query-2026-10-09/owner-history-red-02.sources.json
 create mode 100644 docs/implementation/intake/W15/c06-query-2026-10-09/owner-history-red-02.stderr.log
 create mode 100644 docs/implementation/intake/W15/c06-query-2026-10-09/owner-history-red-02.stdout.log
 create mode 100644 docs/implementation/intake/W15/c06-query-2026-10-09/owner-reader-checkpoint-02.json
 create mode 100644 docs/implementation/intake/W15/c06-query-2026-10-09/private-owner-reader-02/IQS/questions/metric-registry.json
 create mode 100644 docs/implementation/intake/W15/c06-query-2026-10-09/private-owner-reader-02/IQS/schemas/quick_scan/query-v2.schema.json
 create mode 100644 docs/implementation/intake/W15/c06-query-2026-10-09/private-owner-reader-02/IQS/scripts/query_contract.py
 create mode 100644 docs/implementation/intake/W15/c06-query-2026-10-09/private-owner-reader-02/IQS/tests/test_query_contract_v2.py
 create mode 100644 docs/implementation/intake/W15/c06-query-2026-10-09/private-owner-reader-02/StockWiki/stockwiki/quick_scan_query_v2.py
 create mode 100644 docs/implementation/intake/W15/c06-query-2026-10-09/private-owner-reader-02/StockWiki/tests/test_quick_scan_query_v2.py
 create mode 100644 docs/implementation/intake/W15/c06-query-2026-10-09/private-owner-reader-02/isolation-guard.py
 create mode 100644 docs/implementation/reviews/W15/module-readiness-2026-10-09/checkpoint_c06_history.py
 create mode 100644 docs/implementation/reviews/W15/module-readiness-2026-10-09/publish_c06_history_checkpoint.py
 create mode 100644 docs/implementation/reviews/W15/module-readiness-2026-10-09/query-projection-next.md
