[master f4e0545] Checkpoint two-phase subject dispatch and atomic owner binding
 81 files changed, 15554 insertions(+), 4 deletions(-)
 create mode 100644 docs/implementation/intake/W15/c06-query-2026-10-09/contract-subject-01.junit.xml
 create mode 100644 docs/implementation/intake/W15/c06-query-2026-10-09/contract-subject-01.process.json
 create mode 100644 docs/implementation/intake/W15/c06-query-2026-10-09/contract-subject-01.sources.json
 create mode 100644 docs/implementation/intake/W15/c06-query-2026-10-09/contract-subject-01.stderr.log
 create mode 100644 docs/implementation/intake/W15/c06-query-2026-10-09/contract-subject-01.stdout.log
 create mode 100644 docs/implementation/intake/W15/c06-query-2026-10-09/destination-source-check-01.json
 create mode 100644 docs/implementation/intake/W15/c06-query-2026-10-09/git-selection-subject-01.json
 create mode 100644 docs/implementation/intake/W15/c06-query-2026-10-09/owner-history-regression-01.junit.xml
 create mode 100644 docs/implementation/intake/W15/c06-query-2026-10-09/owner-history-regression-01.process.json
 create mode 100644 docs/implementation/intake/W15/c06-query-2026-10-09/owner-history-regression-01.sources.json
 create mode 100644 docs/implementation/intake/W15/c06-query-2026-10-09/owner-history-regression-01.stderr.log
 create mode 100644 docs/implementation/intake/W15/c06-query-2026-10-09/owner-history-regression-01.stdout.log
 create mode 100644 docs/implementation/intake/W15/c06-query-2026-10-09/owner-subject-final-01.junit.xml
 create mode 100644 docs/implementation/intake/W15/c06-query-2026-10-09/owner-subject-final-01.process.json
 create mode 100644 docs/implementation/intake/W15/c06-query-2026-10-09/owner-subject-final-01.sources.json
 create mode 100644 docs/implementation/intake/W15/c06-query-2026-10-09/owner-subject-final-01.stderr.log
 create mode 100644 docs/implementation/intake/W15/c06-query-2026-10-09/owner-subject-final-01.stdout.log
 create mode 100644 docs/implementation/intake/W15/c06-query-2026-10-09/owner-subject-green-01.junit.xml
 create mode 100644 docs/implementation/intake/W15/c06-query-2026-10-09/owner-subject-green-01.process.json
 create mode 100644 docs/implementation/intake/W15/c06-query-2026-10-09/owner-subject-green-01.sources.json
 create mode 100644 docs/implementation/intake/W15/c06-query-2026-10-09/owner-subject-green-01.stderr.log
 create mode 100644 docs/implementation/intake/W15/c06-query-2026-10-09/owner-subject-green-01.stdout.log
 create mode 100644 docs/implementation/intake/W15/c06-query-2026-10-09/owner-subject-green-02.junit.xml
 create mode 100644 docs/implementation/intake/W15/c06-query-2026-10-09/owner-subject-green-02.process.json
 create mode 100644 docs/implementation/intake/W15/c06-query-2026-10-09/owner-subject-green-02.sources.json
 create mode 100644 docs/implementation/intake/W15/c06-query-2026-10-09/owner-subject-green-02.stderr.log
 create mode 100644 docs/implementation/intake/W15/c06-query-2026-10-09/owner-subject-green-02.stdout.log
 create mode 100644 docs/implementation/intake/W15/c06-query-2026-10-09/owner-subject-green-03.junit.xml
 create mode 100644 docs/implementation/intake/W15/c06-query-2026-10-09/owner-subject-green-03.process.json
 create mode 100644 docs/implementation/intake/W15/c06-query-2026-10-09/owner-subject-green-03.sources.json
 create mode 100644 docs/implementation/intake/W15/c06-query-2026-10-09/owner-subject-green-03.stderr.log
 create mode 100644 docs/implementation/intake/W15/c06-query-2026-10-09/owner-subject-green-03.stdout.log
 create mode 100644 docs/implementation/intake/W15/c06-query-2026-10-09/owner-subject-green-04.junit.xml
 create mode 100644 docs/implementation/intake/W15/c06-query-2026-10-09/owner-subject-green-04.process.json
 create mode 100644 docs/implementation/intake/W15/c06-query-2026-10-09/owner-subject-green-04.sources.json
 create mode 100644 docs/implementation/intake/W15/c06-query-2026-10-09/owner-subject-green-04.stderr.log
 create mode 100644 docs/implementation/intake/W15/c06-query-2026-10-09/owner-subject-green-04.stdout.log
 create mode 100644 docs/implementation/intake/W15/c06-query-2026-10-09/owner-subject-green-05.junit.xml
 create mode 100644 docs/implementation/intake/W15/c06-query-2026-10-09/owner-subject-green-05.process.json
 create mode 100644 docs/implementation/intake/W15/c06-query-2026-10-09/owner-subject-green-05.sources.json
 create mode 100644 docs/implementation/intake/W15/c06-query-2026-10-09/owner-subject-green-05.stderr.log
 create mode 100644 docs/implementation/intake/W15/c06-query-2026-10-09/owner-subject-green-05.stdout.log
 create mode 100644 docs/implementation/intake/W15/c06-query-2026-10-09/owner-subject-projection-green-01.junit.xml
 create mode 100644 docs/implementation/intake/W15/c06-query-2026-10-09/owner-subject-projection-green-01.process.json
 create mode 100644 docs/implementation/intake/W15/c06-query-2026-10-09/owner-subject-projection-green-01.sources.json
 create mode 100644 docs/implementation/intake/W15/c06-query-2026-10-09/owner-subject-projection-green-01.stderr.log
 create mode 100644 docs/implementation/intake/W15/c06-query-2026-10-09/owner-subject-projection-green-01.stdout.log
 create mode 100644 docs/implementation/intake/W15/c06-query-2026-10-09/owner-subject-projection-red-01.junit.xml
 create mode 100644 docs/implementation/intake/W15/c06-query-2026-10-09/owner-subject-projection-red-01.process.json
 create mode 100644 docs/implementation/intake/W15/c06-query-2026-10-09/owner-subject-projection-red-01.sources.json
 create mode 100644 docs/implementation/intake/W15/c06-query-2026-10-09/owner-subject-projection-red-01.stderr.log
 create mode 100644 docs/implementation/intake/W15/c06-query-2026-10-09/owner-subject-projection-red-01.stdout.log
 create mode 100644 docs/implementation/intake/W15/c06-query-2026-10-09/owner-subject-red-01.junit.xml
 create mode 100644 docs/implementation/intake/W15/c06-query-2026-10-09/owner-subject-red-01.process.json
 create mode 100644 docs/implementation/intake/W15/c06-query-2026-10-09/owner-subject-red-01.sources.json
 create mode 100644 docs/implementation/intake/W15/c06-query-2026-10-09/owner-subject-red-01.stderr.log
 create mode 100644 docs/implementation/intake/W15/c06-query-2026-10-09/owner-subject-red-01.stdout.log
 create mode 100644 docs/implementation/intake/W15/c06-query-2026-10-09/private-subject-01/IQS/questions/metric-registry.json
 create mode 100644 docs/implementation/intake/W15/c06-query-2026-10-09/private-subject-01/IQS/schemas/quick_scan/query-v2.schema.json
 create mode 100644 docs/implementation/intake/W15/c06-query-2026-10-09/private-subject-01/IQS/scripts/query_contract.py
 create mode 100644 docs/implementation/intake/W15/c06-query-2026-10-09/private-subject-01/IQS/scripts/subject_dispatch_contract.py
 create mode 100644 docs/implementation/intake/W15/c06-query-2026-10-09/private-subject-01/IQS/tests/test_query_contract_v2.py
 create mode 100644 docs/implementation/intake/W15/c06-query-2026-10-09/private-subject-01/StockWiki-original/stockwiki/quick_scan_observations.py
 create mode 100644 docs/implementation/intake/W15/c06-query-2026-10-09/private-subject-01/StockWiki/stockwiki/quick_scan_observations.py
 create mode 100644 docs/implementation/intake/W15/c06-query-2026-10-09/private-subject-01/StockWiki/stockwiki/quick_scan_query_v2.py
 create mode 100644 docs/implementation/intake/W15/c06-query-2026-10-09/private-subject-01/StockWiki/stockwiki/quick_scan_subject_dispatch.py
 create mode 100644 docs/implementation/intake/W15/c06-query-2026-10-09/private-subject-01/StockWiki/tests/test_quick_scan_query_v2.py
 create mode 100644 docs/implementation/intake/W15/c06-query-2026-10-09/private-subject-01/StockWiki/tests/test_quick_scan_subject_dispatch.py
 create mode 100644 docs/implementation/intake/W15/c06-query-2026-10-09/private-subject-01/isolation-guard.py
 create mode 100644 docs/implementation/intake/W15/c06-query-2026-10-09/subject-candidate-inputs-01.json
 create mode 100644 docs/implementation/intake/W15/c06-query-2026-10-09/subject-checkpoint-01.json
 create mode 100644 docs/implementation/reviews/W15/module-readiness-2026-10-09/checkpoint_c06_subject.py
 create mode 100644 docs/implementation/reviews/W15/module-readiness-2026-10-09/freeze_c06_subject_input.py
 create mode 100644 docs/implementation/reviews/W15/module-readiness-2026-10-09/publish_c06_subject_checkpoint.py
 create mode 100644 docs/implementation/reviews/W15/module-readiness-2026-10-09/record_c06_subject_progress.py
 create mode 100644 docs/implementation/reviews/W15/module-readiness-2026-10-09/subject-dispatch-interface.md
