tests/test_external_search_result_contract.py::ExternalSearchAdapterTests::test_consumer_rejects_neighboring_binding_corruption_even_when_rehashed
tests/test_external_search_result_contract.py::ExternalSearchAdapterTests::test_external_and_hybrid_keep_native_events_separate
tests/test_external_search_result_contract.py::ExternalSearchAdapterTests::test_native_v1_and_native_v1_1_keep_the_existing_projection
tests/test_external_search_result_contract.py::ExternalSearchRoutingTests::test_public_external_result_drives_existing_module_routing_and_replays
tests/test_external_search_result_contract.py::ExternalSearchRoutingTests::test_trusted_caller_identity_snapshot_is_checked_before_routing
tests/test_external_search_result_contract.py::ExternalSearchRoutingTests::test_unknown_route_cannot_skip_external_receipt_validation
tests/test_stockqa_adapter.py::StockQAAdapterTests::test_adapts_public_answer_receipt_and_preserves_both_model_names
tests/test_stockqa_adapter.py::StockQAAdapterTests::test_rejects_answer_changed_after_receipt_creation
tests/test_stockqa_adapter.py::StockQAAdapterTests::test_rejects_answer_sources_outside_completed_search
tests/test_stockqa_adapter.py::StockQAAdapterTests::test_rejects_cross_company_result_even_when_answer_hash_is_valid
tests/test_stockqa_adapter.py::StockQAAdapterTests::test_rejects_unverified_search
tests/test_routing.py::RouteSchemaTests::test_router_21_schema_rejects_router_22_confidence_field
tests/test_routing.py::RouteSchemaTests::test_v2_cannot_use_unavailable_to_select_objective_module
tests/test_routing.py::RouteSchemaTests::test_v2_policy_common_and_unavailable_sources_are_representable
tests/test_routing.py::RoutingTests::test_legacy_package_and_current_pointer_survive_unactivated_routing_publish
tests/test_routing.py::RoutingTests::test_materiality_entry_strategic_survival_and_pre_revenue_project
tests/test_routing.py::RoutingTests::test_materiality_exit_hysteresis_and_lifecycle_event
tests/test_routing.py::RoutingTests::test_mod19_a01_a07_parser_preserves_outer_confidence_and_unscored_null
tests/test_routing.py::RoutingTests::test_mod19_a02_a05_overall_gate_only_demotes_model_candidates_and_keeps_verified_facts
tests/test_routing.py::RoutingTests::test_mod19_a06_snapshot_recomputes_gate_and_rejects_resealed_bypass
tests/test_routing.py::RoutingTests::test_mod19_a09_policy_versions_and_confidence_threshold_are_exact
tests/test_routing.py::RoutingTests::test_mod19_previous_route_requires_independent_id_before_hysteresis
tests/test_routing.py::RoutingTests::test_mod19_previous_router_policy_requires_explicit_migration
tests/test_routing.py::RoutingTests::test_mod19_rejects_answer_from_another_execution_attempt
tests/test_routing.py::RoutingTests::test_mod19_resolver_cannot_pair_one_answers_candidate_with_another_answers_hash
tests/test_routing.py::RoutingTests::test_mod19_schema_rejects_execution_status_score_mismatch
tests/test_routing.py::RoutingTests::test_mod19_stockqa_public_result_adapter_binds_answer_and_execution_receipt
tests/test_routing.py::RoutingTests::test_mod19_v23_execution_receipt_requires_hash_of_parsed_native_answer
tests/test_routing.py::RoutingTests::test_new_lens_requires_registered_policy_and_explicit_nontransferable_authorization
tests/test_routing.py::RoutingTests::test_policy_covers_all48_and_frozen_artifact_not_mutable_source
tests/test_routing.py::RoutingTests::test_searched_candidate_urls_must_belong_to_selected_completed_call
tests/test_routing.py::RoutingTests::test_t1_llm_candidates_require_real_prompt_bound_receipt
tests/test_routing.py::RoutingTests::test_t1_semiconductor_scaling_is_deterministic_and_dual_listing_one_entity
tests/test_routing.py::RoutingTests::test_t2_mature_cycle_trough_preserves_stage_and_adds_recovery
tests/test_routing.py::RoutingTests::test_t3_distressed_scaling_six_mandatory_questions_budget_and_manual_veto
tests/test_routing.py::RoutingTests::test_t4_three_material_industries_do_not_truncate_and_full_needs_scope
tests/test_routing.py::RoutingTests::test_t4_two_labels_for_one_business_need_review_not_holding
tests/test_routing.py::RoutingTests::test_t5_equal_authority_type_conflicts_require_segments_manual_precedence_is_explicit
tests/test_routing.py::RoutingTests::test_t5_override_expiry_blocks_execution_but_history_remains_readable
tests/test_routing.py::RoutingTests::test_t5_unavailable_keeps_common_and_verified_risk_without_fake_other
tests/test_routing.py::RoutingTests::test_unbound_model_candidate_cannot_override_verified_risk_fact
tests/test_routing.py::ArchivedRouterCompatibilityTests::test_archived_router_20_manifest_remains_readable
tests/test_routing.py::ArchivedRouterCompatibilityTests::test_archived_router_21_snapshot_is_readable_but_cannot_start_or_execute_work
tests/test_routing.py::ArchivedRouterCompatibilityTests::test_archived_search_snapshot_is_read_only
tests/test_question_sets.py::QuestionSetTests::test_actual_stockqa_cli_emits_manifest_question_receipt_and_is_accepted_offline
tests/test_question_sets.py::QuestionSetTests::test_bank_replaces_general_cash_and_balance_questions
tests/test_question_sets.py::QuestionSetTests::test_compose_is_reproducible_and_does_not_overwrite_runs
tests/test_question_sets.py::QuestionSetTests::test_coverage_cannot_hide_an_entire_missing_quality_dimension
tests/test_question_sets.py::QuestionSetTests::test_critical_failure_cannot_be_averaged_away
tests/test_question_sets.py::QuestionSetTests::test_critical_unknown_and_inapplicable_are_not_treated_as_cleared
tests/test_question_sets.py::QuestionSetTests::test_defaults_or_upstream_score_corruption_are_rejected
tests/test_question_sets.py::QuestionSetTests::test_every_module_is_selectable
tests/test_question_sets.py::QuestionSetTests::test_full_mode_also_requires_a_specific_reason_for_optional_tools
tests/test_question_sets.py::QuestionSetTests::test_future_evidence_wrong_id_missing_sources_and_boolean_score_fail
tests/test_question_sets.py::QuestionSetTests::test_invalid_profile_is_not_silently_routed
tests/test_question_sets.py::QuestionSetTests::test_library_and_export_are_consistent
tests/test_question_sets.py::QuestionSetTests::test_low_current_scores_can_have_recovery_potential_without_score_uplift
tests/test_question_sets.py::QuestionSetTests::test_material_overlays_cannot_be_silently_dropped
tests/test_question_sets.py::QuestionSetTests::test_matrix_07_quick_full_context_preserves_core_risk_and_recovery_output
tests/test_question_sets.py::QuestionSetTests::test_missing_data_and_transport_fives_do_not_become_scores
tests/test_question_sets.py::QuestionSetTests::test_mixed_profile_suggests_review_without_claiming_a_turnaround
tests/test_question_sets.py::QuestionSetTests::test_model_self_report_cannot_verify_search
tests/test_question_sets.py::QuestionSetTests::test_optional_diagnostics_do_not_change_any_dimension_or_quality_score
tests/test_question_sets.py::QuestionSetTests::test_quick_covers_core_judgments_without_automatic_dupont_or_porter
tests/test_question_sets.py::QuestionSetTests::test_recovery_cannot_conceal_survival_governance_or_equity_risks
tests/test_question_sets.py::QuestionSetTests::test_recovery_routes_without_misclassifying_mature_cyclical_company
tests/test_question_sets.py::QuestionSetTests::test_recovery_uses_effective_type_specific_survival_question
tests/test_question_sets.py::QuestionSetTests::test_review_from_another_company_or_period_is_rejected
tests/test_question_sets.py::QuestionSetTests::test_s01_context_questions_cannot_change_core_construct_summary
tests/test_question_sets.py::QuestionSetTests::test_s01_legacy_manifest_remains_readable_without_new_mapping
tests/test_question_sets.py::QuestionSetTests::test_s01_legacy_recovery_watch_flags_unverified_replacement_mapping
tests/test_question_sets.py::QuestionSetTests::test_s01_manifest_embeds_frozen_metric_and_action_layer
tests/test_question_sets.py::QuestionSetTests::test_s01_metric_mapping_is_authoritative_and_metadata_cannot_drift
tests/test_question_sets.py::QuestionSetTests::test_s01_replacement_and_module_routing_cannot_drift
tests/test_question_sets.py::QuestionSetTests::test_s01_selected_question_and_mapping_sets_are_closed
tests/test_question_sets.py::QuestionSetTests::test_s01_type_replacements_keep_construct_and_scope
tests/test_question_sets.py::QuestionSetTests::test_s03_advantage_prompts_include_scope_conditions_and_falsifiers
tests/test_question_sets.py::QuestionSetTests::test_s03_archived_metric_manifest_reads_from_immutable_package_without_live_sources
tests/test_question_sets.py::QuestionSetTests::test_s03_current_manifest_rejects_an_unsupported_older_template_header
tests/test_question_sets.py::QuestionSetTests::test_s03_does_not_add_unapproved_bridge_questions_or_auto_diagnostics
tests/test_question_sets.py::QuestionSetTests::test_s03_growth_prompts_require_net_effect_after_legacy_loss_and_financing
tests/test_question_sets.py::QuestionSetTests::test_s03_pre_revenue_replacement_keeps_growth_construct_and_net_economics
tests/test_question_sets.py::QuestionSetTests::test_sc10_all_company_types_and_lifecycle_stages_keep_fixed_metric_manifest
tests/test_question_sets.py::QuestionSetTests::test_screening_accepts_minimax_completed_search_without_http_request_id
tests/test_question_sets.py::QuestionSetTests::test_screening_accepts_mixed_actual_providers_with_null_batch_provider
tests/test_question_sets.py::QuestionSetTests::test_screening_ignores_model_self_approval_and_legacy_strict_stays_pending
tests/test_question_sets.py::QuestionSetTests::test_screening_import_rejects_identity_question_period_and_search_mismatches
tests/test_question_sets.py::QuestionSetTests::test_screening_low_confidence_and_na_remain_out_of_valid_coverage
tests/test_question_sets.py::QuestionSetTests::test_screening_modern_single_provider_requires_complete_final_route
tests/test_question_sets.py::QuestionSetTests::test_screening_new_route_receipts_reject_forged_evidence_or_execution
tests/test_question_sets.py::QuestionSetTests::test_screening_protocol_is_explicit_and_never_uses_legacy_review_ids
tests/test_question_sets.py::QuestionSetTests::test_screening_recovery_watch_preserves_low_current_quality_and_strong_assets
tests/test_question_sets.py::QuestionSetTests::test_stage_and_cycle_are_independent
tests/test_question_sets.py::QuestionSetTests::test_stockqa_import_cleanup_restores_state_after_failure
tests/test_question_sets.py::QuestionSetTests::test_unaudited_na_cannot_raise_coverage_and_low_confidence_is_not_counted
tests/test_question_sets.py::QuestionSetTests::test_unreviewed_missing_and_low_confidence_cannot_become_recovery_candidates
tests/test_question_sets.py::QuestionSetTests::test_valid_scores_are_separate_from_growth_and_price
tests/test_question_sets.py::RouteCompositionTests::test_mod19_native_cli_persists_low_classification_confidence_and_keeps_verified_route
tests/test_question_sets.py::RouteCompositionTests::test_mod19_resolve_cli_requires_independent_previous_decision_id
tests/test_question_sets.py::RouteCompositionTests::test_s06_first_stage_package_keeps_exact_historical_request_prompt
tests/test_question_sets.py::RouteCompositionTests::test_s06_native_cli_request_resolve_compose_preserves_model_and_identity
tests/test_question_sets.py::RouteCompositionTests::test_s06_native_cli_unknown_module_and_ambiguous_response_fail_before_output
tests/test_question_sets.py::RouteCompositionTests::test_s06_public_export_cannot_bypass_route_profile_id_or_clock
tests/test_question_sets.py::RouteCompositionTests::test_s06_real_manifest_keeps_historical_ttl_but_reexport_at_expiry_is_blocked
tests/test_question_sets.py::RouteCompositionTests::test_s06_stockqa_public_result_cli_adapts_and_composes_by_public_contract
tests/test_question_sets.py::RouteCompositionTests::test_s06_t1_real_quick_full_and_method_preserve_24_core
tests/test_question_sets.py::RouteCompositionTests::test_s06_t2_mature_trough_composes_recovery_without_changing_core
tests/test_question_sets.py::RouteCompositionTests::test_s06_t3_budget30_exports_all_six_risk_questions_budget24_writes_nothing
tests/test_question_sets.py::RouteCompositionTests::test_s06_t4_full_three_industries_requires_compatible_scope_and_no_legacy_relaxation
tests/test_question_sets.py::RouteCompositionTests::test_s06_t5_common_only_and_known_distress_standard_output_keep_unknown_profile
tests/test_question_sets.py::RouteCompositionTests::test_s06_uncertain_primary_axis_does_not_borrow_confidence_from_known_industry

111 tests collected in 0.49s
