{
  "schema": "iqs_evidence_lab.replay_summary/1",
  "tool": {
    "name": "iqs_evidence_lab",
    "version": "0.2.0",
    "tool_id": "iqs_evidence_lab/0.2.0"
  },
  "input": {
    "kind": "fixture",
    "ref": "C:\\Users\\郑曾波\\Projects\\invest-quick-scan\\runs\\evid-lab-remediation-2026-10-08-01\\lab\\fixtures\\synthetic\\FX-003.json",
    "verified_before_write": true
  },
  "output_dir": ".controller-fixture-FX-003",
  "live": false,
  "environment": {
    "network_attempts": 0,
    "key_reads": 0,
    "paid_model_calls": 0,
    "search_calls": 0,
    "downloads": 0,
    "publish": "staged_under_.temp-roots_then_atomic_rename",
    "note": "lab code contains no credential reader and no network client"
  },
  "results": {
    "kind": "fixture",
    "fixture_id": "FX-003",
    "source_category": "synthetic",
    "diagnostic_records": 9,
    "diagnostic_summary": {
      "pass": 0,
      "fail": 0,
      "abstain": 9,
      "by_error_code": {},
      "by_abstain_reason": {
        "expected_not_stated": 7,
        "claim_value_not_stated": 1,
        "source_relation_not_stated": 1
      },
      "by_check": {
        "semantic.subject": 1,
        "semantic.period": 1,
        "semantic.metric": 1,
        "semantic.unit": 1,
        "semantic.direction": 1,
        "semantic.scope": 1,
        "semantic.role": 1,
        "source.url_window": 1,
        "source.independence": 1
      }
    }
  }
}
