FFFFFF                                                                   [100%]
================================== FAILURES ===================================
______ test_custom_nonoverlapping_ranges_never_publish_consistency_pass _______

    def test_custom_nonoverlapping_ranges_never_publish_consistency_pass():
        case={'expected':{'period':{'kind':'custom','year':2026,'start':'2026-01-01','end':'2026-03-31'}},
              'observed':{'period':{'kind':'custom','year':2026,'start':'2026-04-01','end':'2026-06-30'}}}
        result=replay_record(fixture('custom-period-input',case),'custom-period-output','semantic.period')
        save('custom-public-result.json',result)
        assert result['exit']==0 and result['rows']
>       assert all(r['outcome']!='pass' for r in result['rows'])
E       assert False
E        +  where False = all(<generator object test_custom_nonoverlapping_ranges_never_publish_consistency_pass.<locals>.<genexpr> at 0x000002BC1E0A97D0>)

..\followup_cases.py:38: AssertionError
---------------------------- Captured stdout call -----------------------------
{
  "schema": "iqs_evidence_lab.replay_summary/1",
  "tool": {
    "name": "iqs_evidence_lab",
    "version": "0.2.0",
    "tool_id": "iqs_evidence_lab/0.2.0"
  },
  "input": {
    "kind": "fixture",
    "ref": "C:\\Users\\郑曾波\\Projects\\invest-quick-scan\\runs\\evid-lab-remediation-2026-10-08-01\\lab\\.controller-followup\\custom-period-input.json",
    "verified_before_write": true
  },
  "output_dir": "custom-period-output",
  "live": false,
  "environment": {
    "network_attempts": 0,
    "key_reads": 0,
    "paid_model_calls": 0,
    "search_calls": 0,
    "downloads": 0,
    "publish": "staged_under_.temp-roots_then_atomic_rename",
    "note": "lab code contains no credential reader and no network client"
  },
  "results": {
    "kind": "fixture",
    "fixture_id": "FX-998",
    "source_category": "synthetic",
    "diagnostic_records": 9,
    "diagnostic_summary": {
      "pass": 1,
      "fail": 0,
      "abstain": 8,
      "by_error_code": {},
      "by_abstain_reason": {
        "expected_not_stated": 7,
        "source_relation_not_stated": 1
      },
      "by_check": {
        "semantic.subject": 1,
        "semantic.period": 1,
        "semantic.metric": 1,
        "semantic.unit": 1,
        "semantic.direction": 1,
        "semantic.scope": 1,
        "semantic.role": 1,
        "source.url_window": 1,
        "source.independence": 1
      }
    }
  }
}
____ test_missing_historical_answer_hash_cannot_authorize_tampered_answer _____

    def test_missing_historical_answer_hash_cannot_authorize_tampered_answer():
        body=read_json(LAB/'fixtures/historical/FX-032.json')
        body['provenance'].pop('answer_sha256')
        body['case']['answer']['score']=1
        body['case']['answer']['rationale']='Controller changed historical answer without authorization'
        path=OUT/'historical-missing-binding-input.json'
        path.write_text(json.dumps(body,ensure_ascii=False,indent=2)+'\n',encoding='utf-8')
        target=OUT/'historical-missing-binding-output'
        code=cli.main(['replay','--input',str(path),'--output',str(target)])
        save('historical-missing-binding-result.json',{'exit':code,'published':target.exists(),
             'summary':read_json(target/'summary.json') if target.exists() else None})
>       assert code==4 and not target.exists(), 'Modified historical answer without a binding was published'
E       AssertionError: Modified historical answer without a binding was published
E       assert (0 == 4)

..\followup_cases.py:51: AssertionError
---------------------------- Captured stdout call -----------------------------
{
  "schema": "iqs_evidence_lab.replay_summary/1",
  "tool": {
    "name": "iqs_evidence_lab",
    "version": "0.2.0",
    "tool_id": "iqs_evidence_lab/0.2.0"
  },
  "input": {
    "kind": "fixture",
    "ref": "C:\\Users\\郑曾波\\Projects\\invest-quick-scan\\runs\\evid-lab-remediation-2026-10-08-01\\lab\\.controller-followup\\historical-missing-binding-input.json",
    "verified_before_write": true
  },
  "output_dir": "historical-missing-binding-output",
  "live": false,
  "environment": {
    "network_attempts": 0,
    "key_reads": 0,
    "paid_model_calls": 0,
    "search_calls": 0,
    "downloads": 0,
    "publish": "staged_under_.temp-roots_then_atomic_rename",
    "note": "lab code contains no credential reader and no network client"
  },
  "results": {
    "kind": "fixture",
    "fixture_id": "FX-032",
    "source_category": "historical_model_output",
    "diagnostic_records": 13,
    "diagnostic_summary": {
      "pass": 0,
      "fail": 1,
      "abstain": 12,
      "by_error_code": {
        "E_SCORE_BASIS_UNSUPPORTED": 1
      },
      "by_abstain_reason": {
        "expected_not_stated": 8,
        "source_relation_not_stated": 1,
        "snippet_not_available": 2,
        "agent_review_only": 1
      },
      "by_check": {
        "semantic.subject": 1,
        "semantic.period": 1,
        "semantic.metric": 1,
        "semantic.unit": 1,
        "semantic.direction": 1,
        "semantic.scope": 1,
        "semantic.role": 1,
        "source.url_window": 1,
        "source.independence": 1,
        "structure.reference_contract": 1,
        "support.review_label": 1,
        "support.claim_fact_support": 1,
        "support.score_basis": 1
      }
    }
  }
}
_________ test_numeric_overflow_is_rejected_by_actual_fixture_replay __________

    def test_numeric_overflow_is_rejected_by_actual_fixture_replay():
        path=fixture('overflow-input',{'expected':{'direction':1},'observed':{'direction':'OVERFLOW_TOKEN'}})
        raw=path.read_text('utf-8').replace('"OVERFLOW_TOKEN"','1e400')
        path.write_text(raw,encoding='utf-8')
        result=replay_record(path,'overflow-output','semantic.direction')
        save('overflow-public-result.json',result)
>       assert result['exit']==4 and not result['published'], 'Non-finite observed direction produced a public pass'
E       AssertionError: Non-finite observed direction produced a public pass
E       assert (0 == 4)

..\followup_cases.py:59: AssertionError
---------------------------- Captured stdout call -----------------------------
{
  "schema": "iqs_evidence_lab.replay_summary/1",
  "tool": {
    "name": "iqs_evidence_lab",
    "version": "0.2.0",
    "tool_id": "iqs_evidence_lab/0.2.0"
  },
  "input": {
    "kind": "fixture",
    "ref": "C:\\Users\\郑曾波\\Projects\\invest-quick-scan\\runs\\evid-lab-remediation-2026-10-08-01\\lab\\.controller-followup\\overflow-input.json",
    "verified_before_write": true
  },
  "output_dir": "overflow-output",
  "live": false,
  "environment": {
    "network_attempts": 0,
    "key_reads": 0,
    "paid_model_calls": 0,
    "search_calls": 0,
    "downloads": 0,
    "publish": "staged_under_.temp-roots_then_atomic_rename",
    "note": "lab code contains no credential reader and no network client"
  },
  "results": {
    "kind": "fixture",
    "fixture_id": "FX-998",
    "source_category": "synthetic",
    "diagnostic_records": 9,
    "diagnostic_summary": {
      "pass": 1,
      "fail": 0,
      "abstain": 8,
      "by_error_code": {},
      "by_abstain_reason": {
        "expected_not_stated": 7,
        "source_relation_not_stated": 1
      },
      "by_check": {
        "semantic.subject": 1,
        "semantic.period": 1,
        "semantic.metric": 1,
        "semantic.unit": 1,
        "semantic.direction": 1,
        "semantic.scope": 1,
        "semantic.role": 1,
        "source.url_window": 1,
        "source.independence": 1
      }
    }
  }
}
________ test_unknown_source_window_does_not_mean_all_sources_conflict ________

    def test_unknown_source_window_does_not_mean_all_sources_conflict():
        case={'observed':{'period':'2026'},'sources':[{'url':'https://example.com/report-a','period':'2025'},
                                                      {'url':'https://example.com/report-b'}]}
        rows=check_sources(case)
        result=next(r for r in rows if r.check=='source.url_window')
        save('mixed-source-window.json',{'input':case,'result':asdict(result)})
>       assert result.outcome=='abstain', 'Unknown source was excluded from an all-conflict judgment'
E       AssertionError: Unknown source was excluded from an all-conflict judgment
E       assert 'fail' == 'abstain'
E         
E         - abstain
E         + fail

..\followup_cases.py:67: AssertionError
________ test_every_synthetic_fx021_record_keeps_synthetic_source_type ________

    def test_every_synthetic_fx021_record_keeps_synthetic_source_type():
        doc=read_json(LAB/'.controller-fixture-FX-021/diagnostics.json')
        rows=[r for r in doc['records'] if r['support_source_type']!='synthetic']
        save('synthetic-source-kind.json',{'fixture_id':'FX-021','wrongly_labeled_records':rows})
>       assert not rows, 'Synthetic duplicate-json record mislabeled as historical'
E       AssertionError: Synthetic duplicate-json record mislabeled as historical
E       assert not [{'record_id': 'REC_000011', 'check': 'structure.duplicate_json', 'outcome': 'fail', 'error_code': 'E_DUPLICATE_JSON_KEY', ...}]

..\followup_cases.py:73: AssertionError
_______ test_draft_reference_fee_upper_bound_covers_its_generation_cap ________

    def test_draft_reference_fee_upper_bound_covers_its_generation_cap():
        config=read_json(LAB/'docs/handoff/EVID-LAB-01/experiment-proposal.config.json')
        cap=config['generation']['output_limit']
        formula=config['token_reference_formula']
        corrected=Decimal(0)
        for model in ('deepseek_flash','mimo_pro'):
            row=formula[model]
            corrected += (Decimal(row['input_cap_tokens_per_request'])*Decimal(str(row['uncached_input_usd_per_m']))
                        +Decimal(cap)*Decimal(str(row['output_usd_per_m'])))*Decimal(row['requests'])/Decimal(1000000)
        declared=Decimal(str(formula['worst_case_usd_total']))
        save('draft-fee-cap.json',{'generation_cap':cap,'formula_output_caps':[formula[m]['output_cap_tokens_per_request'] for m in ('deepseek_flash','mimo_pro')],
             'declared_usd':str(declared),'cap_bound_usd':str(corrected),'execution_enabled':config['execution_enabled']})
>       assert declared>=corrected, 'Declared cost cap understates the frozen generation limit'
E       AssertionError: Declared cost cap understates the frozen generation limit
E       assert Decimal('0.48276') >= Decimal('0.82296')

..\followup_cases.py:87: AssertionError
=========================== short test summary info ===========================
FAILED ..\followup_cases.py::test_custom_nonoverlapping_ranges_never_publish_consistency_pass
FAILED ..\followup_cases.py::test_missing_historical_answer_hash_cannot_authorize_tampered_answer
FAILED ..\followup_cases.py::test_numeric_overflow_is_rejected_by_actual_fixture_replay
FAILED ..\followup_cases.py::test_unknown_source_window_does_not_mean_all_sources_conflict
FAILED ..\followup_cases.py::test_every_synthetic_fx021_record_keeps_synthetic_source_type
FAILED ..\followup_cases.py::test_draft_reference_fee_upper_bound_covers_its_generation_cap
6 failed in 0.64s
