{
  "schema": "iqs_evidence_lab.replay_summary/1",
  "tool": {
    "name": "iqs_evidence_lab",
    "version": "0.2.1",
    "tool_id": "iqs_evidence_lab/0.2.1"
  },
  "input": {
    "kind": "fixture",
    "ref": "C:\\Users\\郑曾波\\Projects\\invest-quick-scan\\runs\\evid-lab-second-remediation-2026-10-08-01\\lab\\.controller-archive-binding-corrected\\archive-and-fixture-tamper-input.json",
    "verified_before_write": true
  },
  "output_dir": "archive-and-fixture-tamper-output",
  "live": false,
  "environment": {
    "network_attempts": 0,
    "key_reads": 0,
    "paid_model_calls": 0,
    "search_calls": 0,
    "downloads": 0,
    "publish": "staged_under_.temp-roots_then_atomic_rename",
    "note": "lab code contains no credential reader and no network client"
  },
  "results": {
    "kind": "fixture",
    "fixture_id": "FX-032",
    "source_category": "historical_model_output",
    "diagnostic_records": 13,
    "diagnostic_summary": {
      "pass": 0,
      "fail": 1,
      "abstain": 12,
      "by_error_code": {
        "E_SCORE_BASIS_UNSUPPORTED": 1
      },
      "by_abstain_reason": {
        "expected_not_stated": 8,
        "source_relation_not_stated": 1,
        "snippet_not_available": 2,
        "agent_review_only": 1
      },
      "by_check": {
        "semantic.subject": 1,
        "semantic.period": 1,
        "semantic.metric": 1,
        "semantic.unit": 1,
        "semantic.direction": 1,
        "semantic.scope": 1,
        "semantic.role": 1,
        "source.url_window": 1,
        "source.independence": 1,
        "structure.reference_contract": 1,
        "support.review_label": 1,
        "support.claim_fact_support": 1,
        "support.score_basis": 1
      }
    }
  }
}
