docs/implementation/intake/G3/2026-10-09-model-resolution/verification/model-affected-check-02/junit.xml:13: trailing whitespace.
+E         
docs/implementation/intake/G3/2026-10-09-model-resolution/verification/model-affected-check-02/stdout.log:25: trailing whitespace.
+E         
docs/implementation/intake/G3/2026-10-09-model-resolution/verification/model-affected-final-02/junit.xml:8: trailing whitespace.
+    
docs/implementation/intake/G3/2026-10-09-model-resolution/verification/model-affected-final-02/junit.xml:16: trailing whitespace.
+    
docs/implementation/intake/G3/2026-10-09-model-resolution/verification/model-affected-final-02/junit.xml:62: trailing whitespace.
+tests\unit\test_quick_scan_work_store.py:1206: 
docs/implementation/intake/G3/2026-10-09-model-resolution/verification/model-affected-final-02/stdout.log:20: trailing whitespace.
+    
docs/implementation/intake/G3/2026-10-09-model-resolution/verification/model-affected-final-02/stdout.log:28: trailing whitespace.
+    
docs/implementation/intake/G3/2026-10-09-model-resolution/verification/model-affected-final-02/stdout.log:74: trailing whitespace.
+tests\unit\test_quick_scan_work_store.py:1206: 
docs/implementation/intake/G3/2026-10-09-model-resolution/verification/model-async-model-red-01/junit.xml:39: trailing whitespace.
+src\utils\quick_scan_work_transport.py:137: 
docs/implementation/intake/G3/2026-10-09-model-resolution/verification/model-async-model-red-01/junit.xml:95: trailing whitespace.
+    
docs/implementation/intake/G3/2026-10-09-model-resolution/verification/model-async-model-red-01/junit.xml:124: trailing whitespace.
+    
docs/implementation/intake/G3/2026-10-09-model-resolution/verification/model-async-model-red-01/junit.xml:132: trailing whitespace.
+    
docs/implementation/intake/G3/2026-10-09-model-resolution/verification/model-async-model-red-01/junit.xml:145: trailing whitespace.
+tests\unit\test_llm_client.py:279: 
docs/implementation/intake/G3/2026-10-09-model-resolution/verification/model-async-model-red-01/junit.xml:251: trailing whitespace.
+    
docs/implementation/intake/G3/2026-10-09-model-resolution/verification/model-async-model-red-01/junit.xml:280: trailing whitespace.
+    
docs/implementation/intake/G3/2026-10-09-model-resolution/verification/model-async-model-red-01/junit.xml:288: trailing whitespace.
+    
docs/implementation/intake/G3/2026-10-09-model-resolution/verification/model-async-model-red-01/junit.xml:303: trailing whitespace.
+E             
docs/implementation/intake/G3/2026-10-09-model-resolution/verification/model-async-model-red-01/stdout.log:43: trailing whitespace.
+src\utils\quick_scan_work_transport.py:137: 
docs/implementation/intake/G3/2026-10-09-model-resolution/verification/model-async-model-red-01/stdout.log:99: trailing whitespace.
+    
docs/implementation/intake/G3/2026-10-09-model-resolution/verification/model-async-model-red-01/stdout.log:128: trailing whitespace.
+    
docs/implementation/intake/G3/2026-10-09-model-resolution/verification/model-async-model-red-01/stdout.log:136: trailing whitespace.
+    
docs/implementation/intake/G3/2026-10-09-model-resolution/verification/model-async-model-red-01/stdout.log:149: trailing whitespace.
+tests\unit\test_llm_client.py:279: 
docs/implementation/intake/G3/2026-10-09-model-resolution/verification/model-async-model-red-01/stdout.log:255: trailing whitespace.
+    
docs/implementation/intake/G3/2026-10-09-model-resolution/verification/model-async-model-red-01/stdout.log:284: trailing whitespace.
+    
docs/implementation/intake/G3/2026-10-09-model-resolution/verification/model-async-model-red-01/stdout.log:292: trailing whitespace.
+    
docs/implementation/intake/G3/2026-10-09-model-resolution/verification/model-async-model-red-01/stdout.log:307: trailing whitespace.
+E             
docs/implementation/intake/G3/2026-10-09-model-resolution/verification/model-async-red-02/junit.xml:18: trailing whitespace.
+E         
docs/implementation/intake/G3/2026-10-09-model-resolution/verification/model-async-red-02/junit.xml:39: trailing whitespace.
+E         
docs/implementation/intake/G3/2026-10-09-model-resolution/verification/model-async-red-02/junit.xml:64: trailing whitespace.
+    
docs/implementation/intake/G3/2026-10-09-model-resolution/verification/model-async-red-02/junit.xml:70: trailing whitespace.
+    
docs/implementation/intake/G3/2026-10-09-model-resolution/verification/model-async-red-02/stdout.log:22: trailing whitespace.
+E         
docs/implementation/intake/G3/2026-10-09-model-resolution/verification/model-async-red-02/stdout.log:62: trailing whitespace.
+E         
docs/implementation/intake/G3/2026-10-09-model-resolution/verification/model-async-red-02/stdout.log:125: trailing whitespace.
+    
docs/implementation/intake/G3/2026-10-09-model-resolution/verification/model-async-red-02/stdout.log:131: trailing whitespace.
+    
docs/implementation/intake/G3/2026-10-09-model-resolution/verification/model-core-check-01/junit.xml:15: trailing whitespace.
+    
docs/implementation/intake/G3/2026-10-09-model-resolution/verification/model-core-check-01/junit.xml:24: trailing whitespace.
+    
docs/implementation/intake/G3/2026-10-09-model-resolution/verification/model-core-check-01/junit.xml:50: trailing whitespace.
+    
docs/implementation/intake/G3/2026-10-09-model-resolution/verification/model-core-check-01/junit.xml:59: trailing whitespace.
+    
docs/implementation/intake/G3/2026-10-09-model-resolution/verification/model-core-check-01/junit.xml:77: trailing whitespace.
+tests\unit\test_quick_scan_work_store.py:772: 
docs/implementation/intake/G3/2026-10-09-model-resolution/verification/model-core-check-01/junit.xml:178: trailing whitespace.
+tests\unit\test_quick_scan_work_store.py:861: 
docs/implementation/intake/G3/2026-10-09-model-resolution/verification/model-core-check-01/stdout.log:26: trailing whitespace.
+    
docs/implementation/intake/G3/2026-10-09-model-resolution/verification/model-core-check-01/stdout.log:35: trailing whitespace.
+    
docs/implementation/intake/G3/2026-10-09-model-resolution/verification/model-core-check-01/stdout.log:64: trailing whitespace.
+    
docs/implementation/intake/G3/2026-10-09-model-resolution/verification/model-core-check-01/stdout.log:73: trailing whitespace.
+    
docs/implementation/intake/G3/2026-10-09-model-resolution/verification/model-core-check-01/stdout.log:94: trailing whitespace.
+tests\unit\test_quick_scan_work_store.py:772: 
docs/implementation/intake/G3/2026-10-09-model-resolution/verification/model-core-check-01/stdout.log:198: trailing whitespace.
+tests\unit\test_quick_scan_work_store.py:861: 
docs/implementation/intake/G3/2026-10-09-model-resolution/verification/model-regression-check-01/junit.xml:15: trailing whitespace.
+    
docs/implementation/intake/G3/2026-10-09-model-resolution/verification/model-regression-check-01/junit.xml:21: trailing whitespace.
+tests\unit\test_q10_delivery.py:253: 
docs/implementation/intake/G3/2026-10-09-model-resolution/verification/model-regression-check-01/junit.xml:38: trailing whitespace.
+    
docs/implementation/intake/G3/2026-10-09-model-resolution/verification/model-regression-check-01/junit.xml:57: trailing whitespace.
+tests\unit\test_q10_delivery.py:293: 
docs/implementation/intake/G3/2026-10-09-model-resolution/verification/model-regression-check-01/junit.xml:74: trailing whitespace.
+    
docs/implementation/intake/G3/2026-10-09-model-resolution/verification/model-regression-check-01/junit.xml:91: trailing whitespace.
+tests\unit\test_q10_delivery.py:331: 
docs/implementation/intake/G3/2026-10-09-model-resolution/verification/model-regression-check-01/junit.xml:108: trailing whitespace.
+    
docs/implementation/intake/G3/2026-10-09-model-resolution/verification/model-regression-check-01/junit.xml:127: trailing whitespace.
+tests\unit\test_q10_delivery.py:374: 
docs/implementation/intake/G3/2026-10-09-model-resolution/verification/model-regression-check-01/junit.xml:144: trailing whitespace.
+    
docs/implementation/intake/G3/2026-10-09-model-resolution/verification/model-regression-check-01/junit.xml:157: trailing whitespace.
+    
docs/implementation/intake/G3/2026-10-09-model-resolution/verification/model-regression-check-01/junit.xml:163: trailing whitespace.
+tests\unit\test_q10_delivery.py:415: 
docs/implementation/intake/G3/2026-10-09-model-resolution/verification/model-regression-check-01/junit.xml:180: trailing whitespace.
+    
docs/implementation/intake/G3/2026-10-09-model-resolution/verification/model-regression-check-01/junit.xml:197: trailing whitespace.
+tests\unit\test_q10_delivery.py:437: 
docs/implementation/intake/G3/2026-10-09-model-resolution/verification/model-regression-check-01/junit.xml:214: trailing whitespace.
+    
docs/implementation/intake/G3/2026-10-09-model-resolution/verification/model-regression-check-01/junit.xml:228: trailing whitespace.
+tests\unit\test_q10_delivery.py:483: 
docs/implementation/intake/G3/2026-10-09-model-resolution/verification/model-regression-check-01/junit.xml:248: trailing whitespace.
+    
docs/implementation/intake/G3/2026-10-09-model-resolution/verification/model-regression-check-01/junit.xml:262: trailing whitespace.
+tests\unit\test_q10_delivery.py:483: 
docs/implementation/intake/G3/2026-10-09-model-resolution/verification/model-regression-check-01/junit.xml:282: trailing whitespace.
+    
docs/implementation/intake/G3/2026-10-09-model-resolution/verification/model-regression-check-01/junit.xml:296: trailing whitespace.
+tests\unit\test_q10_delivery.py:495: 
docs/implementation/intake/G3/2026-10-09-model-resolution/verification/model-regression-check-01/junit.xml:316: trailing whitespace.
+    
docs/implementation/intake/G3/2026-10-09-model-resolution/verification/model-regression-check-01/junit.xml:330: trailing whitespace.
+tests\unit\test_q10_delivery.py:495: 
docs/implementation/intake/G3/2026-10-09-model-resolution/verification/model-regression-check-01/junit.xml:350: trailing whitespace.
+    
docs/implementation/intake/G3/2026-10-09-model-resolution/verification/model-regression-check-01/junit.xml:374: trailing whitespace.
+tests\unit\test_q10_delivery.py:519: 
docs/implementation/intake/G3/2026-10-09-model-resolution/verification/model-regression-check-01/junit.xml:394: trailing whitespace.
+    
docs/implementation/intake/G3/2026-10-09-model-resolution/verification/model-regression-check-01/junit.xml:418: trailing whitespace.
+tests\unit\test_q10_delivery.py:519: 
docs/implementation/intake/G3/2026-10-09-model-resolution/verification/model-regression-check-01/junit.xml:438: trailing whitespace.
+    
docs/implementation/intake/G3/2026-10-09-model-resolution/verification/model-regression-check-01/junit.xml:462: trailing whitespace.
+tests\unit\test_q10_delivery.py:519: 
docs/implementation/intake/G3/2026-10-09-model-resolution/verification/model-regression-check-01/junit.xml:482: trailing whitespace.
+    
docs/implementation/intake/G3/2026-10-09-model-resolution/verification/model-regression-check-01/junit.xml:506: trailing whitespace.
+tests\unit\test_q10_delivery.py:519: 
docs/implementation/intake/G3/2026-10-09-model-resolution/verification/model-regression-check-01/junit.xml:526: trailing whitespace.
+    
docs/implementation/intake/G3/2026-10-09-model-resolution/verification/model-regression-check-01/junit.xml:540: trailing whitespace.
+tests\unit\test_q10_delivery.py:547: 
docs/implementation/intake/G3/2026-10-09-model-resolution/verification/model-regression-check-01/junit.xml:560: trailing whitespace.
+    
docs/implementation/intake/G3/2026-10-09-model-resolution/verification/model-regression-check-01/junit.xml:574: trailing whitespace.
+tests\unit\test_q10_delivery.py:547: 
docs/implementation/intake/G3/2026-10-09-model-resolution/verification/model-regression-check-01/junit.xml:594: trailing whitespace.
+    
docs/implementation/intake/G3/2026-10-09-model-resolution/verification/model-regression-check-01/junit.xml:608: trailing whitespace.
+tests\unit\test_q10_delivery.py:547: 
docs/implementation/intake/G3/2026-10-09-model-resolution/verification/model-regression-check-01/junit.xml:628: trailing whitespace.
+    
docs/implementation/intake/G3/2026-10-09-model-resolution/verification/model-regression-check-01/junit.xml:640: trailing whitespace.
+tests\unit\test_q10_delivery.py:570: 
docs/implementation/intake/G3/2026-10-09-model-resolution/verification/model-regression-check-01/junit.xml:660: trailing whitespace.
+    
docs/implementation/intake/G3/2026-10-09-model-resolution/verification/model-regression-check-01/stdout.log:23: trailing whitespace.
+    
docs/implementation/intake/G3/2026-10-09-model-resolution/verification/model-regression-check-01/stdout.log:29: trailing whitespace.
+tests\unit\test_q10_delivery.py:253: 
docs/implementation/intake/G3/2026-10-09-model-resolution/verification/model-regression-check-01/stdout.log:46: trailing whitespace.
+    
docs/implementation/intake/G3/2026-10-09-model-resolution/verification/model-regression-check-01/stdout.log:68: trailing whitespace.
+tests\unit\test_q10_delivery.py:293: 
docs/implementation/intake/G3/2026-10-09-model-resolution/verification/model-regression-check-01/stdout.log:85: trailing whitespace.
+    
docs/implementation/intake/G3/2026-10-09-model-resolution/verification/model-regression-check-01/stdout.log:105: trailing whitespace.
+tests\unit\test_q10_delivery.py:331: 
docs/implementation/intake/G3/2026-10-09-model-resolution/verification/model-regression-check-01/stdout.log:122: trailing whitespace.
+    
docs/implementation/intake/G3/2026-10-09-model-resolution/verification/model-regression-check-01/stdout.log:144: trailing whitespace.
+tests\unit\test_q10_delivery.py:374: 
docs/implementation/intake/G3/2026-10-09-model-resolution/verification/model-regression-check-01/stdout.log:161: trailing whitespace.
+    
docs/implementation/intake/G3/2026-10-09-model-resolution/verification/model-regression-check-01/stdout.log:177: trailing whitespace.
+    
docs/implementation/intake/G3/2026-10-09-model-resolution/verification/model-regression-check-01/stdout.log:183: trailing whitespace.
+tests\unit\test_q10_delivery.py:415: 
docs/implementation/intake/G3/2026-10-09-model-resolution/verification/model-regression-check-01/stdout.log:200: trailing whitespace.
+    
docs/implementation/intake/G3/2026-10-09-model-resolution/verification/model-regression-check-01/stdout.log:220: trailing whitespace.
+tests\unit\test_q10_delivery.py:437: 
docs/implementation/intake/G3/2026-10-09-model-resolution/verification/model-regression-check-01/stdout.log:237: trailing whitespace.
+    
docs/implementation/intake/G3/2026-10-09-model-resolution/verification/model-regression-check-01/stdout.log:254: trailing whitespace.
+tests\unit\test_q10_delivery.py:483: 
docs/implementation/intake/G3/2026-10-09-model-resolution/verification/model-regression-check-01/stdout.log:274: trailing whitespace.
+    
docs/implementation/intake/G3/2026-10-09-model-resolution/verification/model-regression-check-01/stdout.log:291: trailing whitespace.
+tests\unit\test_q10_delivery.py:483: 
docs/implementation/intake/G3/2026-10-09-model-resolution/verification/model-regression-check-01/stdout.log:311: trailing whitespace.
+    
docs/implementation/intake/G3/2026-10-09-model-resolution/verification/model-regression-check-01/stdout.log:328: trailing whitespace.
+tests\unit\test_q10_delivery.py:495: 
docs/implementation/intake/G3/2026-10-09-model-resolution/verification/model-regression-check-01/stdout.log:348: trailing whitespace.
+    
docs/implementation/intake/G3/2026-10-09-model-resolution/verification/model-regression-check-01/stdout.log:365: trailing whitespace.
+tests\unit\test_q10_delivery.py:495: 
docs/implementation/intake/G3/2026-10-09-model-resolution/verification/model-regression-check-01/stdout.log:385: trailing whitespace.
+    
docs/implementation/intake/G3/2026-10-09-model-resolution/verification/model-regression-check-01/stdout.log:412: trailing whitespace.
+tests\unit\test_q10_delivery.py:519: 
docs/implementation/intake/G3/2026-10-09-model-resolution/verification/model-regression-check-01/stdout.log:432: trailing whitespace.
+    
docs/implementation/intake/G3/2026-10-09-model-resolution/verification/model-regression-check-01/stdout.log:459: trailing whitespace.
+tests\unit\test_q10_delivery.py:519: 
docs/implementation/intake/G3/2026-10-09-model-resolution/verification/model-regression-check-01/stdout.log:479: trailing whitespace.
+    
docs/implementation/intake/G3/2026-10-09-model-resolution/verification/model-regression-check-01/stdout.log:506: trailing whitespace.
+tests\unit\test_q10_delivery.py:519: 
docs/implementation/intake/G3/2026-10-09-model-resolution/verification/model-regression-check-01/stdout.log:526: trailing whitespace.
+    
docs/implementation/intake/G3/2026-10-09-model-resolution/verification/model-regression-check-01/stdout.log:553: trailing whitespace.
+tests\unit\test_q10_delivery.py:519: 
docs/implementation/intake/G3/2026-10-09-model-resolution/verification/model-regression-check-01/stdout.log:573: trailing whitespace.
+    
docs/implementation/intake/G3/2026-10-09-model-resolution/verification/model-regression-check-01/stdout.log:590: trailing whitespace.
+tests\unit\test_q10_delivery.py:547: 
docs/implementation/intake/G3/2026-10-09-model-resolution/verification/model-regression-check-01/stdout.log:610: trailing whitespace.
+    
docs/implementation/intake/G3/2026-10-09-model-resolution/verification/model-regression-check-01/stdout.log:627: trailing whitespace.
+tests\unit\test_q10_delivery.py:547: 
docs/implementation/intake/G3/2026-10-09-model-resolution/verification/model-regression-check-01/stdout.log:647: trailing whitespace.
+    
docs/implementation/intake/G3/2026-10-09-model-resolution/verification/model-regression-check-01/stdout.log:664: trailing whitespace.
+tests\unit\test_q10_delivery.py:547: 
docs/implementation/intake/G3/2026-10-09-model-resolution/verification/model-regression-check-01/stdout.log:684: trailing whitespace.
+    
docs/implementation/intake/G3/2026-10-09-model-resolution/verification/model-regression-check-01/stdout.log:699: trailing whitespace.
+tests\unit\test_q10_delivery.py:570: 
docs/implementation/intake/G3/2026-10-09-model-resolution/verification/model-regression-check-01/stdout.log:719: trailing whitespace.
+    
