INFO - ======================================================================
INFO - 公司分析 - Fixture Corp
INFO - ======================================================================
INFO - 正在加载JSON配置文件: C:\Users\郑曾波\Projects\invest-quick-scan\runs\n111a\tmp\whole-phase-regression-01\test_os_external_cli_cached_an0\questions.json
INFO - 成功从JSON配置加载 1 个问题
INFO - 冻结问卷已校验（1 题，manifest 4d945c8b5731e314）
ERROR - 运行失败: external_search_routes_unadmitted: brave-primary:route_disabled,*:no_admitted_external_route
Traceback (most recent call last):
  File "C:\Users\郑曾波\Projects\invest-quick-scan\runs\n111a\qa\main_with_llm.py", line 331, in main
    return runner.run(
           ~~~~~~~~~~^
        company=args.company,
        ^^^^^^^^^^^^^^^^^^^^^
    ...<14 lines>...
        search_policy=args.search_policy,
        ^^^^^^^^^^^^^^^^^^^^^^^^^^^^^^^^^
    )
    ^
  File "C:\Users\郑曾波\Projects\invest-quick-scan\runs\n111a\qa\src\runners\llm_runner.py", line 1344, in run
    return self._run_single_company(
           ~~~~~~~~~~~~~~~~~~~~~~~~^
        company=company,
        ^^^^^^^^^^^^^^^^
    ...<10 lines>...
        search_policy=search_policy,
        ^^^^^^^^^^^^^^^^^^^^^^^^^^^^
    )
    ^
  File "C:\Users\郑曾波\Projects\invest-quick-scan\runs\n111a\qa\src\runners\llm_runner.py", line 1488, in _run_single_company
    raise ValueError("external_search_routes_unadmitted: " + rejections)
ValueError: external_search_routes_unadmitted: brave-primary:route_disabled,*:no_admitted_external_route
