
=================================== ERRORS ====================================
___________ ERROR collecting tests/test_quick_scan_observations.py ____________
C:\Miniconda\Lib\site-packages\_pytest\python.py:508: in importtestmodule
    mod = import_path(
C:\Miniconda\Lib\site-packages\_pytest\pathlib.py:596: in import_path
    importlib.import_module(module_name)
C:\Miniconda\Lib\importlib\__init__.py:88: in import_module
    return _bootstrap._gcd_import(name[level:], package, level)
           ^^^^^^^^^^^^^^^^^^^^^^^^^^^^^^^^^^^^^^^^^^^^^^^^^^^^
<frozen importlib._bootstrap>:1387: in _gcd_import
    ???
<frozen importlib._bootstrap>:1360: in _find_and_load
    ???
<frozen importlib._bootstrap>:1331: in _find_and_load_unlocked
    ???
<frozen importlib._bootstrap>:935: in _load_unlocked
    ???
C:\Miniconda\Lib\site-packages\_pytest\assertion\rewrite.py:188: in exec_module
    exec(co, module.__dict__)
tests\test_quick_scan_observations.py:22: in <module>
    from stockwiki.cli_registry import build_parser
stockwiki\cli_registry.py:7: in <module>
    from stockwiki.cli_parsers import (
stockwiki\cli_parsers\quick_scan.py:10: in <module>
    import stockwiki.quick_scan_import as quick_scan_import
E     File "C:\Users\郑曾波\Projects\invest-quick-scan\runs\r13a\sw\stockwiki\quick_scan_import.py", line 560
E       *,
E       ^
E   SyntaxError: named arguments must follow bare *
=========================== short test summary info ===========================
ERROR tests/test_quick_scan_observations.py
!!!!!!!!!!!!!!!!!!! Interrupted: 1 error during collection !!!!!!!!!!!!!!!!!!!!
1 error in 1.41s
