============================= test session starts =============================
platform win32 -- Python 3.13.9, pytest-9.1.1, pluggy-1.5.0 -- C:\Miniconda\python.exe
rootdir: C:\Users\郑曾波\Projects\StockQAbyLLM
configfile: pyproject.toml
asyncio: mode=Mode.STRICT, debug=False, asyncio_default_fixture_loop_scope=None, asyncio_default_test_loop_scope=function
collecting ... collected 26 items

..\..\..\..\Projects\StockQAbyLLM\tests\unit\test_http_client.py::TestSyncHTTPClient::test_get_session_creates_new_session PASSED [  3%]
..\..\..\..\Projects\StockQAbyLLM\tests\unit\test_http_client.py::TestSyncHTTPClient::test_get_session_returns_same_instance PASSED [  7%]
..\..\..\..\Projects\StockQAbyLLM\tests\unit\test_http_client.py::TestSyncHTTPClient::test_get_session_has_retry_configured PASSED [ 11%]
..\..\..\..\Projects\StockQAbyLLM\tests\unit\test_http_client.py::TestSyncHTTPClient::test_close_session PASSED [ 15%]
..\..\..\..\Projects\StockQAbyLLM\tests\unit\test_http_client.py::TestSyncHTTPClient::test_close_session_idempotent PASSED [ 19%]
..\..\..\..\Projects\StockQAbyLLM\tests\unit\test_http_client.py::TestSyncHTTPClient::test_get_session_after_close PASSED [ 23%]
..\..\..\..\Projects\StockQAbyLLM\tests\unit\test_http_client.py::TestAsyncHTTPClient::test_get_client_creates_new_client FAILED [ 26%]
..\..\..\..\Projects\StockQAbyLLM\tests\unit\test_http_client.py::TestAsyncHTTPClient::test_get_client_returns_same_instance FAILED [ 30%]
..\..\..\..\Projects\StockQAbyLLM\tests\unit\test_http_client.py::TestAsyncHTTPClient::test_get_client_has_limits_configured FAILED [ 34%]
..\..\..\..\Projects\StockQAbyLLM\tests\unit\test_http_client.py::TestAsyncHTTPClient::test_close_client FAILED [ 38%]
..\..\..\..\Projects\StockQAbyLLM\tests\unit\test_http_client.py::TestAsyncHTTPClient::test_get_client_after_close FAILED [ 42%]
..\..\..\..\Projects\StockQAbyLLM\tests\unit\test_http_client.py::TestAsyncHTTPClient::test_get_sync_client FAILED [ 46%]
..\..\..\..\Projects\StockQAbyLLM\tests\unit\test_http_client.py::TestAsyncHTTPClient::test_get_sync_client_has_limits_configured FAILED [ 50%]
..\..\..\..\Projects\StockQAbyLLM\tests\unit\test_http_client.py::TestAsyncHTTPClient::test_get_sync_client_close FAILED [ 53%]
..\..\..\..\Projects\StockQAbyLLM\tests\unit\test_http_client.py::TestHTTPClientManager::test_get_sync_session PASSED [ 57%]
..\..\..\..\Projects\StockQAbyLLM\tests\unit\test_http_client.py::TestHTTPClientManager::test_get_async_client FAILED [ 61%]
..\..\..\..\Projects\StockQAbyLLM\tests\unit\test_http_client.py::TestHTTPClientManager::test_get_httpx_sync_client FAILED [ 65%]
..\..\..\..\Projects\StockQAbyLLM\tests\unit\test_http_client.py::TestHTTPClientManager::test_close_all PASSED [ 69%]
..\..\..\..\Projects\StockQAbyLLM\tests\unit\test_http_client.py::TestHTTPClientManager::test_aclose_all FAILED [ 73%]
..\..\..\..\Projects\StockQAbyLLM\tests\unit\test_http_client.py::TestGlobalHTTPClientManager::test_is_httpclientmanager_instance PASSED [ 76%]
..\..\..\..\Projects\StockQAbyLLM\tests\unit\test_http_client.py::TestGlobalHTTPClientManager::test_get_sync_session_via_global PASSED [ 80%]
..\..\..\..\Projects\StockQAbyLLM\tests\unit\test_http_client.py::TestGlobalHTTPClientManager::test_get_httpx_sync_client_via_global FAILED [ 84%]
..\..\..\..\Projects\StockQAbyLLM\tests\unit\test_http_client.py::TestHTTPClientIntegration::test_sync_http_client_get_request PASSED [ 88%]
..\..\..\..\Projects\StockQAbyLLM\tests\unit\test_http_client.py::TestHTTPClientIntegration::test_sync_http_client_post_request PASSED [ 92%]
..\..\..\..\Projects\StockQAbyLLM\tests\unit\test_http_client.py::TestHTTPClientIntegration::test_async_http_client_get_request FAILED [ 96%]
..\..\..\..\Projects\StockQAbyLLM::QuestionSetTests::test_actual_stockqa_cli_emits_manifest_question_receipt_and_is_accepted_offline FAILED [100%]

================================== FAILURES ===================================
___________ TestAsyncHTTPClient.test_get_client_creates_new_client ____________

self = <tests.unit.test_http_client.TestAsyncHTTPClient object at 0x00000191051A5D10>

    @pytest.mark.asyncio
    async def test_get_client_creates_new_client(self):
        """测试首次获取 client 时创建新实例。"""
>       client = await AsyncHTTPClient.get_client()
                 ^^^^^^^^^^^^^^^^^^^^^^^^^^^^^^^^^^

..\..\..\..\Projects\StockQAbyLLM\tests\unit\test_http_client.py:106: 
_ _ _ _ _ _ _ _ _ _ _ _ _ _ _ _ _ _ _ _ _ _ _ _ _ _ _ _ _ _ _ _ _ _ _ _ _ _ _ _
..\..\..\..\Projects\StockQAbyLLM\src\utils\http_client.py:99: in get_client
    cls._client = httpx.AsyncClient(
C:\Miniconda\Lib\site-packages\httpx\_client.py:1402: in __init__
    self._transport = self._init_transport(
C:\Miniconda\Lib\site-packages\httpx\_client.py:1445: in _init_transport
    return AsyncHTTPTransport(
C:\Miniconda\Lib\site-packages\httpx\_transports\default.py:297: in __init__
    ssl_context = create_ssl_context(verify=verify, cert=cert, trust_env=trust_env)
                  ^^^^^^^^^^^^^^^^^^^^^^^^^^^^^^^^^^^^^^^^^^^^^^^^^^^^^^^^^^^^^^^^^
C:\Miniconda\Lib\site-packages\httpx\_config.py:40: in create_ssl_context
    ctx = ssl.create_default_context(cafile=certifi.where())
          ^^^^^^^^^^^^^^^^^^^^^^^^^^^^^^^^^^^^^^^^^^^^^^^^^^
_ _ _ _ _ _ _ _ _ _ _ _ _ _ _ _ _ _ _ _ _ _ _ _ _ _ _ _ _ _ _ _ _ _ _ _ _ _ _ _

purpose = <Purpose.SERVER_AUTH: _ASN1Object(nid=129, shortname='serverAuth', longname='TLS Web Server Authentication', oid='1.3.6.1.5.5.7.3.1')>
cafile = 'C:\\Miniconda\\Lib\\site-packages\\certifi\\cacert.pem', capath = None
cadata = None

    def create_default_context(purpose=Purpose.SERVER_AUTH, *, cafile=None,
                               capath=None, cadata=None):
        """Create a SSLContext object with default settings.
    
        NOTE: The protocol and settings may change anytime without prior
              deprecation. The values represent a fair balance between maximum
              compatibility and security.
        """
        if not isinstance(purpose, _ASN1Object):
            raise TypeError(purpose)
    
        # SSLContext sets OP_NO_SSLv2, OP_NO_SSLv3, OP_NO_COMPRESSION,
        # OP_CIPHER_SERVER_PREFERENCE, OP_SINGLE_DH_USE and OP_SINGLE_ECDH_USE
        # by default.
        if purpose == Purpose.SERVER_AUTH:
            # verify certs and host name in client mode
            context = SSLContext(PROTOCOL_TLS_CLIENT)
            context.verify_mode = CERT_REQUIRED
            context.check_hostname = True
        elif purpose == Purpose.CLIENT_AUTH:
            context = SSLContext(PROTOCOL_TLS_SERVER)
        else:
            raise ValueError(purpose)
    
        # `VERIFY_X509_PARTIAL_CHAIN` makes OpenSSL's chain building behave more
        # like RFC 3280 and 5280, which specify that chain building stops with the
        # first trust anchor, even if that anchor is not self-signed.
        #
        # `VERIFY_X509_STRICT` makes OpenSSL more conservative about the
        # certificates it accepts, including "disabling workarounds for
        # some broken certificates."
        context.verify_flags |= (_ssl.VERIFY_X509_PARTIAL_CHAIN |
                                 _ssl.VERIFY_X509_STRICT)
    
        if cafile or capath or cadata:
>           context.load_verify_locations(cafile, capath, cadata)
E           PermissionError: [Errno 13] Permission denied

C:\Miniconda\Lib\ssl.py:717: PermissionError
__________ TestAsyncHTTPClient.test_get_client_returns_same_instance __________

self = <tests.unit.test_http_client.TestAsyncHTTPClient object at 0x00000191051A5A90>

    @pytest.mark.asyncio
    async def test_get_client_returns_same_instance(self):
        """测试多次获取返回同一实例（单例模式）。"""
>       client1 = await AsyncHTTPClient.get_client()
                  ^^^^^^^^^^^^^^^^^^^^^^^^^^^^^^^^^^

..\..\..\..\Projects\StockQAbyLLM\tests\unit\test_http_client.py:113: 
_ _ _ _ _ _ _ _ _ _ _ _ _ _ _ _ _ _ _ _ _ _ _ _ _ _ _ _ _ _ _ _ _ _ _ _ _ _ _ _
..\..\..\..\Projects\StockQAbyLLM\src\utils\http_client.py:99: in get_client
    cls._client = httpx.AsyncClient(
C:\Miniconda\Lib\site-packages\httpx\_client.py:1402: in __init__
    self._transport = self._init_transport(
C:\Miniconda\Lib\site-packages\httpx\_client.py:1445: in _init_transport
    return AsyncHTTPTransport(
C:\Miniconda\Lib\site-packages\httpx\_transports\default.py:297: in __init__
    ssl_context = create_ssl_context(verify=verify, cert=cert, trust_env=trust_env)
                  ^^^^^^^^^^^^^^^^^^^^^^^^^^^^^^^^^^^^^^^^^^^^^^^^^^^^^^^^^^^^^^^^^
C:\Miniconda\Lib\site-packages\httpx\_config.py:40: in create_ssl_context
    ctx = ssl.create_default_context(cafile=certifi.where())
          ^^^^^^^^^^^^^^^^^^^^^^^^^^^^^^^^^^^^^^^^^^^^^^^^^^
_ _ _ _ _ _ _ _ _ _ _ _ _ _ _ _ _ _ _ _ _ _ _ _ _ _ _ _ _ _ _ _ _ _ _ _ _ _ _ _

purpose = <Purpose.SERVER_AUTH: _ASN1Object(nid=129, shortname='serverAuth', longname='TLS Web Server Authentication', oid='1.3.6.1.5.5.7.3.1')>
cafile = 'C:\\Miniconda\\Lib\\site-packages\\certifi\\cacert.pem', capath = None
cadata = None

    def create_default_context(purpose=Purpose.SERVER_AUTH, *, cafile=None,
                               capath=None, cadata=None):
        """Create a SSLContext object with default settings.
    
        NOTE: The protocol and settings may change anytime without prior
              deprecation. The values represent a fair balance between maximum
              compatibility and security.
        """
        if not isinstance(purpose, _ASN1Object):
            raise TypeError(purpose)
    
        # SSLContext sets OP_NO_SSLv2, OP_NO_SSLv3, OP_NO_COMPRESSION,
        # OP_CIPHER_SERVER_PREFERENCE, OP_SINGLE_DH_USE and OP_SINGLE_ECDH_USE
        # by default.
        if purpose == Purpose.SERVER_AUTH:
            # verify certs and host name in client mode
            context = SSLContext(PROTOCOL_TLS_CLIENT)
            context.verify_mode = CERT_REQUIRED
            context.check_hostname = True
        elif purpose == Purpose.CLIENT_AUTH:
            context = SSLContext(PROTOCOL_TLS_SERVER)
        else:
            raise ValueError(purpose)
    
        # `VERIFY_X509_PARTIAL_CHAIN` makes OpenSSL's chain building behave more
        # like RFC 3280 and 5280, which specify that chain building stops with the
        # first trust anchor, even if that anchor is not self-signed.
        #
        # `VERIFY_X509_STRICT` makes OpenSSL more conservative about the
        # certificates it accepts, including "disabling workarounds for
        # some broken certificates."
        context.verify_flags |= (_ssl.VERIFY_X509_PARTIAL_CHAIN |
                                 _ssl.VERIFY_X509_STRICT)
    
        if cafile or capath or cadata:
>           context.load_verify_locations(cafile, capath, cadata)
E           PermissionError: [Errno 13] Permission denied

C:\Miniconda\Lib\ssl.py:717: PermissionError
__________ TestAsyncHTTPClient.test_get_client_has_limits_configured __________

self = <tests.unit.test_http_client.TestAsyncHTTPClient object at 0x0000019105063BB0>

    @pytest.mark.asyncio
    async def test_get_client_has_limits_configured(self):
        """测试 client 配置了连接池限制。"""
>       client = await AsyncHTTPClient.get_client()
                 ^^^^^^^^^^^^^^^^^^^^^^^^^^^^^^^^^^

..\..\..\..\Projects\StockQAbyLLM\tests\unit\test_http_client.py:120: 
_ _ _ _ _ _ _ _ _ _ _ _ _ _ _ _ _ _ _ _ _ _ _ _ _ _ _ _ _ _ _ _ _ _ _ _ _ _ _ _
..\..\..\..\Projects\StockQAbyLLM\src\utils\http_client.py:99: in get_client
    cls._client = httpx.AsyncClient(
C:\Miniconda\Lib\site-packages\httpx\_client.py:1402: in __init__
    self._transport = self._init_transport(
C:\Miniconda\Lib\site-packages\httpx\_client.py:1445: in _init_transport
    return AsyncHTTPTransport(
C:\Miniconda\Lib\site-packages\httpx\_transports\default.py:297: in __init__
    ssl_context = create_ssl_context(verify=verify, cert=cert, trust_env=trust_env)
                  ^^^^^^^^^^^^^^^^^^^^^^^^^^^^^^^^^^^^^^^^^^^^^^^^^^^^^^^^^^^^^^^^^
C:\Miniconda\Lib\site-packages\httpx\_config.py:40: in create_ssl_context
    ctx = ssl.create_default_context(cafile=certifi.where())
          ^^^^^^^^^^^^^^^^^^^^^^^^^^^^^^^^^^^^^^^^^^^^^^^^^^
_ _ _ _ _ _ _ _ _ _ _ _ _ _ _ _ _ _ _ _ _ _ _ _ _ _ _ _ _ _ _ _ _ _ _ _ _ _ _ _

purpose = <Purpose.SERVER_AUTH: _ASN1Object(nid=129, shortname='serverAuth', longname='TLS Web Server Authentication', oid='1.3.6.1.5.5.7.3.1')>
cafile = 'C:\\Miniconda\\Lib\\site-packages\\certifi\\cacert.pem', capath = None
cadata = None

    def create_default_context(purpose=Purpose.SERVER_AUTH, *, cafile=None,
                               capath=None, cadata=None):
        """Create a SSLContext object with default settings.
    
        NOTE: The protocol and settings may change anytime without prior
              deprecation. The values represent a fair balance between maximum
              compatibility and security.
        """
        if not isinstance(purpose, _ASN1Object):
            raise TypeError(purpose)
    
        # SSLContext sets OP_NO_SSLv2, OP_NO_SSLv3, OP_NO_COMPRESSION,
        # OP_CIPHER_SERVER_PREFERENCE, OP_SINGLE_DH_USE and OP_SINGLE_ECDH_USE
        # by default.
        if purpose == Purpose.SERVER_AUTH:
            # verify certs and host name in client mode
            context = SSLContext(PROTOCOL_TLS_CLIENT)
            context.verify_mode = CERT_REQUIRED
            context.check_hostname = True
        elif purpose == Purpose.CLIENT_AUTH:
            context = SSLContext(PROTOCOL_TLS_SERVER)
        else:
            raise ValueError(purpose)
    
        # `VERIFY_X509_PARTIAL_CHAIN` makes OpenSSL's chain building behave more
        # like RFC 3280 and 5280, which specify that chain building stops with the
        # first trust anchor, even if that anchor is not self-signed.
        #
        # `VERIFY_X509_STRICT` makes OpenSSL more conservative about the
        # certificates it accepts, including "disabling workarounds for
        # some broken certificates."
        context.verify_flags |= (_ssl.VERIFY_X509_PARTIAL_CHAIN |
                                 _ssl.VERIFY_X509_STRICT)
    
        if cafile or capath or cadata:
>           context.load_verify_locations(cafile, capath, cadata)
E           PermissionError: [Errno 13] Permission denied

C:\Miniconda\Lib\ssl.py:717: PermissionError
____________________ TestAsyncHTTPClient.test_close_client ____________________

self = <tests.unit.test_http_client.TestAsyncHTTPClient object at 0x0000019105234050>

    @pytest.mark.asyncio
    async def test_close_client(self):
        """测试关闭 client。"""
>       client = await AsyncHTTPClient.get_client()
                 ^^^^^^^^^^^^^^^^^^^^^^^^^^^^^^^^^^

..\..\..\..\Projects\StockQAbyLLM\tests\unit\test_http_client.py:128: 
_ _ _ _ _ _ _ _ _ _ _ _ _ _ _ _ _ _ _ _ _ _ _ _ _ _ _ _ _ _ _ _ _ _ _ _ _ _ _ _
..\..\..\..\Projects\StockQAbyLLM\src\utils\http_client.py:99: in get_client
    cls._client = httpx.AsyncClient(
C:\Miniconda\Lib\site-packages\httpx\_client.py:1402: in __init__
    self._transport = self._init_transport(
C:\Miniconda\Lib\site-packages\httpx\_client.py:1445: in _init_transport
    return AsyncHTTPTransport(
C:\Miniconda\Lib\site-packages\httpx\_transports\default.py:297: in __init__
    ssl_context = create_ssl_context(verify=verify, cert=cert, trust_env=trust_env)
                  ^^^^^^^^^^^^^^^^^^^^^^^^^^^^^^^^^^^^^^^^^^^^^^^^^^^^^^^^^^^^^^^^^
C:\Miniconda\Lib\site-packages\httpx\_config.py:40: in create_ssl_context
    ctx = ssl.create_default_context(cafile=certifi.where())
          ^^^^^^^^^^^^^^^^^^^^^^^^^^^^^^^^^^^^^^^^^^^^^^^^^^
_ _ _ _ _ _ _ _ _ _ _ _ _ _ _ _ _ _ _ _ _ _ _ _ _ _ _ _ _ _ _ _ _ _ _ _ _ _ _ _

purpose = <Purpose.SERVER_AUTH: _ASN1Object(nid=129, shortname='serverAuth', longname='TLS Web Server Authentication', oid='1.3.6.1.5.5.7.3.1')>
cafile = 'C:\\Miniconda\\Lib\\site-packages\\certifi\\cacert.pem', capath = None
cadata = None

    def create_default_context(purpose=Purpose.SERVER_AUTH, *, cafile=None,
                               capath=None, cadata=None):
        """Create a SSLContext object with default settings.
    
        NOTE: The protocol and settings may change anytime without prior
              deprecation. The values represent a fair balance between maximum
              compatibility and security.
        """
        if not isinstance(purpose, _ASN1Object):
            raise TypeError(purpose)
    
        # SSLContext sets OP_NO_SSLv2, OP_NO_SSLv3, OP_NO_COMPRESSION,
        # OP_CIPHER_SERVER_PREFERENCE, OP_SINGLE_DH_USE and OP_SINGLE_ECDH_USE
        # by default.
        if purpose == Purpose.SERVER_AUTH:
            # verify certs and host name in client mode
            context = SSLContext(PROTOCOL_TLS_CLIENT)
            context.verify_mode = CERT_REQUIRED
            context.check_hostname = True
        elif purpose == Purpose.CLIENT_AUTH:
            context = SSLContext(PROTOCOL_TLS_SERVER)
        else:
            raise ValueError(purpose)
    
        # `VERIFY_X509_PARTIAL_CHAIN` makes OpenSSL's chain building behave more
        # like RFC 3280 and 5280, which specify that chain building stops with the
        # first trust anchor, even if that anchor is not self-signed.
        #
        # `VERIFY_X509_STRICT` makes OpenSSL more conservative about the
        # certificates it accepts, including "disabling workarounds for
        # some broken certificates."
        context.verify_flags |= (_ssl.VERIFY_X509_PARTIAL_CHAIN |
                                 _ssl.VERIFY_X509_STRICT)
    
        if cafile or capath or cadata:
>           context.load_verify_locations(cafile, capath, cadata)
E           PermissionError: [Errno 13] Permission denied

C:\Miniconda\Lib\ssl.py:717: PermissionError
_______________ TestAsyncHTTPClient.test_get_client_after_close _______________

self = <tests.unit.test_http_client.TestAsyncHTTPClient object at 0x000001910522D010>

    @pytest.mark.asyncio
    async def test_get_client_after_close(self):
        """测试关闭后重新获取创建新 client。"""
>       client1 = await AsyncHTTPClient.get_client()
                  ^^^^^^^^^^^^^^^^^^^^^^^^^^^^^^^^^^

..\..\..\..\Projects\StockQAbyLLM\tests\unit\test_http_client.py:138: 
_ _ _ _ _ _ _ _ _ _ _ _ _ _ _ _ _ _ _ _ _ _ _ _ _ _ _ _ _ _ _ _ _ _ _ _ _ _ _ _
..\..\..\..\Projects\StockQAbyLLM\src\utils\http_client.py:99: in get_client
    cls._client = httpx.AsyncClient(
C:\Miniconda\Lib\site-packages\httpx\_client.py:1402: in __init__
    self._transport = self._init_transport(
C:\Miniconda\Lib\site-packages\httpx\_client.py:1445: in _init_transport
    return AsyncHTTPTransport(
C:\Miniconda\Lib\site-packages\httpx\_transports\default.py:297: in __init__
    ssl_context = create_ssl_context(verify=verify, cert=cert, trust_env=trust_env)
                  ^^^^^^^^^^^^^^^^^^^^^^^^^^^^^^^^^^^^^^^^^^^^^^^^^^^^^^^^^^^^^^^^^
C:\Miniconda\Lib\site-packages\httpx\_config.py:40: in create_ssl_context
    ctx = ssl.create_default_context(cafile=certifi.where())
          ^^^^^^^^^^^^^^^^^^^^^^^^^^^^^^^^^^^^^^^^^^^^^^^^^^
_ _ _ _ _ _ _ _ _ _ _ _ _ _ _ _ _ _ _ _ _ _ _ _ _ _ _ _ _ _ _ _ _ _ _ _ _ _ _ _

purpose = <Purpose.SERVER_AUTH: _ASN1Object(nid=129, shortname='serverAuth', longname='TLS Web Server Authentication', oid='1.3.6.1.5.5.7.3.1')>
cafile = 'C:\\Miniconda\\Lib\\site-packages\\certifi\\cacert.pem', capath = None
cadata = None

    def create_default_context(purpose=Purpose.SERVER_AUTH, *, cafile=None,
                               capath=None, cadata=None):
        """Create a SSLContext object with default settings.
    
        NOTE: The protocol and settings may change anytime without prior
              deprecation. The values represent a fair balance between maximum
              compatibility and security.
        """
        if not isinstance(purpose, _ASN1Object):
            raise TypeError(purpose)
    
        # SSLContext sets OP_NO_SSLv2, OP_NO_SSLv3, OP_NO_COMPRESSION,
        # OP_CIPHER_SERVER_PREFERENCE, OP_SINGLE_DH_USE and OP_SINGLE_ECDH_USE
        # by default.
        if purpose == Purpose.SERVER_AUTH:
            # verify certs and host name in client mode
            context = SSLContext(PROTOCOL_TLS_CLIENT)
            context.verify_mode = CERT_REQUIRED
            context.check_hostname = True
        elif purpose == Purpose.CLIENT_AUTH:
            context = SSLContext(PROTOCOL_TLS_SERVER)
        else:
            raise ValueError(purpose)
    
        # `VERIFY_X509_PARTIAL_CHAIN` makes OpenSSL's chain building behave more
        # like RFC 3280 and 5280, which specify that chain building stops with the
        # first trust anchor, even if that anchor is not self-signed.
        #
        # `VERIFY_X509_STRICT` makes OpenSSL more conservative about the
        # certificates it accepts, including "disabling workarounds for
        # some broken certificates."
        context.verify_flags |= (_ssl.VERIFY_X509_PARTIAL_CHAIN |
                                 _ssl.VERIFY_X509_STRICT)
    
        if cafile or capath or cadata:
>           context.load_verify_locations(cafile, capath, cadata)
E           PermissionError: [Errno 13] Permission denied

C:\Miniconda\Lib\ssl.py:717: PermissionError
__________________ TestAsyncHTTPClient.test_get_sync_client ___________________

self = <tests.unit.test_http_client.TestAsyncHTTPClient object at 0x0000019104C5B240>

    def test_get_sync_client(self):
        """测试获取同步 httpx.Client。"""
>       client = AsyncHTTPClient.get_sync_client()
                 ^^^^^^^^^^^^^^^^^^^^^^^^^^^^^^^^^

..\..\..\..\Projects\StockQAbyLLM\tests\unit\test_http_client.py:148: 
_ _ _ _ _ _ _ _ _ _ _ _ _ _ _ _ _ _ _ _ _ _ _ _ _ _ _ _ _ _ _ _ _ _ _ _ _ _ _ _
..\..\..\..\Projects\StockQAbyLLM\src\utils\http_client.py:136: in get_sync_client
    return httpx.Client(
C:\Miniconda\Lib\site-packages\httpx\_client.py:688: in __init__
    self._transport = self._init_transport(
C:\Miniconda\Lib\site-packages\httpx\_client.py:731: in _init_transport
    return HTTPTransport(
C:\Miniconda\Lib\site-packages\httpx\_transports\default.py:153: in __init__
    ssl_context = create_ssl_context(verify=verify, cert=cert, trust_env=trust_env)
                  ^^^^^^^^^^^^^^^^^^^^^^^^^^^^^^^^^^^^^^^^^^^^^^^^^^^^^^^^^^^^^^^^^
C:\Miniconda\Lib\site-packages\httpx\_config.py:40: in create_ssl_context
    ctx = ssl.create_default_context(cafile=certifi.where())
          ^^^^^^^^^^^^^^^^^^^^^^^^^^^^^^^^^^^^^^^^^^^^^^^^^^
_ _ _ _ _ _ _ _ _ _ _ _ _ _ _ _ _ _ _ _ _ _ _ _ _ _ _ _ _ _ _ _ _ _ _ _ _ _ _ _

purpose = <Purpose.SERVER_AUTH: _ASN1Object(nid=129, shortname='serverAuth', longname='TLS Web Server Authentication', oid='1.3.6.1.5.5.7.3.1')>
cafile = 'C:\\Miniconda\\Lib\\site-packages\\certifi\\cacert.pem', capath = None
cadata = None

    def create_default_context(purpose=Purpose.SERVER_AUTH, *, cafile=None,
                               capath=None, cadata=None):
        """Create a SSLContext object with default settings.
    
        NOTE: The protocol and settings may change anytime without prior
              deprecation. The values represent a fair balance between maximum
              compatibility and security.
        """
        if not isinstance(purpose, _ASN1Object):
            raise TypeError(purpose)
    
        # SSLContext sets OP_NO_SSLv2, OP_NO_SSLv3, OP_NO_COMPRESSION,
        # OP_CIPHER_SERVER_PREFERENCE, OP_SINGLE_DH_USE and OP_SINGLE_ECDH_USE
        # by default.
        if purpose == Purpose.SERVER_AUTH:
            # verify certs and host name in client mode
            context = SSLContext(PROTOCOL_TLS_CLIENT)
            context.verify_mode = CERT_REQUIRED
            context.check_hostname = True
        elif purpose == Purpose.CLIENT_AUTH:
            context = SSLContext(PROTOCOL_TLS_SERVER)
        else:
            raise ValueError(purpose)
    
        # `VERIFY_X509_PARTIAL_CHAIN` makes OpenSSL's chain building behave more
        # like RFC 3280 and 5280, which specify that chain building stops with the
        # first trust anchor, even if that anchor is not self-signed.
        #
        # `VERIFY_X509_STRICT` makes OpenSSL more conservative about the
        # certificates it accepts, including "disabling workarounds for
        # some broken certificates."
        context.verify_flags |= (_ssl.VERIFY_X509_PARTIAL_CHAIN |
                                 _ssl.VERIFY_X509_STRICT)
    
        if cafile or capath or cadata:
>           context.load_verify_locations(cafile, capath, cadata)
E           PermissionError: [Errno 13] Permission denied

C:\Miniconda\Lib\ssl.py:717: PermissionError
_______ TestAsyncHTTPClient.test_get_sync_client_has_limits_configured ________

self = <tests.unit.test_http_client.TestAsyncHTTPClient object at 0x00000191051BD590>

    def test_get_sync_client_has_limits_configured(self):
        """测试同步 client 配置了连接池限制。"""
>       client = AsyncHTTPClient.get_sync_client()
                 ^^^^^^^^^^^^^^^^^^^^^^^^^^^^^^^^^

..\..\..\..\Projects\StockQAbyLLM\tests\unit\test_http_client.py:156: 
_ _ _ _ _ _ _ _ _ _ _ _ _ _ _ _ _ _ _ _ _ _ _ _ _ _ _ _ _ _ _ _ _ _ _ _ _ _ _ _
..\..\..\..\Projects\StockQAbyLLM\src\utils\http_client.py:136: in get_sync_client
    return httpx.Client(
C:\Miniconda\Lib\site-packages\httpx\_client.py:688: in __init__
    self._transport = self._init_transport(
C:\Miniconda\Lib\site-packages\httpx\_client.py:731: in _init_transport
    return HTTPTransport(
C:\Miniconda\Lib\site-packages\httpx\_transports\default.py:153: in __init__
    ssl_context = create_ssl_context(verify=verify, cert=cert, trust_env=trust_env)
                  ^^^^^^^^^^^^^^^^^^^^^^^^^^^^^^^^^^^^^^^^^^^^^^^^^^^^^^^^^^^^^^^^^
C:\Miniconda\Lib\site-packages\httpx\_config.py:40: in create_ssl_context
    ctx = ssl.create_default_context(cafile=certifi.where())
          ^^^^^^^^^^^^^^^^^^^^^^^^^^^^^^^^^^^^^^^^^^^^^^^^^^
_ _ _ _ _ _ _ _ _ _ _ _ _ _ _ _ _ _ _ _ _ _ _ _ _ _ _ _ _ _ _ _ _ _ _ _ _ _ _ _

purpose = <Purpose.SERVER_AUTH: _ASN1Object(nid=129, shortname='serverAuth', longname='TLS Web Server Authentication', oid='1.3.6.1.5.5.7.3.1')>
cafile = 'C:\\Miniconda\\Lib\\site-packages\\certifi\\cacert.pem', capath = None
cadata = None

    def create_default_context(purpose=Purpose.SERVER_AUTH, *, cafile=None,
                               capath=None, cadata=None):
        """Create a SSLContext object with default settings.
    
        NOTE: The protocol and settings may change anytime without prior
              deprecation. The values represent a fair balance between maximum
              compatibility and security.
        """
        if not isinstance(purpose, _ASN1Object):
            raise TypeError(purpose)
    
        # SSLContext sets OP_NO_SSLv2, OP_NO_SSLv3, OP_NO_COMPRESSION,
        # OP_CIPHER_SERVER_PREFERENCE, OP_SINGLE_DH_USE and OP_SINGLE_ECDH_USE
        # by default.
        if purpose == Purpose.SERVER_AUTH:
            # verify certs and host name in client mode
            context = SSLContext(PROTOCOL_TLS_CLIENT)
            context.verify_mode = CERT_REQUIRED
            context.check_hostname = True
        elif purpose == Purpose.CLIENT_AUTH:
            context = SSLContext(PROTOCOL_TLS_SERVER)
        else:
            raise ValueError(purpose)
    
        # `VERIFY_X509_PARTIAL_CHAIN` makes OpenSSL's chain building behave more
        # like RFC 3280 and 5280, which specify that chain building stops with the
        # first trust anchor, even if that anchor is not self-signed.
        #
        # `VERIFY_X509_STRICT` makes OpenSSL more conservative about the
        # certificates it accepts, including "disabling workarounds for
        # some broken certificates."
        context.verify_flags |= (_ssl.VERIFY_X509_PARTIAL_CHAIN |
                                 _ssl.VERIFY_X509_STRICT)
    
        if cafile or capath or cadata:
>           context.load_verify_locations(cafile, capath, cadata)
E           PermissionError: [Errno 13] Permission denied

C:\Miniconda\Lib\ssl.py:717: PermissionError
_______________ TestAsyncHTTPClient.test_get_sync_client_close ________________

self = <tests.unit.test_http_client.TestAsyncHTTPClient object at 0x000001910506F950>

    def test_get_sync_client_close(self):
        """测试关闭同步 client。"""
>       client = AsyncHTTPClient.get_sync_client()
                 ^^^^^^^^^^^^^^^^^^^^^^^^^^^^^^^^^

..\..\..\..\Projects\StockQAbyLLM\tests\unit\test_http_client.py:162: 
_ _ _ _ _ _ _ _ _ _ _ _ _ _ _ _ _ _ _ _ _ _ _ _ _ _ _ _ _ _ _ _ _ _ _ _ _ _ _ _
..\..\..\..\Projects\StockQAbyLLM\src\utils\http_client.py:136: in get_sync_client
    return httpx.Client(
C:\Miniconda\Lib\site-packages\httpx\_client.py:688: in __init__
    self._transport = self._init_transport(
C:\Miniconda\Lib\site-packages\httpx\_client.py:731: in _init_transport
    return HTTPTransport(
C:\Miniconda\Lib\site-packages\httpx\_transports\default.py:153: in __init__
    ssl_context = create_ssl_context(verify=verify, cert=cert, trust_env=trust_env)
                  ^^^^^^^^^^^^^^^^^^^^^^^^^^^^^^^^^^^^^^^^^^^^^^^^^^^^^^^^^^^^^^^^^
C:\Miniconda\Lib\site-packages\httpx\_config.py:40: in create_ssl_context
    ctx = ssl.create_default_context(cafile=certifi.where())
          ^^^^^^^^^^^^^^^^^^^^^^^^^^^^^^^^^^^^^^^^^^^^^^^^^^
_ _ _ _ _ _ _ _ _ _ _ _ _ _ _ _ _ _ _ _ _ _ _ _ _ _ _ _ _ _ _ _ _ _ _ _ _ _ _ _

purpose = <Purpose.SERVER_AUTH: _ASN1Object(nid=129, shortname='serverAuth', longname='TLS Web Server Authentication', oid='1.3.6.1.5.5.7.3.1')>
cafile = 'C:\\Miniconda\\Lib\\site-packages\\certifi\\cacert.pem', capath = None
cadata = None

    def create_default_context(purpose=Purpose.SERVER_AUTH, *, cafile=None,
                               capath=None, cadata=None):
        """Create a SSLContext object with default settings.
    
        NOTE: The protocol and settings may change anytime without prior
              deprecation. The values represent a fair balance between maximum
              compatibility and security.
        """
        if not isinstance(purpose, _ASN1Object):
            raise TypeError(purpose)
    
        # SSLContext sets OP_NO_SSLv2, OP_NO_SSLv3, OP_NO_COMPRESSION,
        # OP_CIPHER_SERVER_PREFERENCE, OP_SINGLE_DH_USE and OP_SINGLE_ECDH_USE
        # by default.
        if purpose == Purpose.SERVER_AUTH:
            # verify certs and host name in client mode
            context = SSLContext(PROTOCOL_TLS_CLIENT)
            context.verify_mode = CERT_REQUIRED
            context.check_hostname = True
        elif purpose == Purpose.CLIENT_AUTH:
            context = SSLContext(PROTOCOL_TLS_SERVER)
        else:
            raise ValueError(purpose)
    
        # `VERIFY_X509_PARTIAL_CHAIN` makes OpenSSL's chain building behave more
        # like RFC 3280 and 5280, which specify that chain building stops with the
        # first trust anchor, even if that anchor is not self-signed.
        #
        # `VERIFY_X509_STRICT` makes OpenSSL more conservative about the
        # certificates it accepts, including "disabling workarounds for
        # some broken certificates."
        context.verify_flags |= (_ssl.VERIFY_X509_PARTIAL_CHAIN |
                                 _ssl.VERIFY_X509_STRICT)
    
        if cafile or capath or cadata:
>           context.load_verify_locations(cafile, capath, cadata)
E           PermissionError: [Errno 13] Permission denied

C:\Miniconda\Lib\ssl.py:717: PermissionError
_________________ TestHTTPClientManager.test_get_async_client _________________

self = <tests.unit.test_http_client.TestHTTPClientManager object at 0x00000191051A5F90>

    @pytest.mark.asyncio
    async def test_get_async_client(self):
        """测试获取异步 client。"""
>       client = await HTTPClientManager.get_async_client()
                 ^^^^^^^^^^^^^^^^^^^^^^^^^^^^^^^^^^^^^^^^^^

..\..\..\..\Projects\StockQAbyLLM\tests\unit\test_http_client.py:200: 
_ _ _ _ _ _ _ _ _ _ _ _ _ _ _ _ _ _ _ _ _ _ _ _ _ _ _ _ _ _ _ _ _ _ _ _ _ _ _ _
..\..\..\..\Projects\StockQAbyLLM\src\utils\http_client.py:158: in get_async_client
    return await AsyncHTTPClient.get_client()
           ^^^^^^^^^^^^^^^^^^^^^^^^^^^^^^^^^^
..\..\..\..\Projects\StockQAbyLLM\src\utils\http_client.py:99: in get_client
    cls._client = httpx.AsyncClient(
C:\Miniconda\Lib\site-packages\httpx\_client.py:1402: in __init__
    self._transport = self._init_transport(
C:\Miniconda\Lib\site-packages\httpx\_client.py:1445: in _init_transport
    return AsyncHTTPTransport(
C:\Miniconda\Lib\site-packages\httpx\_transports\default.py:297: in __init__
    ssl_context = create_ssl_context(verify=verify, cert=cert, trust_env=trust_env)
                  ^^^^^^^^^^^^^^^^^^^^^^^^^^^^^^^^^^^^^^^^^^^^^^^^^^^^^^^^^^^^^^^^^
C:\Miniconda\Lib\site-packages\httpx\_config.py:40: in create_ssl_context
    ctx = ssl.create_default_context(cafile=certifi.where())
          ^^^^^^^^^^^^^^^^^^^^^^^^^^^^^^^^^^^^^^^^^^^^^^^^^^
_ _ _ _ _ _ _ _ _ _ _ _ _ _ _ _ _ _ _ _ _ _ _ _ _ _ _ _ _ _ _ _ _ _ _ _ _ _ _ _

purpose = <Purpose.SERVER_AUTH: _ASN1Object(nid=129, shortname='serverAuth', longname='TLS Web Server Authentication', oid='1.3.6.1.5.5.7.3.1')>
cafile = 'C:\\Miniconda\\Lib\\site-packages\\certifi\\cacert.pem', capath = None
cadata = None

    def create_default_context(purpose=Purpose.SERVER_AUTH, *, cafile=None,
                               capath=None, cadata=None):
        """Create a SSLContext object with default settings.
    
        NOTE: The protocol and settings may change anytime without prior
              deprecation. The values represent a fair balance between maximum
              compatibility and security.
        """
        if not isinstance(purpose, _ASN1Object):
            raise TypeError(purpose)
    
        # SSLContext sets OP_NO_SSLv2, OP_NO_SSLv3, OP_NO_COMPRESSION,
        # OP_CIPHER_SERVER_PREFERENCE, OP_SINGLE_DH_USE and OP_SINGLE_ECDH_USE
        # by default.
        if purpose == Purpose.SERVER_AUTH:
            # verify certs and host name in client mode
            context = SSLContext(PROTOCOL_TLS_CLIENT)
            context.verify_mode = CERT_REQUIRED
            context.check_hostname = True
        elif purpose == Purpose.CLIENT_AUTH:
            context = SSLContext(PROTOCOL_TLS_SERVER)
        else:
            raise ValueError(purpose)
    
        # `VERIFY_X509_PARTIAL_CHAIN` makes OpenSSL's chain building behave more
        # like RFC 3280 and 5280, which specify that chain building stops with the
        # first trust anchor, even if that anchor is not self-signed.
        #
        # `VERIFY_X509_STRICT` makes OpenSSL more conservative about the
        # certificates it accepts, including "disabling workarounds for
        # some broken certificates."
        context.verify_flags |= (_ssl.VERIFY_X509_PARTIAL_CHAIN |
                                 _ssl.VERIFY_X509_STRICT)
    
        if cafile or capath or cadata:
>           context.load_verify_locations(cafile, capath, cadata)
E           PermissionError: [Errno 13] Permission denied

C:\Miniconda\Lib\ssl.py:717: PermissionError
______________ TestHTTPClientManager.test_get_httpx_sync_client _______________

self = <tests.unit.test_http_client.TestHTTPClientManager object at 0x0000019105234180>

    def test_get_httpx_sync_client(self):
        """测试获取同步 httpx client。"""
>       client = HTTPClientManager.get_httpx_sync_client()
                 ^^^^^^^^^^^^^^^^^^^^^^^^^^^^^^^^^^^^^^^^^

..\..\..\..\Projects\StockQAbyLLM\tests\unit\test_http_client.py:205: 
_ _ _ _ _ _ _ _ _ _ _ _ _ _ _ _ _ _ _ _ _ _ _ _ _ _ _ _ _ _ _ _ _ _ _ _ _ _ _ _
..\..\..\..\Projects\StockQAbyLLM\src\utils\http_client.py:163: in get_httpx_sync_client
    return AsyncHTTPClient.get_sync_client()
           ^^^^^^^^^^^^^^^^^^^^^^^^^^^^^^^^^
..\..\..\..\Projects\StockQAbyLLM\src\utils\http_client.py:136: in get_sync_client
    return httpx.Client(
C:\Miniconda\Lib\site-packages\httpx\_client.py:688: in __init__
    self._transport = self._init_transport(
C:\Miniconda\Lib\site-packages\httpx\_client.py:731: in _init_transport
    return HTTPTransport(
C:\Miniconda\Lib\site-packages\httpx\_transports\default.py:153: in __init__
    ssl_context = create_ssl_context(verify=verify, cert=cert, trust_env=trust_env)
                  ^^^^^^^^^^^^^^^^^^^^^^^^^^^^^^^^^^^^^^^^^^^^^^^^^^^^^^^^^^^^^^^^^
C:\Miniconda\Lib\site-packages\httpx\_config.py:40: in create_ssl_context
    ctx = ssl.create_default_context(cafile=certifi.where())
          ^^^^^^^^^^^^^^^^^^^^^^^^^^^^^^^^^^^^^^^^^^^^^^^^^^
_ _ _ _ _ _ _ _ _ _ _ _ _ _ _ _ _ _ _ _ _ _ _ _ _ _ _ _ _ _ _ _ _ _ _ _ _ _ _ _

purpose = <Purpose.SERVER_AUTH: _ASN1Object(nid=129, shortname='serverAuth', longname='TLS Web Server Authentication', oid='1.3.6.1.5.5.7.3.1')>
cafile = 'C:\\Miniconda\\Lib\\site-packages\\certifi\\cacert.pem', capath = None
cadata = None

    def create_default_context(purpose=Purpose.SERVER_AUTH, *, cafile=None,
                               capath=None, cadata=None):
        """Create a SSLContext object with default settings.
    
        NOTE: The protocol and settings may change anytime without prior
              deprecation. The values represent a fair balance between maximum
              compatibility and security.
        """
        if not isinstance(purpose, _ASN1Object):
            raise TypeError(purpose)
    
        # SSLContext sets OP_NO_SSLv2, OP_NO_SSLv3, OP_NO_COMPRESSION,
        # OP_CIPHER_SERVER_PREFERENCE, OP_SINGLE_DH_USE and OP_SINGLE_ECDH_USE
        # by default.
        if purpose == Purpose.SERVER_AUTH:
            # verify certs and host name in client mode
            context = SSLContext(PROTOCOL_TLS_CLIENT)
            context.verify_mode = CERT_REQUIRED
            context.check_hostname = True
        elif purpose == Purpose.CLIENT_AUTH:
            context = SSLContext(PROTOCOL_TLS_SERVER)
        else:
            raise ValueError(purpose)
    
        # `VERIFY_X509_PARTIAL_CHAIN` makes OpenSSL's chain building behave more
        # like RFC 3280 and 5280, which specify that chain building stops with the
        # first trust anchor, even if that anchor is not self-signed.
        #
        # `VERIFY_X509_STRICT` makes OpenSSL more conservative about the
        # certificates it accepts, including "disabling workarounds for
        # some broken certificates."
        context.verify_flags |= (_ssl.VERIFY_X509_PARTIAL_CHAIN |
                                 _ssl.VERIFY_X509_STRICT)
    
        if cafile or capath or cadata:
>           context.load_verify_locations(cafile, capath, cadata)
E           PermissionError: [Errno 13] Permission denied

C:\Miniconda\Lib\ssl.py:717: PermissionError
____________________ TestHTTPClientManager.test_aclose_all ____________________

self = <tests.unit.test_http_client.TestHTTPClientManager object at 0x000001910522E570>

    @pytest.mark.asyncio
    async def test_aclose_all(self):
        """测试异步关闭所有客户端。"""
        # 创建一些客户端
        HTTPClientManager.get_sync_session()
>       await HTTPClientManager.get_async_client()

..\..\..\..\Projects\StockQAbyLLM\tests\unit\test_http_client.py:222: 
_ _ _ _ _ _ _ _ _ _ _ _ _ _ _ _ _ _ _ _ _ _ _ _ _ _ _ _ _ _ _ _ _ _ _ _ _ _ _ _
..\..\..\..\Projects\StockQAbyLLM\src\utils\http_client.py:158: in get_async_client
    return await AsyncHTTPClient.get_client()
           ^^^^^^^^^^^^^^^^^^^^^^^^^^^^^^^^^^
..\..\..\..\Projects\StockQAbyLLM\src\utils\http_client.py:99: in get_client
    cls._client = httpx.AsyncClient(
C:\Miniconda\Lib\site-packages\httpx\_client.py:1402: in __init__
    self._transport = self._init_transport(
C:\Miniconda\Lib\site-packages\httpx\_client.py:1445: in _init_transport
    return AsyncHTTPTransport(
C:\Miniconda\Lib\site-packages\httpx\_transports\default.py:297: in __init__
    ssl_context = create_ssl_context(verify=verify, cert=cert, trust_env=trust_env)
                  ^^^^^^^^^^^^^^^^^^^^^^^^^^^^^^^^^^^^^^^^^^^^^^^^^^^^^^^^^^^^^^^^^
C:\Miniconda\Lib\site-packages\httpx\_config.py:40: in create_ssl_context
    ctx = ssl.create_default_context(cafile=certifi.where())
          ^^^^^^^^^^^^^^^^^^^^^^^^^^^^^^^^^^^^^^^^^^^^^^^^^^
_ _ _ _ _ _ _ _ _ _ _ _ _ _ _ _ _ _ _ _ _ _ _ _ _ _ _ _ _ _ _ _ _ _ _ _ _ _ _ _

purpose = <Purpose.SERVER_AUTH: _ASN1Object(nid=129, shortname='serverAuth', longname='TLS Web Server Authentication', oid='1.3.6.1.5.5.7.3.1')>
cafile = 'C:\\Miniconda\\Lib\\site-packages\\certifi\\cacert.pem', capath = None
cadata = None

    def create_default_context(purpose=Purpose.SERVER_AUTH, *, cafile=None,
                               capath=None, cadata=None):
        """Create a SSLContext object with default settings.
    
        NOTE: The protocol and settings may change anytime without prior
              deprecation. The values represent a fair balance between maximum
              compatibility and security.
        """
        if not isinstance(purpose, _ASN1Object):
            raise TypeError(purpose)
    
        # SSLContext sets OP_NO_SSLv2, OP_NO_SSLv3, OP_NO_COMPRESSION,
        # OP_CIPHER_SERVER_PREFERENCE, OP_SINGLE_DH_USE and OP_SINGLE_ECDH_USE
        # by default.
        if purpose == Purpose.SERVER_AUTH:
            # verify certs and host name in client mode
            context = SSLContext(PROTOCOL_TLS_CLIENT)
            context.verify_mode = CERT_REQUIRED
            context.check_hostname = True
        elif purpose == Purpose.CLIENT_AUTH:
            context = SSLContext(PROTOCOL_TLS_SERVER)
        else:
            raise ValueError(purpose)
    
        # `VERIFY_X509_PARTIAL_CHAIN` makes OpenSSL's chain building behave more
        # like RFC 3280 and 5280, which specify that chain building stops with the
        # first trust anchor, even if that anchor is not self-signed.
        #
        # `VERIFY_X509_STRICT` makes OpenSSL more conservative about the
        # certificates it accepts, including "disabling workarounds for
        # some broken certificates."
        context.verify_flags |= (_ssl.VERIFY_X509_PARTIAL_CHAIN |
                                 _ssl.VERIFY_X509_STRICT)
    
        if cafile or capath or cadata:
>           context.load_verify_locations(cafile, capath, cadata)
E           PermissionError: [Errno 13] Permission denied

C:\Miniconda\Lib\ssl.py:717: PermissionError
______ TestGlobalHTTPClientManager.test_get_httpx_sync_client_via_global ______

self = <tests.unit.test_http_client.TestGlobalHTTPClientManager object at 0x00000191052343E0>

    def test_get_httpx_sync_client_via_global(self):
        """测试通过全局实例获取同步 httpx client。"""
>       client = http_client_manager.get_httpx_sync_client()
                 ^^^^^^^^^^^^^^^^^^^^^^^^^^^^^^^^^^^^^^^^^^^

..\..\..\..\Projects\StockQAbyLLM\tests\unit\test_http_client.py:244: 
_ _ _ _ _ _ _ _ _ _ _ _ _ _ _ _ _ _ _ _ _ _ _ _ _ _ _ _ _ _ _ _ _ _ _ _ _ _ _ _
..\..\..\..\Projects\StockQAbyLLM\src\utils\http_client.py:163: in get_httpx_sync_client
    return AsyncHTTPClient.get_sync_client()
           ^^^^^^^^^^^^^^^^^^^^^^^^^^^^^^^^^
..\..\..\..\Projects\StockQAbyLLM\src\utils\http_client.py:136: in get_sync_client
    return httpx.Client(
C:\Miniconda\Lib\site-packages\httpx\_client.py:688: in __init__
    self._transport = self._init_transport(
C:\Miniconda\Lib\site-packages\httpx\_client.py:731: in _init_transport
    return HTTPTransport(
C:\Miniconda\Lib\site-packages\httpx\_transports\default.py:153: in __init__
    ssl_context = create_ssl_context(verify=verify, cert=cert, trust_env=trust_env)
                  ^^^^^^^^^^^^^^^^^^^^^^^^^^^^^^^^^^^^^^^^^^^^^^^^^^^^^^^^^^^^^^^^^
C:\Miniconda\Lib\site-packages\httpx\_config.py:40: in create_ssl_context
    ctx = ssl.create_default_context(cafile=certifi.where())
          ^^^^^^^^^^^^^^^^^^^^^^^^^^^^^^^^^^^^^^^^^^^^^^^^^^
_ _ _ _ _ _ _ _ _ _ _ _ _ _ _ _ _ _ _ _ _ _ _ _ _ _ _ _ _ _ _ _ _ _ _ _ _ _ _ _

purpose = <Purpose.SERVER_AUTH: _ASN1Object(nid=129, shortname='serverAuth', longname='TLS Web Server Authentication', oid='1.3.6.1.5.5.7.3.1')>
cafile = 'C:\\Miniconda\\Lib\\site-packages\\certifi\\cacert.pem', capath = None
cadata = None

    def create_default_context(purpose=Purpose.SERVER_AUTH, *, cafile=None,
                               capath=None, cadata=None):
        """Create a SSLContext object with default settings.
    
        NOTE: The protocol and settings may change anytime without prior
              deprecation. The values represent a fair balance between maximum
              compatibility and security.
        """
        if not isinstance(purpose, _ASN1Object):
            raise TypeError(purpose)
    
        # SSLContext sets OP_NO_SSLv2, OP_NO_SSLv3, OP_NO_COMPRESSION,
        # OP_CIPHER_SERVER_PREFERENCE, OP_SINGLE_DH_USE and OP_SINGLE_ECDH_USE
        # by default.
        if purpose == Purpose.SERVER_AUTH:
            # verify certs and host name in client mode
            context = SSLContext(PROTOCOL_TLS_CLIENT)
            context.verify_mode = CERT_REQUIRED
            context.check_hostname = True
        elif purpose == Purpose.CLIENT_AUTH:
            context = SSLContext(PROTOCOL_TLS_SERVER)
        else:
            raise ValueError(purpose)
    
        # `VERIFY_X509_PARTIAL_CHAIN` makes OpenSSL's chain building behave more
        # like RFC 3280 and 5280, which specify that chain building stops with the
        # first trust anchor, even if that anchor is not self-signed.
        #
        # `VERIFY_X509_STRICT` makes OpenSSL more conservative about the
        # certificates it accepts, including "disabling workarounds for
        # some broken certificates."
        context.verify_flags |= (_ssl.VERIFY_X509_PARTIAL_CHAIN |
                                 _ssl.VERIFY_X509_STRICT)
    
        if cafile or capath or cadata:
>           context.load_verify_locations(cafile, capath, cadata)
E           PermissionError: [Errno 13] Permission denied

C:\Miniconda\Lib\ssl.py:717: PermissionError
________ TestHTTPClientIntegration.test_async_http_client_get_request _________

self = <tests.unit.test_http_client.TestHTTPClientIntegration object at 0x0000019105234510>
mock_get = <AsyncMock name='get' id='1722373028368'>

    @pytest.mark.asyncio
    @patch("httpx.AsyncClient.get")
    async def test_async_http_client_get_request(self, mock_get):
        """测试使用异步客户端发送 GET 请求。"""
        # Mock 响应
        mock_response = AsyncMock()
        mock_response.status_code = 200
        mock_response.json.return_value = {"result": "success"}
        mock_get.return_value = mock_response
    
        # 获取 client 并发送请求
>       client = await AsyncHTTPClient.get_client()
                 ^^^^^^^^^^^^^^^^^^^^^^^^^^^^^^^^^^

..\..\..\..\Projects\StockQAbyLLM\tests\unit\test_http_client.py:312: 
_ _ _ _ _ _ _ _ _ _ _ _ _ _ _ _ _ _ _ _ _ _ _ _ _ _ _ _ _ _ _ _ _ _ _ _ _ _ _ _
..\..\..\..\Projects\StockQAbyLLM\src\utils\http_client.py:99: in get_client
    cls._client = httpx.AsyncClient(
C:\Miniconda\Lib\site-packages\httpx\_client.py:1402: in __init__
    self._transport = self._init_transport(
C:\Miniconda\Lib\site-packages\httpx\_client.py:1445: in _init_transport
    return AsyncHTTPTransport(
C:\Miniconda\Lib\site-packages\httpx\_transports\default.py:297: in __init__
    ssl_context = create_ssl_context(verify=verify, cert=cert, trust_env=trust_env)
                  ^^^^^^^^^^^^^^^^^^^^^^^^^^^^^^^^^^^^^^^^^^^^^^^^^^^^^^^^^^^^^^^^^
C:\Miniconda\Lib\site-packages\httpx\_config.py:40: in create_ssl_context
    ctx = ssl.create_default_context(cafile=certifi.where())
          ^^^^^^^^^^^^^^^^^^^^^^^^^^^^^^^^^^^^^^^^^^^^^^^^^^
_ _ _ _ _ _ _ _ _ _ _ _ _ _ _ _ _ _ _ _ _ _ _ _ _ _ _ _ _ _ _ _ _ _ _ _ _ _ _ _

purpose = <Purpose.SERVER_AUTH: _ASN1Object(nid=129, shortname='serverAuth', longname='TLS Web Server Authentication', oid='1.3.6.1.5.5.7.3.1')>
cafile = 'C:\\Miniconda\\Lib\\site-packages\\certifi\\cacert.pem', capath = None
cadata = None

    def create_default_context(purpose=Purpose.SERVER_AUTH, *, cafile=None,
                               capath=None, cadata=None):
        """Create a SSLContext object with default settings.
    
        NOTE: The protocol and settings may change anytime without prior
              deprecation. The values represent a fair balance between maximum
              compatibility and security.
        """
        if not isinstance(purpose, _ASN1Object):
            raise TypeError(purpose)
    
        # SSLContext sets OP_NO_SSLv2, OP_NO_SSLv3, OP_NO_COMPRESSION,
        # OP_CIPHER_SERVER_PREFERENCE, OP_SINGLE_DH_USE and OP_SINGLE_ECDH_USE
        # by default.
        if purpose == Purpose.SERVER_AUTH:
            # verify certs and host name in client mode
            context = SSLContext(PROTOCOL_TLS_CLIENT)
            context.verify_mode = CERT_REQUIRED
            context.check_hostname = True
        elif purpose == Purpose.CLIENT_AUTH:
            context = SSLContext(PROTOCOL_TLS_SERVER)
        else:
            raise ValueError(purpose)
    
        # `VERIFY_X509_PARTIAL_CHAIN` makes OpenSSL's chain building behave more
        # like RFC 3280 and 5280, which specify that chain building stops with the
        # first trust anchor, even if that anchor is not self-signed.
        #
        # `VERIFY_X509_STRICT` makes OpenSSL more conservative about the
        # certificates it accepts, including "disabling workarounds for
        # some broken certificates."
        context.verify_flags |= (_ssl.VERIFY_X509_PARTIAL_CHAIN |
                                 _ssl.VERIFY_X509_STRICT)
    
        if cafile or capath or cadata:
>           context.load_verify_locations(cafile, capath, cadata)
E           PermissionError: [Errno 13] Permission denied

C:\Miniconda\Lib\ssl.py:717: PermissionError
_ QuestionSetTests.test_actual_stockqa_cli_emits_manifest_question_receipt_and_is_accepted_offline _

self = <test_question_sets.QuestionSetTests testMethod=test_actual_stockqa_cli_emits_manifest_question_receipt_and_is_accepted_offline>

    def test_actual_stockqa_cli_emits_manifest_question_receipt_and_is_accepted_offline(self):
        repo = Path(os.environ.get('STOCKQA_REPO', str(ROOT.parent / 'StockQAbyLLM')))
        self.assertTrue((repo / 'src/config/json_config_manager.py').exists(),
                        'StockQAbyLLM is required for S02 contract acceptance; configure STOCKQA_REPO')
        old_cwd = Path.cwd()
        old_argv = sys.argv[:]
        old_sys_path = sys.path[:]
        old_dont_write_bytecode = sys.dont_write_bytecode
        old_bytecode_env = os.environ.get('PYTHONDONTWRITEBYTECODE')
        bytecode_before = _stockqa_bytecode_snapshot(repo)
        preexisting_src_modules = {name for name in sys.modules if name == 'src' or name.startswith('src.')}
        preexisting_main = sys.modules.get('main_with_llm')
        sys.dont_write_bytecode = True
        os.environ['PYTHONDONTWRITEBYTECODE'] = '1'
        sys.path.insert(0, str(repo))
        try:
            temp_context = tempfile.TemporaryDirectory(prefix='iqs-stockqa-s02-')
            tmp = temp_context.name
            try:
                os.chdir(tmp)  # upstream logger writes here, never into the external repository
>               loader = importlib.import_module('src.config.json_config_manager').JSONConfigManager
                         ^^^^^^^^^^^^^^^^^^^^^^^^^^^^^^^^^^^^^^^^^^^^^^^^^^^^^^^^^

..\..\..\..\Projects\invest-quick-scan\tests\test_question_sets.py:719: 
_ _ _ _ _ _ _ _ _ _ _ _ _ _ _ _ _ _ _ _ _ _ _ _ _ _ _ _ _ _ _ _ _ _ _ _ _ _ _ _
C:\Miniconda\Lib\importlib\__init__.py:88: in import_module
    return _bootstrap._gcd_import(name[level:], package, level)
           ^^^^^^^^^^^^^^^^^^^^^^^^^^^^^^^^^^^^^^^^^^^^^^^^^^^^
<frozen importlib._bootstrap>:1387: in _gcd_import
    ???
<frozen importlib._bootstrap>:1360: in _find_and_load
    ???
<frozen importlib._bootstrap>:1310: in _find_and_load_unlocked
    ???
<frozen importlib._bootstrap>:488: in _call_with_frames_removed
    ???
<frozen importlib._bootstrap>:1387: in _gcd_import
    ???
<frozen importlib._bootstrap>:1360: in _find_and_load
    ???
<frozen importlib._bootstrap>:1331: in _find_and_load_unlocked
    ???
<frozen importlib._bootstrap>:935: in _load_unlocked
    ???
<frozen importlib._bootstrap_external>:1027: in exec_module
    ???
<frozen importlib._bootstrap>:488: in _call_with_frames_removed
    ???
..\..\..\..\Projects\StockQAbyLLM\src\config\__init__.py:5: in <module>
    from .config_manager import ConfigManager
..\..\..\..\Projects\StockQAbyLLM\src\config\config_manager.py:14: in <module>
    logger = get_logger(__name__)
             ^^^^^^^^^^^^^^^^^^^^
..\..\..\..\Projects\StockQAbyLLM\src\utils\logger.py:66: in get_logger
    file_handler = logging.FileHandler(log_file, encoding="utf-8")
                   ^^^^^^^^^^^^^^^^^^^^^^^^^^^^^^^^^^^^^^^^^^^^^^^
C:\Miniconda\Lib\logging\__init__.py:1219: in __init__
    StreamHandler.__init__(self, self._open())
                                 ^^^^^^^^^^^^
_ _ _ _ _ _ _ _ _ _ _ _ _ _ _ _ _ _ _ _ _ _ _ _ _ _ _ _ _ _ _ _ _ _ _ _ _ _ _ _

self = <[AttributeError("'FileHandler' object has no attribute 'level'") raised in repr()] FileHandler object at 0x19105792850>

    def _open(self):
        """
        Open the current base file with the (original) mode and encoding.
        Return the resulting stream.
        """
        open_func = self._builtin_open
>       return open_func(self.baseFilename, self.mode,
                         encoding=self.encoding, errors=self.errors)
E       FileNotFoundError: [Errno 2] No such file or directory: 'C:\\Users\\郑曾波\\AppData\\Local\\Temp\\stockqa-readonly-review-tls-and-consumer-qf3farqy\\iqs-stockqa-s02-ia3ec3rr\\logs\\stock_qa_20260924.log'

C:\Miniconda\Lib\logging\__init__.py:1248: FileNotFoundError
- generated xml file: C:\Users\郑曾波\AppData\Local\Temp\stockqa-readonly-review-tls-and-consumer-qf3farqy\junit.xml -
=========================== short test summary info ===========================
FAILED ..\..\..\..\Projects\StockQAbyLLM\tests\unit\test_http_client.py::TestAsyncHTTPClient::test_get_client_creates_new_client
FAILED ..\..\..\..\Projects\StockQAbyLLM\tests\unit\test_http_client.py::TestAsyncHTTPClient::test_get_client_returns_same_instance
FAILED ..\..\..\..\Projects\StockQAbyLLM\tests\unit\test_http_client.py::TestAsyncHTTPClient::test_get_client_has_limits_configured
FAILED ..\..\..\..\Projects\StockQAbyLLM\tests\unit\test_http_client.py::TestAsyncHTTPClient::test_close_client
FAILED ..\..\..\..\Projects\StockQAbyLLM\tests\unit\test_http_client.py::TestAsyncHTTPClient::test_get_client_after_close
FAILED ..\..\..\..\Projects\StockQAbyLLM\tests\unit\test_http_client.py::TestAsyncHTTPClient::test_get_sync_client
FAILED ..\..\..\..\Projects\StockQAbyLLM\tests\unit\test_http_client.py::TestAsyncHTTPClient::test_get_sync_client_has_limits_configured
FAILED ..\..\..\..\Projects\StockQAbyLLM\tests\unit\test_http_client.py::TestAsyncHTTPClient::test_get_sync_client_close
FAILED ..\..\..\..\Projects\StockQAbyLLM\tests\unit\test_http_client.py::TestHTTPClientManager::test_get_async_client
FAILED ..\..\..\..\Projects\StockQAbyLLM\tests\unit\test_http_client.py::TestHTTPClientManager::test_get_httpx_sync_client
FAILED ..\..\..\..\Projects\StockQAbyLLM\tests\unit\test_http_client.py::TestHTTPClientManager::test_aclose_all
FAILED ..\..\..\..\Projects\StockQAbyLLM\tests\unit\test_http_client.py::TestGlobalHTTPClientManager::test_get_httpx_sync_client_via_global
FAILED ..\..\..\..\Projects\StockQAbyLLM\tests\unit\test_http_client.py::TestHTTPClientIntegration::test_async_http_client_get_request
FAILED ..\..\..\..\Projects\StockQAbyLLM::QuestionSetTests::test_actual_stockqa_cli_emits_manifest_question_receipt_and_is_accepted_offline
======================== 14 failed, 12 passed in 6.53s ========================
