==> checks [full] step=mypy
Success: no issues found in 55 source files
checks: step=mypy exit=0 seconds=18.93
==> checks [full] step=bandit
[manager]	WARNING	Test in comment: only is not a test name or id, ignoring
[manager]	WARNING	Test in comment: literal is not a test name or id, ignoring
[manager]	WARNING	Test in comment: placeholders is not a test name or id, ignoring
[manager]	WARNING	Test in comment: are is not a test name or id, ignoring
[manager]	WARNING	Test in comment: joined is not a test name or id, ignoring
[manager]	WARNING	Test in comment: all is not a test name or id, ignoring
[manager]	WARNING	Test in comment: values is not a test name or id, ignoring
[manager]	WARNING	Test in comment: bound is not a test name or id, ignoring
[manager]	WARNING	Test in comment: as is not a test name or id, ignoring
[manager]	WARNING	Test in comment: parameters is not a test name or id, ignoring
[manager]	WARNING	Test in comment: literal is not a test name or id, ignoring
[manager]	WARNING	Test in comment: placeholders is not a test name or id, ignoring
[manager]	WARNING	Test in comment: only is not a test name or id, ignoring
[tester]	WARNING	nosec encountered (B608), but no failed test on line 2689
[tester]	WARNING	nosec encountered (B608), but no failed test on line 2977
Run started:2026-10-07 12:38:50.644084+00:00

Test results:
>> Issue: [B110:try_except_pass] Try, Except, Pass detected.
   Severity: Low   Confidence: High
   CWE: CWE-703 (https://cwe.mitre.org/data/definitions/703.html)
   More Info: https://bandit.readthedocs.io/en/1.9.3/plugins/b110_try_except_pass.html
   Location: src\providers\llm_client.py:889:8
888	                receipt["usage"] = usage
889	        except Exception:
890	            pass  # Unavailable usage remains unpriced; never guess.
891	    provider_error_code = _response_provider_error_code(response)

--------------------------------------------------

Code scanned:
	Total lines of code: 15654
	Total lines skipped (#nosec): 0

Run metrics:
	Total issues (by severity):
		Undefined: 0
		Low: 1
		Medium: 0
		High: 0
	Total issues (by confidence):
		Undefined: 0
		Low: 0
		Medium: 0
		High: 1
Files skipped (0):
checks: step=bandit exit=1 seconds=2.80 FAILED
checks: mode=full result=fail exit=1 steps=mypy,bandit seconds=21.73
