============================= test session starts =============================
platform win32 -- Python 3.13.9, pytest-9.1.1, pluggy-1.5.0 -- C:\Miniconda\python.exe
benchmark: 5.2.3 (defaults: timer=time.perf_counter disable_gc=False min_rounds=5 min_time=0.000005 max_time=1.0 calibration_precision=10 warmup=False warmup_iterations=100000)
metadata: {'Python': '3.13.9', 'Platform': 'Windows-11-10.0.26300-SP0', 'Packages': {'pytest': '9.1.1', 'pluggy': '1.5.0'}, 'Plugins': {'anyio': '4.13.0', 'Faker': '40.19.1', 'langsmith': '0.14.4', 'asyncio': '1.3.0', 'base-url': '2.1.0', 'benchmark': '5.2.3', 'cov': '7.0.0', 'html': '4.1.1', 'metadata': '3.1.1', 'mock': '3.15.1', 'playwright': '0.7.2', 'timeout': '2.4.0', 'xdist': '3.8.0'}, 'Base URL': ''}
rootdir: C:\Users\郑曾波\Projects\iqs-evidence-lab
configfile: pyproject.toml
plugins: anyio-4.13.0, Faker-40.19.1, langsmith-0.14.4, asyncio-1.3.0, base-url-2.1.0, benchmark-5.2.3, cov-7.0.0, html-4.1.1, metadata-3.1.1, mock-3.15.1, playwright-0.7.2, timeout-2.4.0, xdist-3.8.0
asyncio: mode=Mode.STRICT, debug=False, asyncio_default_fixture_loop_scope=None, asyncio_default_test_loop_scope=function
collecting ... collected 27 items

tests/controller/test_remaining_repairs.py::test_custom_nonoverlapping_ranges_never_publish_consistency_pass FAILED [  3%]
tests/controller/test_remaining_repairs.py::test_custom_explicit_date_ranges_cannot_be_called_equal FAILED [  7%]
tests/controller/test_remaining_repairs.py::test_custom_identical_ranges_are_the_only_positive_shape FAILED [ 11%]
tests/controller/test_remaining_repairs.py::test_original_historical_fixture_still_replays PASSED [ 14%]
tests/controller/test_remaining_repairs.py::test_missing_historical_answer_hash_cannot_authorize_tampered_answer FAILED [ 18%]
tests/controller/test_remaining_repairs.py::test_tampered_historical_answer_with_hash_still_rejected PASSED [ 22%]
tests/controller/test_remaining_repairs.py::test_empty_or_null_answer_binding_is_rejected[] PASSED [ 25%]
tests/controller/test_remaining_repairs.py::test_empty_or_null_answer_binding_is_rejected[None] PASSED [ 29%]
tests/controller/test_remaining_repairs.py::test_wrong_question_id_binding_is_rejected PASSED [ 33%]
tests/controller/test_remaining_repairs.py::test_verifier_rejects_missing_binding_for_case_answer PASSED [ 37%]
tests/controller/test_remaining_repairs.py::test_answer_sha_alone_is_not_a_history_proof PASSED [ 40%]
tests/controller/test_remaining_repairs.py::test_numeric_overflow_is_not_an_admissible_finite_json_value FAILED [ 44%]
tests/controller/test_remaining_repairs.py::test_normal_numbers_survive_the_strict_parser PASSED [ 48%]
tests/controller/test_remaining_repairs.py::test_numeric_overflow_is_rejected_by_actual_fixture_replay FAILED [ 51%]
tests/controller/test_remaining_repairs.py::test_every_cited_window_conflicting_still_fails PASSED [ 55%]
tests/controller/test_remaining_repairs.py::test_one_matching_window_is_never_reported_as_all_conflicting PASSED [ 59%]
tests/controller/test_remaining_repairs.py::test_all_unknown_windows_abstain PASSED [ 62%]
tests/controller/test_remaining_repairs.py::test_unknown_source_window_does_not_mean_all_sources_conflict FAILED [ 66%]
tests/controller/test_remaining_repairs.py::test_same_report_comparison_columns_and_no_window_cases_stay PASSED [ 70%]
tests/controller/test_remaining_repairs.py::test_every_synthetic_fx021_record_keeps_synthetic_source_type FAILED [ 74%]
tests/controller/test_remaining_repairs.py::test_historical_fixture_records_never_claim_synthetic PASSED [ 77%]
tests/controller/test_remaining_repairs.py::test_uncollected_real_source_fixture_never_claims_real_snippet PASSED [ 81%]
tests/controller/test_remaining_repairs.py::test_source_kind_verifier_rejects_category_morphing FAILED [ 85%]
tests/controller/test_remaining_repairs.py::test_draft_reference_fee_upper_bound_covers_its_generation_cap FAILED [ 88%]
tests/controller/test_remaining_repairs.py::test_changing_both_retained_answer_and_self_hash_still_rejected PASSED [ 92%]
tests/controller/test_remaining_repairs.py::test_final_rename_failure_cleans_staging_and_same_path_is_retryable PASSED [ 96%]
tests/controller/test_remaining_repairs.py::test_target_created_during_publish_is_preserved_on_this_windows_host PASSED [100%]

================================== FAILURES ===================================
______ test_custom_nonoverlapping_ranges_never_publish_consistency_pass _______

lab_tmp_path = WindowsPath('C:/Users/郑曾波/Projects/iqs-evidence-lab/.temp-roots/pytest-59680-5d61558a/pytest-of-郑曾波/pytest-0/test_custom_nonoverlapping_ran0')

    def test_custom_nonoverlapping_ranges_never_publish_consistency_pass(
        lab_tmp_path: Path,
    ):
        case = {
            "expected": {
                "period": {
                    "kind": "custom",
                    "year": 2026,
                    "start": "2026-01-01",
                    "end": "2026-03-31",
                }
            },
            "observed": {
                "period": {
                    "kind": "custom",
                    "year": 2026,
                    "start": "2026-04-01",
                    "end": "2026-06-30",
                }
            },
        }
        source = _synthetic_fixture(lab_tmp_path, "custom-period-input", case)
        code, rows = _replay(source, lab_tmp_path / "custom-period-output")
        period = [r for r in rows if r["check"] == "semantic.period"]
        assert code == 0 and period
>       assert all(r["outcome"] != "pass" for r in period), period
E       AssertionError: [{'record_id': 'REC_000002', 'check': 'semantic.period', 'outcome': 'pass', 'error_code': None, ...}]
E       assert False
E        +  where False = all(<generator object test_custom_nonoverlapping_ranges_never_publish_consistency_pass.<locals>.<genexpr> at 0x0000029CC956BD30>)

tests\controller\test_remaining_repairs.py:98: AssertionError
---------------------------- Captured stdout call -----------------------------
{
  "schema": "iqs_evidence_lab.replay_summary/1",
  "tool": {
    "name": "iqs_evidence_lab",
    "version": "0.2.0",
    "tool_id": "iqs_evidence_lab/0.2.0"
  },
  "input": {
    "kind": "fixture",
    "ref": "C:\\Users\\郑曾波\\Projects\\iqs-evidence-lab\\.temp-roots\\pytest-59680-5d61558a\\pytest-of-郑曾波\\pytest-0\\test_custom_nonoverlapping_ran0\\custom-period-input.json",
    "verified_before_write": true
  },
  "output_dir": "custom-period-output",
  "live": false,
  "environment": {
    "network_attempts": 0,
    "key_reads": 0,
    "paid_model_calls": 0,
    "search_calls": 0,
    "downloads": 0,
    "publish": "staged_under_.temp-roots_then_atomic_rename",
    "note": "lab code contains no credential reader and no network client"
  },
  "results": {
    "kind": "fixture",
    "fixture_id": "FX-998",
    "source_category": "synthetic",
    "diagnostic_records": 9,
    "diagnostic_summary": {
      "pass": 1,
      "fail": 0,
      "abstain": 8,
      "by_error_code": {},
      "by_abstain_reason": {
        "expected_not_stated": 7,
        "source_relation_not_stated": 1
      },
      "by_check": {
        "semantic.subject": 1,
        "semantic.period": 1,
        "semantic.metric": 1,
        "semantic.unit": 1,
        "semantic.direction": 1,
        "semantic.scope": 1,
        "semantic.role": 1,
        "source.url_window": 1,
        "source.independence": 1
      }
    }
  }
}
___________ test_custom_explicit_date_ranges_cannot_be_called_equal ___________

    def test_custom_explicit_date_ranges_cannot_be_called_equal():
        expected = {
            "kind": "custom",
            "year": 2026,
            "start": "2026-01-01",
            "end": "2026-03-31",
        }
        observed = {
            "kind": "custom",
            "year": 2026,
            "start": "2026-04-01",
            "end": "2026-06-30",
        }
        result = check_dimension("period", expected, observed)
>       assert result.outcome in {"fail", "abstain"}, result
E       AssertionError: CheckResult(check='semantic.period', outcome='pass', error_code=None, abstain_reason=None, message='period: consistent', dimension='period')
E       assert 'pass' in {'abstain', 'fail'}
E        +  where 'pass' = CheckResult(check='semantic.period', outcome='pass', error_code=None, abstain_reason=None, message='period: consistent', dimension='period').outcome

tests\controller\test_remaining_repairs.py:115: AssertionError
__________ test_custom_identical_ranges_are_the_only_positive_shape ___________

    def test_custom_identical_ranges_are_the_only_positive_shape():
        same = {"kind": "custom", "year": 2026, "start": "2026-01-01", "end": "2026-03-31"}
        identical = check_dimension(
            "period",
            {**same},
            {"kind": "custom", "year": 2026, "start": "2026-01-01", "end": "2026-03-31"},
        )
        assert identical.outcome == "pass", identical
    
        # one boundary missing on the claim side can never be called consistent
        missing_claim = check_dimension(
            "period", dict(same), {"kind": "custom", "year": 2026, "start": "2026-01-01"}
        )
>       assert missing_claim.outcome == "abstain", missing_claim
E       AssertionError: CheckResult(check='semantic.period', outcome='pass', error_code=None, abstain_reason=None, message='period: consistent', dimension='period')
E       assert 'pass' == 'abstain'
E         
E         - abstain
E         + pass

tests\controller\test_remaining_repairs.py:131: AssertionError
____ test_missing_historical_answer_hash_cannot_authorize_tampered_answer _____

lab_tmp_path = WindowsPath('C:/Users/郑曾波/Projects/iqs-evidence-lab/.temp-roots/pytest-59680-5d61558a/pytest-of-郑曾波/pytest-0/test_missing_historical_answer0')

    def test_missing_historical_answer_hash_cannot_authorize_tampered_answer(
        lab_tmp_path: Path,
    ):
        body = read_json(LAB_ROOT / "fixtures/historical/FX-032.json")
        body["provenance"].pop("answer_sha256")
        body["case"]["answer"]["score"] = 1
        body["case"]["answer"]["rationale"] = (
            "Controller changed historical answer without authorization"
        )
        path = lab_tmp_path / "historical-missing-binding-input.json"
        path.write_text(
            json.dumps(body, ensure_ascii=False, indent=2) + "\n", encoding="utf-8"
        )
        code, _ = _replay(path, lab_tmp_path / "historical-missing-binding-output")
>       assert code == 4, "Modified historical answer without a binding was published"
E       AssertionError: Modified historical answer without a binding was published
E       assert 0 == 4

tests\controller\test_remaining_repairs.py:178: AssertionError
---------------------------- Captured stdout call -----------------------------
{
  "schema": "iqs_evidence_lab.replay_summary/1",
  "tool": {
    "name": "iqs_evidence_lab",
    "version": "0.2.0",
    "tool_id": "iqs_evidence_lab/0.2.0"
  },
  "input": {
    "kind": "fixture",
    "ref": "C:\\Users\\郑曾波\\Projects\\iqs-evidence-lab\\.temp-roots\\pytest-59680-5d61558a\\pytest-of-郑曾波\\pytest-0\\test_missing_historical_answer0\\historical-missing-binding-input.json",
    "verified_before_write": true
  },
  "output_dir": "historical-missing-binding-output",
  "live": false,
  "environment": {
    "network_attempts": 0,
    "key_reads": 0,
    "paid_model_calls": 0,
    "search_calls": 0,
    "downloads": 0,
    "publish": "staged_under_.temp-roots_then_atomic_rename",
    "note": "lab code contains no credential reader and no network client"
  },
  "results": {
    "kind": "fixture",
    "fixture_id": "FX-032",
    "source_category": "historical_model_output",
    "diagnostic_records": 13,
    "diagnostic_summary": {
      "pass": 0,
      "fail": 1,
      "abstain": 12,
      "by_error_code": {
        "E_SCORE_BASIS_UNSUPPORTED": 1
      },
      "by_abstain_reason": {
        "expected_not_stated": 8,
        "source_relation_not_stated": 1,
        "snippet_not_available": 2,
        "agent_review_only": 1
      },
      "by_check": {
        "semantic.subject": 1,
        "semantic.period": 1,
        "semantic.metric": 1,
        "semantic.unit": 1,
        "semantic.direction": 1,
        "semantic.scope": 1,
        "semantic.role": 1,
        "source.url_window": 1,
        "source.independence": 1,
        "structure.reference_contract": 1,
        "support.review_label": 1,
        "support.claim_fact_support": 1,
        "support.score_basis": 1
      }
    }
  }
}
________ test_numeric_overflow_is_not_an_admissible_finite_json_value _________

    def test_numeric_overflow_is_not_an_admissible_finite_json_value():
        for text in ('{"value": 1e400}', '{"value": -1e400}', '{"deep": {"v": [1e309]}}'):
>           with pytest.raises(NonFiniteJSONError):
                 ^^^^^^^^^^^^^^^^^^^^^^^^^^^^^^^^^
E           Failed: DID NOT RAISE NonFiniteJSONError

tests\controller\test_remaining_repairs.py:243: Failed
_________ test_numeric_overflow_is_rejected_by_actual_fixture_replay __________

lab_tmp_path = WindowsPath('C:/Users/郑曾波/Projects/iqs-evidence-lab/.temp-roots/pytest-59680-5d61558a/pytest-of-郑曾波/pytest-0/test_numeric_overflow_is_rejec0')

    def test_numeric_overflow_is_rejected_by_actual_fixture_replay(lab_tmp_path: Path):
        path = _synthetic_fixture(
            lab_tmp_path,
            "overflow-input",
            {"expected": {"direction": 1}, "observed": {"direction": "OVERFLOW_TOKEN"}},
        )
        raw = path.read_text(encoding="utf-8").replace('"OVERFLOW_TOKEN"', "1e400")
        path.write_text(raw, encoding="utf-8")
        code, rows = _replay(path, lab_tmp_path / "overflow-output")
>       assert code == 4, "Non-finite observed direction produced a public pass"
E       AssertionError: Non-finite observed direction produced a public pass
E       assert 0 == 4

tests\controller\test_remaining_repairs.py:261: AssertionError
---------------------------- Captured stdout call -----------------------------
{
  "schema": "iqs_evidence_lab.replay_summary/1",
  "tool": {
    "name": "iqs_evidence_lab",
    "version": "0.2.0",
    "tool_id": "iqs_evidence_lab/0.2.0"
  },
  "input": {
    "kind": "fixture",
    "ref": "C:\\Users\\郑曾波\\Projects\\iqs-evidence-lab\\.temp-roots\\pytest-59680-5d61558a\\pytest-of-郑曾波\\pytest-0\\test_numeric_overflow_is_rejec0\\overflow-input.json",
    "verified_before_write": true
  },
  "output_dir": "overflow-output",
  "live": false,
  "environment": {
    "network_attempts": 0,
    "key_reads": 0,
    "paid_model_calls": 0,
    "search_calls": 0,
    "downloads": 0,
    "publish": "staged_under_.temp-roots_then_atomic_rename",
    "note": "lab code contains no credential reader and no network client"
  },
  "results": {
    "kind": "fixture",
    "fixture_id": "FX-998",
    "source_category": "synthetic",
    "diagnostic_records": 9,
    "diagnostic_summary": {
      "pass": 1,
      "fail": 0,
      "abstain": 8,
      "by_error_code": {},
      "by_abstain_reason": {
        "expected_not_stated": 7,
        "source_relation_not_stated": 1
      },
      "by_check": {
        "semantic.subject": 1,
        "semantic.period": 1,
        "semantic.metric": 1,
        "semantic.unit": 1,
        "semantic.direction": 1,
        "semantic.scope": 1,
        "semantic.role": 1,
        "source.url_window": 1,
        "source.independence": 1
      }
    }
  }
}
________ test_unknown_source_window_does_not_mean_all_sources_conflict ________

    def test_unknown_source_window_does_not_mean_all_sources_conflict():
        case = {
            "observed": {"period": "2026"},
            "sources": [
                {"url": "https://example.com/report-a", "period": "2025"},
                {"url": "https://example.com/report-b"},
            ],
        }
        result = _window(case)
>       assert result.outcome == "abstain", (
            "Unknown source was excluded from an all-conflict judgment"
        )
E       AssertionError: Unknown source was excluded from an all-conflict judgment
E       assert 'fail' == 'abstain'
E         
E         - abstain
E         + fail

tests\controller\test_remaining_repairs.py:313: AssertionError
________ test_every_synthetic_fx021_record_keeps_synthetic_source_type ________

lab_tmp_path = WindowsPath('C:/Users/郑曾波/Projects/iqs-evidence-lab/.temp-roots/pytest-59680-5d61558a/pytest-of-郑曾波/pytest-0/test_every_synthetic_fx021_rec0')

    def test_every_synthetic_fx021_record_keeps_synthetic_source_type(lab_tmp_path: Path):
        source = LAB_ROOT / "fixtures/synthetic/FX-021.json"
        code, rows = _replay(source, lab_tmp_path / "fx021-out")
        assert code == 0
        wrongly = [r for r in rows if r["support_source_type"] != "synthetic"]
>       assert not wrongly, wrongly
E       AssertionError: [{'record_id': 'REC_000011', 'check': 'structure.duplicate_json', 'outcome': 'fail', 'error_code': 'E_DUPLICATE_JSON_KEY', ...}]
E       assert not [{'record_id': 'REC_000011', 'check': 'structure.duplicate_json', 'outcome': 'fail', 'error_code': 'E_DUPLICATE_JSON_KEY', ...}]

tests\controller\test_remaining_repairs.py:343: AssertionError
---------------------------- Captured stdout call -----------------------------
{
  "schema": "iqs_evidence_lab.replay_summary/1",
  "tool": {
    "name": "iqs_evidence_lab",
    "version": "0.2.0",
    "tool_id": "iqs_evidence_lab/0.2.0"
  },
  "input": {
    "kind": "fixture",
    "ref": "C:\\Users\\郑曾波\\Projects\\iqs-evidence-lab\\fixtures\\synthetic\\FX-021.json",
    "verified_before_write": true
  },
  "output_dir": "fx021-out",
  "live": false,
  "environment": {
    "network_attempts": 0,
    "key_reads": 0,
    "paid_model_calls": 0,
    "search_calls": 0,
    "downloads": 0,
    "publish": "staged_under_.temp-roots_then_atomic_rename",
    "note": "lab code contains no credential reader and no network client"
  },
  "results": {
    "kind": "fixture",
    "fixture_id": "FX-021",
    "source_category": "synthetic",
    "diagnostic_records": 13,
    "diagnostic_summary": {
      "pass": 1,
      "fail": 2,
      "abstain": 10,
      "by_error_code": {
        "E_PACKAGE_CONTRACT": 1,
        "E_DUPLICATE_JSON_KEY": 1
      },
      "by_abstain_reason": {
        "expected_not_stated": 8,
        "source_relation_not_stated": 1,
        "not_measurable_without_full_output": 1
      },
      "by_check": {
        "semantic.subject": 1,
        "semantic.period": 1,
        "semantic.metric": 1,
        "semantic.unit": 1,
        "semantic.direction": 1,
        "semantic.scope": 1,
        "semantic.role": 1,
        "source.url_window": 1,
        "source.independence": 1,
        "structure.package_contract": 1,
        "structure.duplicate_json": 1,
        "structure.item_qids": 1,
        "structure.usage_present": 1
      }
    }
  }
}
_____________ test_source_kind_verifier_rejects_category_morphing _____________

    def test_source_kind_verifier_rejects_category_morphing():
>       from iqs_evidence_lab.fixtures import source_kind_problems  # added with LR-05
        ^^^^^^^^^^^^^^^^^^^^^^^^^^^^^^^^^^^^^^^^^^^^^^^^^^^^^^^^^^
E       ImportError: cannot import name 'source_kind_problems' from 'iqs_evidence_lab.fixtures' (C:\Users\郑曾波\Projects\iqs-evidence-lab\src\iqs_evidence_lab\fixtures.py)

tests\controller\test_remaining_repairs.py:364: ImportError
_______ test_draft_reference_fee_upper_bound_covers_its_generation_cap ________

    def test_draft_reference_fee_upper_bound_covers_its_generation_cap():
        config = read_json(
            LAB_ROOT / "docs/handoff/EVID-LAB-01/experiment-proposal.config.json"
        )
        cap = config["generation"]["output_limit"]
        formula = config["token_reference_formula"]
        corrected = Decimal(0)
        for model in ("deepseek_flash", "mimo_pro"):
            row = formula[model]
>           assert row["output_cap_tokens_per_request"] == cap, model
E           AssertionError: deepseek_flash
E           assert 5000 == 10000

tests\controller\test_remaining_repairs.py:391: AssertionError
=========================== short test summary info ===========================
FAILED tests/controller/test_remaining_repairs.py::test_custom_nonoverlapping_ranges_never_publish_consistency_pass
FAILED tests/controller/test_remaining_repairs.py::test_custom_explicit_date_ranges_cannot_be_called_equal
FAILED tests/controller/test_remaining_repairs.py::test_custom_identical_ranges_are_the_only_positive_shape
FAILED tests/controller/test_remaining_repairs.py::test_missing_historical_answer_hash_cannot_authorize_tampered_answer
FAILED tests/controller/test_remaining_repairs.py::test_numeric_overflow_is_not_an_admissible_finite_json_value
FAILED tests/controller/test_remaining_repairs.py::test_numeric_overflow_is_rejected_by_actual_fixture_replay
FAILED tests/controller/test_remaining_repairs.py::test_unknown_source_window_does_not_mean_all_sources_conflict
FAILED tests/controller/test_remaining_repairs.py::test_every_synthetic_fx021_record_keeps_synthetic_source_type
FAILED tests/controller/test_remaining_repairs.py::test_source_kind_verifier_rejects_category_morphing
FAILED tests/controller/test_remaining_repairs.py::test_draft_reference_fee_upper_bound_covers_its_generation_cap
======================== 10 failed, 17 passed in 8.67s ========================
