{"mode": "extra", "canaries": "passed", "keys_provided": 0, "source_commit": "9f9e0afe16a327b475cb7a6e3d40bd1578bb9b0f"}
FF
================================== FAILURES ===================================
___ test_backup_root_and_parent_junction_never_write_beyond_workspace[root] ___
..\..\..\docs\implementation\reviews\SW-REPAIR-02\acceptance_cases.py:102: in test_backup_root_and_parent_junction_never_write_beyond_workspace
    (fixture / "result.json").write_text(json.dumps({"kind": kind, "receipt": receipt, "error": error}, ensure_ascii=False, indent=2), encoding="utf-8")
                                         ^^^^^^^^^^^^^^^^^^^^^^^^^^^^^^^^^^^^^^^^^^^^^^^^^^^^^^^^^^^^^^^^^^^^^^^^^^^^^^^^^^^^^^^^^^^^
C:\Miniconda\Lib\json\__init__.py:238: in dumps
    **kw).encode(obj)
          ^^^^^^^^^^^
C:\Miniconda\Lib\json\encoder.py:200: in encode
    chunks = self.iterencode(o, _one_shot=True)
             ^^^^^^^^^^^^^^^^^^^^^^^^^^^^^^^^^^
C:\Miniconda\Lib\json\encoder.py:261: in iterencode
    return _iterencode(o, 0)
           ^^^^^^^^^^^^^^^^^
C:\Miniconda\Lib\json\encoder.py:180: in default
    raise TypeError(f'Object of type {o.__class__.__name__} '
E   TypeError: Object of type BackupResult is not JSON serializable
__ test_backup_root_and_parent_junction_never_write_beyond_workspace[parent] __
..\..\..\docs\implementation\reviews\SW-REPAIR-02\acceptance_cases.py:102: in test_backup_root_and_parent_junction_never_write_beyond_workspace
    (fixture / "result.json").write_text(json.dumps({"kind": kind, "receipt": receipt, "error": error}, ensure_ascii=False, indent=2), encoding="utf-8")
                                         ^^^^^^^^^^^^^^^^^^^^^^^^^^^^^^^^^^^^^^^^^^^^^^^^^^^^^^^^^^^^^^^^^^^^^^^^^^^^^^^^^^^^^^^^^^^^
C:\Miniconda\Lib\json\__init__.py:238: in dumps
    **kw).encode(obj)
          ^^^^^^^^^^^
C:\Miniconda\Lib\json\encoder.py:200: in encode
    chunks = self.iterencode(o, _one_shot=True)
             ^^^^^^^^^^^^^^^^^^^^^^^^^^^^^^^^^^
C:\Miniconda\Lib\json\encoder.py:261: in iterencode
    return _iterencode(o, 0)
           ^^^^^^^^^^^^^^^^^
C:\Miniconda\Lib\json\encoder.py:180: in default
    raise TypeError(f'Object of type {o.__class__.__name__} '
E   TypeError: Object of type BackupResult is not JSON serializable
=========================== short test summary info ===========================
FAILED ..::test_backup_root_and_parent_junction_never_write_beyond_workspace[root]
FAILED ..::test_backup_root_and_parent_junction_never_write_beyond_workspace[parent]
2 failed, 10 deselected in 1.29s
