MODE regression NETWORK_DENIED True WRITES_TEMP_ONLY True
test_v2_cannot_use_unavailable_to_select_objective_module (test_routing.RouteSchemaTests.test_v2_cannot_use_unavailable_to_select_objective_module) ... ok
test_v2_policy_common_and_unavailable_sources_are_representable (test_routing.RouteSchemaTests.test_v2_policy_common_and_unavailable_sources_are_representable) ... ok
test_legacy_package_and_current_pointer_survive_unactivated_routing_publish (test_routing.RoutingTests.test_legacy_package_and_current_pointer_survive_unactivated_routing_publish) ... ok
test_materiality_entry_strategic_survival_and_pre_revenue_project (test_routing.RoutingTests.test_materiality_entry_strategic_survival_and_pre_revenue_project) ... ok
test_materiality_exit_hysteresis_and_lifecycle_event (test_routing.RoutingTests.test_materiality_exit_hysteresis_and_lifecycle_event) ... ok
test_new_lens_requires_registered_policy_and_explicit_nontransferable_authorization (test_routing.RoutingTests.test_new_lens_requires_registered_policy_and_explicit_nontransferable_authorization) ... ok
test_policy_covers_all48_and_frozen_artifact_not_mutable_source (test_routing.RoutingTests.test_policy_covers_all48_and_frozen_artifact_not_mutable_source) ... ok
test_t1_llm_candidates_require_real_prompt_bound_receipt (test_routing.RoutingTests.test_t1_llm_candidates_require_real_prompt_bound_receipt) ... ok
test_t1_semiconductor_scaling_is_deterministic_and_dual_listing_one_entity (test_routing.RoutingTests.test_t1_semiconductor_scaling_is_deterministic_and_dual_listing_one_entity) ... ok
test_t2_mature_cycle_trough_preserves_stage_and_adds_recovery (test_routing.RoutingTests.test_t2_mature_cycle_trough_preserves_stage_and_adds_recovery) ... ok
test_t3_distressed_scaling_six_mandatory_questions_budget_and_manual_veto (test_routing.RoutingTests.test_t3_distressed_scaling_six_mandatory_questions_budget_and_manual_veto) ... ok
test_t4_three_material_industries_do_not_truncate_and_full_needs_scope (test_routing.RoutingTests.test_t4_three_material_industries_do_not_truncate_and_full_needs_scope) ... ok
test_t4_two_labels_for_one_business_need_review_not_holding (test_routing.RoutingTests.test_t4_two_labels_for_one_business_need_review_not_holding) ... ok
test_t5_equal_authority_type_conflicts_require_segments_manual_precedence_is_explicit (test_routing.RoutingTests.test_t5_equal_authority_type_conflicts_require_segments_manual_precedence_is_explicit) ... ok
test_t5_override_expiry_blocks_execution_but_history_remains_readable (test_routing.RoutingTests.test_t5_override_expiry_blocks_execution_but_history_remains_readable) ... ok
test_t5_unavailable_keeps_common_and_verified_risk_without_fake_other (test_routing.RoutingTests.test_t5_unavailable_keeps_common_and_verified_risk_without_fake_other) ... ok
test_append_is_minor_and_old_question_meaning_cannot_change (test_module_contract.ModuleContractTests.test_append_is_minor_and_old_question_meaning_cannot_change) ... ok
test_common_core_and_type_replacement_are_frozen (test_module_contract.ModuleContractTests.test_common_core_and_type_replacement_are_frozen) ... ok
test_existing_48_modules_keep_their_shape_and_registry (test_module_contract.ModuleContractTests.test_existing_48_modules_keep_their_shape_and_registry) ... ok
test_extension_cannot_disguise_a_new_core_replacement (test_module_contract.ModuleContractTests.test_extension_cannot_disguise_a_new_core_replacement) ... ok
test_historical_release_resolves_old_archive_not_current_catalog (test_module_contract.ModuleContractTests.test_historical_release_resolves_old_archive_not_current_catalog) ... ok
test_module_dependencies_and_question_ids_fail_closed (test_module_contract.ModuleContractTests.test_module_dependencies_and_question_ids_fail_closed) ... ok
test_new_lens_requires_user_selection_not_llm_auto_activation (test_module_contract.ModuleContractTests.test_new_lens_requires_user_selection_not_llm_auto_activation) ... ok
test_new_module_requires_complete_registration_before_export (test_module_contract.ModuleContractTests.test_new_module_requires_complete_registration_before_export) ... ok
test_release_rejects_fake_fact_payload_as_common (test_module_contract.ModuleContractTests.test_release_rejects_fake_fact_payload_as_common) ... ok
test_retired_id_cannot_move_to_another_module (test_module_contract.ModuleContractTests.test_retired_id_cannot_move_to_another_module) ... ok
test_retired_question_mapping_survives_next_minor_release (test_module_contract.ModuleContractTests.test_retired_question_mapping_survives_next_minor_release) ... ok
test_route_decision_binds_release_and_manual_expiry (test_module_contract.ModuleContractTests.test_route_decision_binds_release_and_manual_expiry) ... ok
test_same_id_copyedit_is_rejected_even_with_self_asserted_review (test_module_contract.ModuleContractTests.test_same_id_copyedit_is_rejected_even_with_self_asserted_review) ... ok
test_unrelated_module_does_not_change_semantic_fingerprint (test_module_contract.ModuleContractTests.test_unrelated_module_does_not_change_semantic_fingerprint) ... ok
test_answer_format_description_change_invalidates_standard_method_comparison (test_module_registry.ModuleRegistryTests.test_answer_format_description_change_invalidates_standard_method_comparison) ... ok
test_archived_metric_schema_survives_mutable_schema_change (test_module_registry.ModuleRegistryTests.test_archived_metric_schema_survives_mutable_schema_change) ... ok
test_manifest_prompt_forgery_is_rejected_even_with_recomputed_prompt_hash (test_module_registry.ModuleRegistryTests.test_manifest_prompt_forgery_is_rejected_even_with_recomputed_prompt_hash) ... ok
test_mod_02_release_is_deterministic_and_historical_archive_is_authority (test_module_registry.ModuleRegistryTests.test_mod_02_release_is_deterministic_and_historical_archive_is_authority) ... ok
test_mod_03_append_keeps_old_question_meaning_and_old_run_readable (test_module_registry.ModuleRegistryTests.test_mod_03_append_keeps_old_question_meaning_and_old_run_readable) ... ok
test_mod_04_unregistered_industry_and_missing_context_fail_before_activation (test_module_registry.ModuleRegistryTests.test_mod_04_unregistered_industry_and_missing_context_fail_before_activation) ... ok
test_mod_07_tamper_or_missing_archive_rejects_old_run (test_module_registry.ModuleRegistryTests.test_mod_07_tamper_or_missing_archive_rejects_old_run) ... ok
test_mod_08_budget_defers_only_optional_questions (test_module_registry.ModuleRegistryTests.test_mod_08_budget_defers_only_optional_questions) ... ok
test_module_order_in_profile_is_canonical_for_same_membership (test_module_registry.ModuleRegistryTests.test_module_order_in_profile_is_canonical_for_same_membership) ... ok
test_new_manual_lens_and_automatic_common_extension_are_separate_from_core (test_module_registry.ModuleRegistryTests.test_new_manual_lens_and_automatic_common_extension_are_separate_from_core) ... ok
test_partial_route_uses_common_and_known_risk_without_fabricated_classification (test_module_registry.ModuleRegistryTests.test_partial_route_uses_common_and_known_risk_without_fabricated_classification) ... ok
test_prior_package_without_observation_schema_is_readable_but_cannot_issue_observations (test_module_registry.ModuleRegistryTests.test_prior_package_without_observation_schema_is_readable_but_cannot_issue_observations) ... ok
test_published_observation_uses_frozen_answer_schema_and_question_after_source_edit (test_module_registry.ModuleRegistryTests.test_published_observation_uses_frozen_answer_schema_and_question_after_source_edit) ... ok
test_real_pre_observation_package_cannot_export_standard_run (test_module_registry.ModuleRegistryTests.test_real_pre_observation_package_cannot_export_standard_run) ... ok
test_two_consecutive_major_retirements_publish_against_adjacent_version (test_module_registry.ModuleRegistryTests.test_two_consecutive_major_retirements_publish_against_adjacent_version) ... ok
test_unavailable_historical_renderer_fails_closed_without_losing_archive (test_module_registry.ModuleRegistryTests.test_unavailable_historical_renderer_fails_closed_without_losing_archive) ... ok
test_unrelated_context_does_not_relabel_industrial_question_but_global_rule_does (test_module_registry.ModuleRegistryTests.test_unrelated_context_does_not_relabel_industrial_question_but_global_rule_does) ... ok
test_canonical_units_and_unmapped_metric_comparison (test_standard_answers.StandardAnswerTests.test_canonical_units_and_unmapped_metric_comparison) ... ok
test_compatibility_export_matches_current_source (test_standard_answers.StandardAnswerTests.test_compatibility_export_matches_current_source) ... ok
test_core_quality_does_not_change_with_supplemental_question_count (test_standard_answers.StandardAnswerTests.test_core_quality_does_not_change_with_supplemental_question_count) ... ok
test_fact_library_covers_types_industries_and_stages (test_standard_answers.StandardAnswerTests.test_fact_library_covers_types_industries_and_stages) ... ok
test_fact_scores_wrong_relations_and_unbound_names_rejected (test_standard_answers.StandardAnswerTests.test_fact_scores_wrong_relations_and_unbound_names_rejected) ... ok
test_fact_unknown_is_not_an_empty_assertion (test_standard_answers.StandardAnswerTests.test_fact_unknown_is_not_an_empty_assertion) ... ok
test_facts_export_uses_existing_question_file_shape_and_no_fake_score (test_standard_answers.StandardAnswerTests.test_facts_export_uses_existing_question_file_shape_and_no_fake_score) ... ok
test_future_sources_and_invalid_dates_rejected (test_standard_answers.StandardAnswerTests.test_future_sources_and_invalid_dates_rejected) ... ok
test_information_date_and_period_cadence_must_align (test_standard_answers.StandardAnswerTests.test_information_date_and_period_cadence_must_align) ... ok
test_model_self_report_and_long_documents_rejected (test_standard_answers.StandardAnswerTests.test_model_self_report_and_long_documents_rejected) ... ok
test_no_executed_search_receipt_cannot_produce_success (test_standard_answers.StandardAnswerTests.test_no_executed_search_receipt_cannot_produce_success) ... ok
test_observation_is_immutable_and_reimport_does_not_refresh_timestamp (test_standard_answers.StandardAnswerTests.test_observation_is_immutable_and_reimport_does_not_refresh_timestamp) ... ok
test_prompt_definition_change_cannot_hide_behind_same_version_label (test_standard_answers.StandardAnswerTests.test_prompt_definition_change_cannot_hide_behind_same_version_label) ... ok
test_published_manifest_forgery_fails_before_observation_even_with_new_receipt_hash (test_standard_answers.StandardAnswerTests.test_published_manifest_forgery_fails_before_observation_even_with_new_receipt_hash) ... ok
test_published_observation_rejects_forged_or_removed_package_binding (test_standard_answers.StandardAnswerTests.test_published_observation_rejects_forged_or_removed_package_binding) ... ok
test_published_same_method_is_comparable_across_company_identity (test_standard_answers.StandardAnswerTests.test_published_same_method_is_comparable_across_company_identity) ... ok
test_receipts_bind_manifest_and_exact_prompt (test_standard_answers.StandardAnswerTests.test_receipts_bind_manifest_and_exact_prompt) ... ok
test_same_name_fact_prompts_preserve_entity_and_listing_identity (test_standard_answers.StandardAnswerTests.test_same_name_fact_prompts_preserve_entity_and_listing_identity) ... ok
test_standard_scoring_requires_receipts_not_legacy_normalizer (test_standard_answers.StandardAnswerTests.test_standard_scoring_requires_receipts_not_legacy_normalizer) ... ok
test_subtype_is_routed_and_incompatible_subtype_rejected (test_standard_answers.StandardAnswerTests.test_subtype_is_routed_and_incompatible_subtype_rejected) ... ok
test_three_axes_do_not_confuse_models_and_business_changes (test_standard_answers.StandardAnswerTests.test_three_axes_do_not_confuse_models_and_business_changes) ... ok
test_timestamp_order_and_utc_required (test_standard_answers.StandardAnswerTests.test_timestamp_order_and_utc_required) ... ok
test_unresolved_model_and_rubric_drift_disable_score_difference (test_standard_answers.StandardAnswerTests.test_unresolved_model_and_rubric_drift_disable_score_difference) ... ok

----------------------------------------------------------------------
Ran 70 tests in 97.788s

OK
RESULT 70 failures 0 errors 0 skipped 0
TEMP_CLEANED True
