reformatted src\config\quick_scan_search_policy.py
reformatted src\core\models.py
reformatted src\core\qa_engine.py
reformatted src\providers\async_llm_provider.py
reformatted src\providers\external_search_parsers.py
reformatted src\providers\external_search_provider.py
reformatted src\providers\llm_client.py
reformatted src\providers\llm_provider.py
reformatted src\providers\model_resolution.py
reformatted src\providers\search_capability.py
reformatted src\runners\llm_runner.py
reformatted src\utils\http_client.py
reformatted src\utils\llm_integration.py
reformatted src\utils\quick_scan_cost_resolver.py
reformatted src\utils\quick_scan_evidence.py
reformatted src\utils\quick_scan_external_context.py
reformatted src\utils\quick_scan_external_journal.py
reformatted src\utils\quick_scan_mcp_journal.py
reformatted src\utils\quick_scan_observation_context.py
reformatted src\utils\quick_scan_result_outbox.py
reformatted src\utils\quick_scan_work_store.py
reformatted src\utils\quick_scan_work_transport.py
reformatted tests\integration\test_external_context_cli_e2e.py
reformatted tests\unit\test_external_search_provider.py
reformatted tests\unit\test_model_resolution.py
reformatted tests\unit\test_qa_net01_c06_seal.py
reformatted tests\unit\test_quick_scan_external_context.py
reformatted tests\unit\test_quick_scan_mcp.py
reformatted tests\unit\test_quick_scan_work_store.py

All done! ✨ 🍰 ✨
29 files reformatted, 5 files left unchanged.
