........................................................................ [ 61%]
........................................FF.F.                            [100%]
================================== FAILURES ===================================
_____ test_mod_06_only_new_and_expired_questions_are_planned_for_dispatch _____

tmp_path = WindowsPath('C:/Users/郑曾波/Projects/invest-quick-scan/runs/w15a/executor-refresh-green-03/test_mod_06_only_new_and_expir0')

    def test_mod_06_only_new_and_expired_questions_are_planned_for_dispatch(
        tmp_path: Path,
    ) -> None:
        """MOD-06: four settled old questions stay reused (0 new model calls);
        a newly added module question and an expired (re-worded) question are the
        only ones planned for dispatch."""
        old_ids = ["IQS_01", "IQS_02", "IQS_03", "IQS_04"]
        new_manifest = _manifest(
            ["IQS_01", "IQS_02", "IQS_03", "IQS_04", "NEW_01", "IQS_05"],
            prompts={"IQS_05": "改写后的题面版本二"},
        )
        loaded = load_question_manifest(_write_manifest(tmp_path, new_manifest))
    
        store = QuickScanWorkStore(tmp_path / "work.sqlite")
        lifecycle = _lifecycle(store)
        # the four old questions were answered against the ORIGINAL prompt text
        for question_id in old_ids:
            _settle(store, lifecycle, question_id, f"问题 {question_id} 的题面")
        # IQS_05 was previously answered with an older prompt (expired now)
        _settle(store, lifecycle, "IQS_05", "旧版题面")
    
        plan = plan_manifest_dispatch(
            loaded,
            store,
            entity_id=UUID_ENTITY,
            identity_snapshot_sha256=IDENTITY["identity_snapshot_sha256"],
            bindings=_bindings(loaded),
        )
        actions = {item["question_id"]: item["action"] for item in plan["questions"]}
>       assert actions["IQS_01"] == "reuse"
E       AssertionError: assert 'reconcile' == 'reuse'
E         
E         - reuse
E         + reconcile

tests\unit\test_qa_net01_question_manifest.py:255: AssertionError
_______ test_mod_06_uncertain_and_not_applicable_are_never_redispatched _______

tmp_path = WindowsPath('C:/Users/郑曾波/Projects/invest-quick-scan/runs/w15a/executor-refresh-green-03/test_mod_06_uncertain_and_not_0')

    def test_mod_06_uncertain_and_not_applicable_are_never_redispatched(
        tmp_path: Path,
    ) -> None:
        manifest = _manifest(["IQS_01", "IQS_02", "IQS_03"])
        loaded = load_question_manifest(_write_manifest(tmp_path, manifest))
        store = QuickScanWorkStore(tmp_path / "work.sqlite")
        lifecycle = _lifecycle(store)
    
        # IQS_01: sent, outcome unknown -> reconciliation, never a fresh dispatch
        uncertain_question = Question(text="问题 IQS_01 的题面", question_id="IQS_01")
        handle = lifecycle.before_question(uncertain_question)
        assert handle["claimed"] is True
        store.record_attempt_outcome(
            handle["work_item_id"], handle["lease"], handle["attempt_id"], outcome="unknown"
        )
    
        # IQS_02: answered but marked not applicable -> no dispatch
        _settle(store, lifecycle, "IQS_02", "问题 IQS_02 的题面")
        checkpoint_row = store.find_work_items(entity_id=UUID_ENTITY, question_ids=["IQS_02"])[
            "IQS_02"
        ][0]
        store_path = store.path
        assert store_path.exists()
    
        plan = plan_manifest_dispatch(
            loaded,
            store,
            entity_id=UUID_ENTITY,
            identity_snapshot_sha256=IDENTITY["identity_snapshot_sha256"],
            bindings=_bindings(loaded),
        )
        actions = {item["question_id"]: item["action"] for item in plan["questions"]}
        assert actions["IQS_01"] == "reconcile"
        assert actions["IQS_03"] == "dispatch"
        assert plan["model_calls_planned"] == 1
>       assert checkpoint_row["status"] == "result_ready"
E       AssertionError: assert 'uncertain' == 'result_ready'
E         
E         - result_ready
E         + uncertain

tests\unit\test_qa_net01_question_manifest.py:303: AssertionError
_____________ test_manifest_directory_input_and_seal_only_action ______________

tmp_path = WindowsPath('C:/Users/郑曾波/Projects/invest-quick-scan/runs/w15a/executor-refresh-green-03/test_manifest_directory_input_0')

    def test_manifest_directory_input_and_seal_only_action(tmp_path: Path) -> None:
        manifest = _manifest(["IQS_01"])
        directory = tmp_path / "compose"
        directory.mkdir()
        (directory / "manifest.json").write_text(
            json.dumps(manifest, ensure_ascii=False), encoding="utf-8"
        )
        loaded = load_question_manifest(directory)
        assert loaded["question_count"] == 1
    
        store = QuickScanWorkStore(tmp_path / "work.sqlite")
        lifecycle = _lifecycle(store, authority={})  # no usable authority -> block
        work_item_id = _settle(store, lifecycle, "IQS_01", "问题 IQS_01 的题面")
        # a settled checkpoint with no sealed package is seal-only (0 model calls)
        plan = plan_manifest_dispatch(
            loaded,
            store,
            entity_id=UUID_ENTITY,
            identity_snapshot_sha256=IDENTITY["identity_snapshot_sha256"],
            bindings=_bindings(loaded),
        )
>       assert plan["questions"][0]["action"] == "seal_only"
E       AssertionError: assert 'reconcile' == 'seal_only'
E         
E         - seal_only
E         + reconcile

tests\unit\test_qa_net01_question_manifest.py:360: AssertionError
=========================== short test summary info ===========================
FAILED tests\unit\test_qa_net01_question_manifest.py::test_mod_06_only_new_and_expired_questions_are_planned_for_dispatch
FAILED tests\unit\test_qa_net01_question_manifest.py::test_mod_06_uncertain_and_not_applicable_are_never_redispatched
FAILED tests\unit\test_qa_net01_question_manifest.py::test_manifest_directory_input_and_seal_only_action
3 failed, 114 passed in 20.06s
