FFFF                                                                     [100%]
================================== FAILURES ===================================
______ test_capacity_retry_rechecks_owner_before_reservation[True-True] _______

tmp_path = WindowsPath('C:/Users/郑曾波/Projects/invest-quick-scan/runs/w15a/executor-capacity-red-01/test_capacity_retry_rechecks_o0')
monkeypatch = <_pytest.monkeypatch.MonkeyPatch object at 0x0000027C97AF6D70>
with_work = True, owner_changes = True

    @pytest.mark.parametrize("with_work", [True, False])
    @pytest.mark.parametrize("owner_changes", [True, False])
    def test_capacity_retry_rechecks_owner_before_reservation(tmp_path, monkeypatch, with_work, owner_changes):
        """Real budget capacity wait; owner RPC is the only substituted boundary."""
        import src.utils.quick_scan_work_transport as transport
        from tests.unit.test_quick_scan_budget import _policy, _reserve
        from tests.unit.test_quick_scan_work_store import _spec
        from tests.unit.test_w15_owner_refresh import _binding
    
        store = QuickScanWorkStore(tmp_path / "work.sqlite")
        policy = _policy(max_cost=100)
        _reserve(store, policy, "DISPATCH_busy")
        current = ["route_A"]
        anchor_reads = []
        waits = []
    
        def owner_guard():
            anchor_reads.append(current[0])
            if current[0] != "route_A":
                raise ValueError("owner_refresh_current_changed")
    
        def release_capacity(seconds):
            waits.append(seconds)
            if owner_changes:
                current[0] = "route_B"
            store.record_budget_outcome(
                "DISPATCH_busy", outcome="confirmed_failure", http_status_code=429,
                actual_cost=0, cost_source_ref="synthetic-no-HTTP",
            )
    
        monkeypatch.setattr(transport.time, "sleep", release_capacity)
        row = None
        with ExitStack() as bindings:
            bindings.enter_context(transport.bind_owner_refresh_guard(owner_guard))
            bindings.enter_context(transport.bind_quick_scan_budget(store, policy))
            bindings.enter_context(transport.bind_quick_scan_route(
                route_id="route-a1", provider="provider-a1", model_requested="fixture-a", quota_group="A",
            ))
            if with_work:
                row = store.create_or_attach(
                    **_spec(generation=2), run_id="RUN_CAPACITY", scan_id="SCAN_CAPACITY",
                    owner_refresh_binding=_binding(provider="provider-a1", model="fixture-a"),
                )
                lease = store.claim(row["work_item_id"], lease_seconds=300)
                bindings.enter_context(transport.bind_quick_scan_work(store, row["work_item_id"], lease))
            if owner_changes:
>               with pytest.raises(transport.QuickScanWorkPersistenceError, match="owner_refresh_guard_rejected"):
                     ^^^^^^^^^^^^^^^^^^^^^^^^^^^^^^^^^^^^^^^^^^^^^^^^^^^^^^^^^^^^^^^^^^^^^^^^^^^^^^^^^^^^^^^^^^^^
E               Failed: DID NOT RAISE QuickScanWorkPersistenceError

tests\unit\test_w15_owner_refresh_transport.py:78: Failed
______ test_capacity_retry_rechecks_owner_before_reservation[True-False] ______

tmp_path = WindowsPath('C:/Users/郑曾波/Projects/invest-quick-scan/runs/w15a/executor-capacity-red-01/test_capacity_retry_rechecks_o1')
monkeypatch = <_pytest.monkeypatch.MonkeyPatch object at 0x0000027C96169E00>
with_work = False, owner_changes = True

    @pytest.mark.parametrize("with_work", [True, False])
    @pytest.mark.parametrize("owner_changes", [True, False])
    def test_capacity_retry_rechecks_owner_before_reservation(tmp_path, monkeypatch, with_work, owner_changes):
        """Real budget capacity wait; owner RPC is the only substituted boundary."""
        import src.utils.quick_scan_work_transport as transport
        from tests.unit.test_quick_scan_budget import _policy, _reserve
        from tests.unit.test_quick_scan_work_store import _spec
        from tests.unit.test_w15_owner_refresh import _binding
    
        store = QuickScanWorkStore(tmp_path / "work.sqlite")
        policy = _policy(max_cost=100)
        _reserve(store, policy, "DISPATCH_busy")
        current = ["route_A"]
        anchor_reads = []
        waits = []
    
        def owner_guard():
            anchor_reads.append(current[0])
            if current[0] != "route_A":
                raise ValueError("owner_refresh_current_changed")
    
        def release_capacity(seconds):
            waits.append(seconds)
            if owner_changes:
                current[0] = "route_B"
            store.record_budget_outcome(
                "DISPATCH_busy", outcome="confirmed_failure", http_status_code=429,
                actual_cost=0, cost_source_ref="synthetic-no-HTTP",
            )
    
        monkeypatch.setattr(transport.time, "sleep", release_capacity)
        row = None
        with ExitStack() as bindings:
            bindings.enter_context(transport.bind_owner_refresh_guard(owner_guard))
            bindings.enter_context(transport.bind_quick_scan_budget(store, policy))
            bindings.enter_context(transport.bind_quick_scan_route(
                route_id="route-a1", provider="provider-a1", model_requested="fixture-a", quota_group="A",
            ))
            if with_work:
                row = store.create_or_attach(
                    **_spec(generation=2), run_id="RUN_CAPACITY", scan_id="SCAN_CAPACITY",
                    owner_refresh_binding=_binding(provider="provider-a1", model="fixture-a"),
                )
                lease = store.claim(row["work_item_id"], lease_seconds=300)
                bindings.enter_context(transport.bind_quick_scan_work(store, row["work_item_id"], lease))
            if owner_changes:
>               with pytest.raises(transport.QuickScanWorkPersistenceError, match="owner_refresh_guard_rejected"):
                     ^^^^^^^^^^^^^^^^^^^^^^^^^^^^^^^^^^^^^^^^^^^^^^^^^^^^^^^^^^^^^^^^^^^^^^^^^^^^^^^^^^^^^^^^^^^^
E               Failed: DID NOT RAISE QuickScanWorkPersistenceError

tests\unit\test_w15_owner_refresh_transport.py:78: Failed
______ test_capacity_retry_rechecks_owner_before_reservation[False-True] ______

tmp_path = WindowsPath('C:/Users/郑曾波/Projects/invest-quick-scan/runs/w15a/executor-capacity-red-01/test_capacity_retry_rechecks_o2')
monkeypatch = <_pytest.monkeypatch.MonkeyPatch object at 0x0000027C99D16210>
with_work = True, owner_changes = False

    @pytest.mark.parametrize("with_work", [True, False])
    @pytest.mark.parametrize("owner_changes", [True, False])
    def test_capacity_retry_rechecks_owner_before_reservation(tmp_path, monkeypatch, with_work, owner_changes):
        """Real budget capacity wait; owner RPC is the only substituted boundary."""
        import src.utils.quick_scan_work_transport as transport
        from tests.unit.test_quick_scan_budget import _policy, _reserve
        from tests.unit.test_quick_scan_work_store import _spec
        from tests.unit.test_w15_owner_refresh import _binding
    
        store = QuickScanWorkStore(tmp_path / "work.sqlite")
        policy = _policy(max_cost=100)
        _reserve(store, policy, "DISPATCH_busy")
        current = ["route_A"]
        anchor_reads = []
        waits = []
    
        def owner_guard():
            anchor_reads.append(current[0])
            if current[0] != "route_A":
                raise ValueError("owner_refresh_current_changed")
    
        def release_capacity(seconds):
            waits.append(seconds)
            if owner_changes:
                current[0] = "route_B"
            store.record_budget_outcome(
                "DISPATCH_busy", outcome="confirmed_failure", http_status_code=429,
                actual_cost=0, cost_source_ref="synthetic-no-HTTP",
            )
    
        monkeypatch.setattr(transport.time, "sleep", release_capacity)
        row = None
        with ExitStack() as bindings:
            bindings.enter_context(transport.bind_owner_refresh_guard(owner_guard))
            bindings.enter_context(transport.bind_quick_scan_budget(store, policy))
            bindings.enter_context(transport.bind_quick_scan_route(
                route_id="route-a1", provider="provider-a1", model_requested="fixture-a", quota_group="A",
            ))
            if with_work:
                row = store.create_or_attach(
                    **_spec(generation=2), run_id="RUN_CAPACITY", scan_id="SCAN_CAPACITY",
                    owner_refresh_binding=_binding(provider="provider-a1", model="fixture-a"),
                )
                lease = store.claim(row["work_item_id"], lease_seconds=300)
                bindings.enter_context(transport.bind_quick_scan_work(store, row["work_item_id"], lease))
            if owner_changes:
                with pytest.raises(transport.QuickScanWorkPersistenceError, match="owner_refresh_guard_rejected"):
                    transport.begin_quick_scan_send("synthetic prompt", "system", model_requested="fixture-a")
            else:
                assert transport.begin_quick_scan_send("synthetic prompt", "system", model_requested="fixture-a") is not None
        assert len(waits) == 1
>       assert len(anchor_reads) >= 3
E       AssertionError: assert 1 >= 3
E        +  where 1 = len(['route_A'])

tests\unit\test_w15_owner_refresh_transport.py:83: AssertionError
_____ test_capacity_retry_rechecks_owner_before_reservation[False-False] ______

tmp_path = WindowsPath('C:/Users/郑曾波/Projects/invest-quick-scan/runs/w15a/executor-capacity-red-01/test_capacity_retry_rechecks_o3')
monkeypatch = <_pytest.monkeypatch.MonkeyPatch object at 0x0000027C99CD7790>
with_work = False, owner_changes = False

    @pytest.mark.parametrize("with_work", [True, False])
    @pytest.mark.parametrize("owner_changes", [True, False])
    def test_capacity_retry_rechecks_owner_before_reservation(tmp_path, monkeypatch, with_work, owner_changes):
        """Real budget capacity wait; owner RPC is the only substituted boundary."""
        import src.utils.quick_scan_work_transport as transport
        from tests.unit.test_quick_scan_budget import _policy, _reserve
        from tests.unit.test_quick_scan_work_store import _spec
        from tests.unit.test_w15_owner_refresh import _binding
    
        store = QuickScanWorkStore(tmp_path / "work.sqlite")
        policy = _policy(max_cost=100)
        _reserve(store, policy, "DISPATCH_busy")
        current = ["route_A"]
        anchor_reads = []
        waits = []
    
        def owner_guard():
            anchor_reads.append(current[0])
            if current[0] != "route_A":
                raise ValueError("owner_refresh_current_changed")
    
        def release_capacity(seconds):
            waits.append(seconds)
            if owner_changes:
                current[0] = "route_B"
            store.record_budget_outcome(
                "DISPATCH_busy", outcome="confirmed_failure", http_status_code=429,
                actual_cost=0, cost_source_ref="synthetic-no-HTTP",
            )
    
        monkeypatch.setattr(transport.time, "sleep", release_capacity)
        row = None
        with ExitStack() as bindings:
            bindings.enter_context(transport.bind_owner_refresh_guard(owner_guard))
            bindings.enter_context(transport.bind_quick_scan_budget(store, policy))
            bindings.enter_context(transport.bind_quick_scan_route(
                route_id="route-a1", provider="provider-a1", model_requested="fixture-a", quota_group="A",
            ))
            if with_work:
                row = store.create_or_attach(
                    **_spec(generation=2), run_id="RUN_CAPACITY", scan_id="SCAN_CAPACITY",
                    owner_refresh_binding=_binding(provider="provider-a1", model="fixture-a"),
                )
                lease = store.claim(row["work_item_id"], lease_seconds=300)
                bindings.enter_context(transport.bind_quick_scan_work(store, row["work_item_id"], lease))
            if owner_changes:
                with pytest.raises(transport.QuickScanWorkPersistenceError, match="owner_refresh_guard_rejected"):
                    transport.begin_quick_scan_send("synthetic prompt", "system", model_requested="fixture-a")
            else:
                assert transport.begin_quick_scan_send("synthetic prompt", "system", model_requested="fixture-a") is not None
        assert len(waits) == 1
>       assert len(anchor_reads) >= 3
E       AssertionError: assert 1 >= 3
E        +  where 1 = len(['route_A'])

tests\unit\test_w15_owner_refresh_transport.py:83: AssertionError
=========================== short test summary info ===========================
FAILED tests\unit\test_w15_owner_refresh_transport.py::test_capacity_retry_rechecks_owner_before_reservation[True-True]
FAILED tests\unit\test_w15_owner_refresh_transport.py::test_capacity_retry_rechecks_owner_before_reservation[True-False]
FAILED tests\unit\test_w15_owner_refresh_transport.py::test_capacity_retry_rechecks_owner_before_reservation[False-True]
FAILED tests\unit\test_w15_owner_refresh_transport.py::test_capacity_retry_rechecks_owner_before_reservation[False-False]
4 failed in 1.79s
