..............FF                                                         [100%]
================================== FAILURES ===================================
_ test_partial_delivery_resume_uses_original_outbox_and_missing_owner_ack_never_reasks _

tmp_path = WindowsPath('C:/Users/郑曾波/Projects/invest-quick-scan/runs/w15a/executor-delivery-admission-02/test_partial_delivery_resume_u0')

    def test_partial_delivery_resume_uses_original_outbox_and_missing_owner_ack_never_reasks(tmp_path):
        """Actual Q10 persistence; owner transport is the explicitly typed boundary.
    
        The original result-ready item may be ACKed while another item is still
        pending. W15 cannot relabel that old checkpoint as a new-owner dispatch.
        """
        from src.core.models import Question
        from src.runners.llm_runner import QuickScanWorkLifecycle
        from tests.unit.test_q10_delivery import _jr2_ready, _ack_for, _seed_checkpoint, _lifecycle, JR2_CONSUMER, JR2_SOURCE
    
        client, manifest, store, identity = _fixture(tmp_path, qid="IQS_05")
        original_store, wid, ready = _jr2_ready(tmp_path)
        pending = _seed_checkpoint(original_store, _lifecycle(original_store), "IQS_06")["handle"]["work_item_id"]
        original_store.bind_result_delivery_consumer(wid, JR2_CONSUMER, source_ref=JR2_SOURCE)
        begun = original_store.begin_result_delivery(wid)
        original = (begun["request_bytes"], begun["idempotency_key"], begun["package_sha256"])
        q = Question(text=manifest["questions"][0]["prompt"], question_id="IQS_05")
        client.plan_fixture["fields"][0].update(decision="resume_existing_work", freshness_status=None)
        client.plan_fixture["refresh_id"] = "refresh_"+canonical_sha256({k:v for k,v in client.plan_fixture.items() if k not in {"refresh_id", "reused_observations"}})
        session = client.prepare(manifest, store, identity=identity, provider="P1", model="M1", now=NOW)
        lifecycle = QuickScanWorkLifecycle(store, entity_id=UUID_ENTITY, identity=identity, run_id="RUN_2", scan_id="SCAN_1",
                                          owner_refresh_session=session, scope_by_question=session.scope_bindings, transport_managed=True)
        blocked = lifecycle.before_question(q)
        assert blocked == {"claimed": False, "reason": "resume_original_work_context_required", "work_item_id": wid}
>       original_store.confirm_result_delivery_not_sent(wid, "synthetic_connection_refused_before_write")

tests\unit\test_w15_owner_refresh_transport.py:143: 
_ _ _ _ _ _ _ _ _ _ _ _ _ _ _ _ _ _ _ _ _ _ _ _ _ _ _ _ _ _ _ _ _ _ _ _ _ _ _ _

self = <src.utils.quick_scan_work_store.QuickScanWorkStore object at 0x0000024F32A54490>
work_item_id = 'WORK_43a1d7bf19cf4bfe8ac7ab4831518f9f'
reason_code = 'synthetic_connection_refused_before_write'

    def confirm_result_delivery_not_sent(self, work_item_id: str, reason_code: str) -> dict:
        """Re-arm only when the transport proves no request bytes were dispatched."""
        _safe(work_item_id, "work_item_id")
        reason_code = _safe_text(reason_code, "not-sent reason", maximum=160)
        if reason_code not in _DELIVERY_NOT_SENT_REASONS:
>           raise ValueError("invalid not-sent reason")
E           ValueError: invalid not-sent reason

src\utils\quick_scan_work_store.py:4827: ValueError
_________ test_cli_e2e_search_policy_admission_gates_before_any_http __________

monkeypatch = <_pytest.monkeypatch.MonkeyPatch object at 0x0000024F32860C30>
tmp_path = WindowsPath('C:/Users/郑曾波/Projects/invest-quick-scan/runs/w15a/executor-delivery-admission-02/test_cli_e2e_search_policy_adm0')
capsys = <_pytest.capture.CaptureFixture object at 0x0000024F325352B0>
caplog = <_pytest.logging.LogCaptureFixture object at 0x0000024F325357F0>

    def test_cli_e2e_search_policy_admission_gates_before_any_http(
        monkeypatch, tmp_path, capsys, caplog
    ) -> None:
        """An external mode whose routes are not admitted fails closed with zero
        HTTP; an admitted route prints its admission receipt before dispatch."""
        import os
    
        files = _setup(tmp_path, with_authority=False)
        policy_file = tmp_path / "search_policy.json"
        policy_file.write_text(json.dumps(_search_policy()), encoding="utf-8")
    
        monkeypatch.delenv("BRAVE_API_KEY", raising=False)
        code, session = _run(
            monkeypatch,
            tmp_path,
            files,
            manifest=False,
            with_authority=False,
            extra=["--search-policy", str(policy_file)],
        )
        captured = capsys.readouterr()
        assert code == 1
        assert session.post.call_count == 0
        assert "external_search_routes_unadmitted" in caplog.text
        assert "no_admitted_external_route" in caplog.text
    
        monkeypatch.setenv("BRAVE_API_KEY", "offline-fixture-key")
        code, admitted_session = _run(
            monkeypatch,
            tmp_path,
            files,
            manifest=False,
            with_authority=False,
            extra=["--search-policy", str(policy_file)],
        )
        captured = capsys.readouterr()
        assert code == 1, captured.out
        assert admitted_session.post.call_count == 0
>       assert '"admitted_routes": ["brave-primary"]' in captured.out
E       assert '"admitted_routes": ["brave-primary"]' in ''
E        +  where '' = CaptureResult(out='', err='').out

C:\Users\郑曾波\Projects\invest-quick-scan\runs\w15a\qa\tests\integration\test_qa_net01_cli_e2e.py:419: AssertionError
---------------------------- Captured stdout call -----------------------------
INFO - ======================================================================
INFO - 公司分析 - Fixture Corp
INFO - ======================================================================
INFO - 正在加载JSON配置文件: C:\Users\郑曾波\Projects\invest-quick-scan\runs\w15a\executor-delivery-admission-02\test_cli_e2e_search_policy_adm0\questions.json
INFO - 成功从JSON配置加载 2 个问题
ERROR - 运行失败: external_search_routes_unadmitted: brave-primary:credential_env_unset,*:no_admitted_external_route
Traceback (most recent call last):
  File "C:\Users\郑曾波\Projects\invest-quick-scan\runs\w15a\qa\main_with_llm.py", line 333, in main
    return runner.run(
           ~~~~~~~~~~^
        company=args.company,
        ^^^^^^^^^^^^^^^^^^^^^
    ...<15 lines>...
        owner_refresh_config=args.quick_scan_owner_config,
        ^^^^^^^^^^^^^^^^^^^^^^^^^^^^^^^^^^^^^^^^^^^^^^^^^^
    )
    ^
  File "C:\Users\郑曾波\Projects\invest-quick-scan\runs\w15a\qa\src\runners\llm_runner.py", line 1396, in run
    return self._run_single_company(
           ~~~~~~~~~~~~~~~~~~~~~~~~^
        company=company,
        ^^^^^^^^^^^^^^^^
    ...<11 lines>...
        owner_refresh_config=owner_refresh_config,
        ^^^^^^^^^^^^^^^^^^^^^^^^^^^^^^^^^^^^^^^^^^
    )
    ^
  File "C:\Users\郑曾波\Projects\invest-quick-scan\runs\w15a\qa\src\runners\llm_runner.py", line 1542, in _run_single_company
    raise ValueError("external_search_routes_unadmitted: " + rejections)
ValueError: external_search_routes_unadmitted: brave-primary:credential_env_unset,*:no_admitted_external_route
INFO - ======================================================================
INFO - 公司分析 - Fixture Corp
INFO - ======================================================================
INFO - 正在加载JSON配置文件: C:\Users\郑曾波\Projects\invest-quick-scan\runs\w15a\executor-delivery-admission-02\test_cli_e2e_search_policy_adm0\questions.json
INFO - 成功从JSON配置加载 2 个问题
ERROR - 运行失败: frozen_execution_plan_required
Traceback (most recent call last):
  File "C:\Users\郑曾波\Projects\invest-quick-scan\runs\w15a\qa\main_with_llm.py", line 333, in main
    return runner.run(
           ~~~~~~~~~~^
        company=args.company,
        ^^^^^^^^^^^^^^^^^^^^^
    ...<15 lines>...
        owner_refresh_config=args.quick_scan_owner_config,
        ^^^^^^^^^^^^^^^^^^^^^^^^^^^^^^^^^^^^^^^^^^^^^^^^^^
    )
    ^
  File "C:\Users\郑曾波\Projects\invest-quick-scan\runs\w15a\qa\src\runners\llm_runner.py", line 1396, in run
    return self._run_single_company(
           ~~~~~~~~~~~~~~~~~~~~~~~~^
        company=company,
        ^^^^^^^^^^^^^^^^
    ...<11 lines>...
        owner_refresh_config=owner_refresh_config,
        ^^^^^^^^^^^^^^^^^^^^^^^^^^^^^^^^^^^^^^^^^^
    )
    ^
  File "C:\Users\郑曾波\Projects\invest-quick-scan\runs\w15a\qa\src\runners\llm_runner.py", line 1548, in _run_single_company
    execution_query_plans(search_document)
    ~~~~~~~~~~~~~~~~~~~~~^^^^^^^^^^^^^^^^^
  File "C:\Users\郑曾波\Projects\invest-quick-scan\runs\w15a\qa\src\config\quick_scan_search_policy.py", line 264, in execution_query_plans
    raise SearchPolicyRejected("frozen_execution_plan_required")
src.config.quick_scan_search_policy.SearchPolicyRejected: frozen_execution_plan_required
------------------------------ Captured log call ------------------------------
INFO     src.runners.llm_runner:llm_runner.py:1392 ======================================================================
INFO     src.runners.llm_runner:llm_runner.py:1394 公司分析 - Fixture Corp
INFO     src.runners.llm_runner:llm_runner.py:1395 ======================================================================
INFO     src.config.json_config_manager:json_config_manager.py:37 正在加载JSON配置文件: C:\Users\郑曾波\Projects\invest-quick-scan\runs\w15a\executor-delivery-admission-02\test_cli_e2e_search_policy_adm0\questions.json
INFO     src.config.json_config_manager:json_config_manager.py:63 成功从JSON配置加载 2 个问题
ERROR    main_with_llm:main_with_llm.py:353 运行失败: external_search_routes_unadmitted: brave-primary:credential_env_unset,*:no_admitted_external_route
Traceback (most recent call last):
  File "C:\Users\郑曾波\Projects\invest-quick-scan\runs\w15a\qa\main_with_llm.py", line 333, in main
    return runner.run(
           ~~~~~~~~~~^
        company=args.company,
        ^^^^^^^^^^^^^^^^^^^^^
    ...<15 lines>...
        owner_refresh_config=args.quick_scan_owner_config,
        ^^^^^^^^^^^^^^^^^^^^^^^^^^^^^^^^^^^^^^^^^^^^^^^^^^
    )
    ^
  File "C:\Users\郑曾波\Projects\invest-quick-scan\runs\w15a\qa\src\runners\llm_runner.py", line 1396, in run
    return self._run_single_company(
           ~~~~~~~~~~~~~~~~~~~~~~~~^
        company=company,
        ^^^^^^^^^^^^^^^^
    ...<11 lines>...
        owner_refresh_config=owner_refresh_config,
        ^^^^^^^^^^^^^^^^^^^^^^^^^^^^^^^^^^^^^^^^^^
    )
    ^
  File "C:\Users\郑曾波\Projects\invest-quick-scan\runs\w15a\qa\src\runners\llm_runner.py", line 1542, in _run_single_company
    raise ValueError("external_search_routes_unadmitted: " + rejections)
ValueError: external_search_routes_unadmitted: brave-primary:credential_env_unset,*:no_admitted_external_route
INFO     src.runners.llm_runner:llm_runner.py:1392 ======================================================================
INFO     src.runners.llm_runner:llm_runner.py:1394 公司分析 - Fixture Corp
INFO     src.runners.llm_runner:llm_runner.py:1395 ======================================================================
INFO     src.config.json_config_manager:json_config_manager.py:37 正在加载JSON配置文件: C:\Users\郑曾波\Projects\invest-quick-scan\runs\w15a\executor-delivery-admission-02\test_cli_e2e_search_policy_adm0\questions.json
INFO     src.config.json_config_manager:json_config_manager.py:63 成功从JSON配置加载 2 个问题
ERROR    main_with_llm:main_with_llm.py:353 运行失败: frozen_execution_plan_required
Traceback (most recent call last):
  File "C:\Users\郑曾波\Projects\invest-quick-scan\runs\w15a\qa\main_with_llm.py", line 333, in main
    return runner.run(
           ~~~~~~~~~~^
        company=args.company,
        ^^^^^^^^^^^^^^^^^^^^^
    ...<15 lines>...
        owner_refresh_config=args.quick_scan_owner_config,
        ^^^^^^^^^^^^^^^^^^^^^^^^^^^^^^^^^^^^^^^^^^^^^^^^^^
    )
    ^
  File "C:\Users\郑曾波\Projects\invest-quick-scan\runs\w15a\qa\src\runners\llm_runner.py", line 1396, in run
    return self._run_single_company(
           ~~~~~~~~~~~~~~~~~~~~~~~~^
        company=company,
        ^^^^^^^^^^^^^^^^
    ...<11 lines>...
        owner_refresh_config=owner_refresh_config,
        ^^^^^^^^^^^^^^^^^^^^^^^^^^^^^^^^^^^^^^^^^^
    )
    ^
  File "C:\Users\郑曾波\Projects\invest-quick-scan\runs\w15a\qa\src\runners\llm_runner.py", line 1548, in _run_single_company
    execution_query_plans(search_document)
    ~~~~~~~~~~~~~~~~~~~~~^^^^^^^^^^^^^^^^^
  File "C:\Users\郑曾波\Projects\invest-quick-scan\runs\w15a\qa\src\config\quick_scan_search_policy.py", line 264, in execution_query_plans
    raise SearchPolicyRejected("frozen_execution_plan_required")
src.config.quick_scan_search_policy.SearchPolicyRejected: frozen_execution_plan_required
=========================== short test summary info ===========================
FAILED tests\unit\test_w15_owner_refresh_transport.py::test_partial_delivery_resume_uses_original_outbox_and_missing_owner_ack_never_reasks
FAILED tests\integration\test_qa_net01_cli_e2e.py::test_cli_e2e_search_policy_admission_gates_before_any_http
2 failed, 14 passed in 2.48s
