...............F                                                         [100%]
================================== FAILURES ===================================
_________ test_cli_e2e_search_policy_admission_gates_before_any_http __________

monkeypatch = <_pytest.monkeypatch.MonkeyPatch object at 0x0000018FBB743E10>
tmp_path = WindowsPath('C:/Users/郑曾波/Projects/invest-quick-scan/runs/w15a/executor-delivery-admission-03/test_cli_e2e_search_policy_adm0')
capsys = <_pytest.capture.CaptureFixture object at 0x0000018FBB6A4980>
caplog = <_pytest.logging.LogCaptureFixture object at 0x0000018FBB6A52B0>

    def test_cli_e2e_search_policy_admission_gates_before_any_http(
        monkeypatch, tmp_path, capsys, caplog
    ) -> None:
        """Missing credentials and a missing frozen plan both refuse before HTTP.
    
        Phase111 made the production retrieval chain executable. A credential
        alone no longer yields the old disabled-stub admission output.
        """
    
        files = _setup(tmp_path, with_authority=False)
        policy_file = tmp_path / "search_policy.json"
        policy_file.write_text(json.dumps(_search_policy()), encoding="utf-8")
    
        monkeypatch.delenv("BRAVE_API_KEY", raising=False)
        code, session = _run(
            monkeypatch,
            tmp_path,
            files,
            manifest=False,
            with_authority=False,
            extra=["--search-policy", str(policy_file)],
        )
        captured = capsys.readouterr()
        assert code == 1
        assert session.post.call_count == 0
        assert "external_search_routes_unadmitted" in caplog.text
        assert "no_admitted_external_route" in caplog.text
    
        monkeypatch.setenv("BRAVE_API_KEY", "offline-fixture-key")
        code, admitted_session = _run(
            monkeypatch,
            tmp_path,
            files,
            manifest=False,
            with_authority=False,
            extra=["--search-policy", str(policy_file)],
        )
        captured = capsys.readouterr()
        assert code == 1, captured.out
        assert admitted_session.post.call_count == 0
        assert "frozen_execution_plan_required" in caplog.text
>       assert "external_context_not_implemented" in captured.out
E       AssertionError: assert 'external_context_not_implemented' in ''
E        +  where '' = CaptureResult(out='', err='').out

C:\Users\郑曾波\Projects\invest-quick-scan\runs\w15a\qa\tests\integration\test_qa_net01_cli_e2e.py:422: AssertionError
---------------------------- Captured stdout call -----------------------------
INFO - ======================================================================
INFO - 公司分析 - Fixture Corp
INFO - ======================================================================
INFO - 正在加载JSON配置文件: C:\Users\郑曾波\Projects\invest-quick-scan\runs\w15a\executor-delivery-admission-03\test_cli_e2e_search_policy_adm0\questions.json
INFO - 成功从JSON配置加载 2 个问题
ERROR - 运行失败: external_search_routes_unadmitted: brave-primary:credential_env_unset,*:no_admitted_external_route
Traceback (most recent call last):
  File "C:\Users\郑曾波\Projects\invest-quick-scan\runs\w15a\qa\main_with_llm.py", line 333, in main
    return runner.run(
           ~~~~~~~~~~^
        company=args.company,
        ^^^^^^^^^^^^^^^^^^^^^
    ...<15 lines>...
        owner_refresh_config=args.quick_scan_owner_config,
        ^^^^^^^^^^^^^^^^^^^^^^^^^^^^^^^^^^^^^^^^^^^^^^^^^^
    )
    ^
  File "C:\Users\郑曾波\Projects\invest-quick-scan\runs\w15a\qa\src\runners\llm_runner.py", line 1396, in run
    return self._run_single_company(
           ~~~~~~~~~~~~~~~~~~~~~~~~^
        company=company,
        ^^^^^^^^^^^^^^^^
    ...<11 lines>...
        owner_refresh_config=owner_refresh_config,
        ^^^^^^^^^^^^^^^^^^^^^^^^^^^^^^^^^^^^^^^^^^
    )
    ^
  File "C:\Users\郑曾波\Projects\invest-quick-scan\runs\w15a\qa\src\runners\llm_runner.py", line 1542, in _run_single_company
    raise ValueError("external_search_routes_unadmitted: " + rejections)
ValueError: external_search_routes_unadmitted: brave-primary:credential_env_unset,*:no_admitted_external_route
INFO - ======================================================================
INFO - 公司分析 - Fixture Corp
INFO - ======================================================================
INFO - 正在加载JSON配置文件: C:\Users\郑曾波\Projects\invest-quick-scan\runs\w15a\executor-delivery-admission-03\test_cli_e2e_search_policy_adm0\questions.json
INFO - 成功从JSON配置加载 2 个问题
ERROR - 运行失败: frozen_execution_plan_required
Traceback (most recent call last):
  File "C:\Users\郑曾波\Projects\invest-quick-scan\runs\w15a\qa\main_with_llm.py", line 333, in main
    return runner.run(
           ~~~~~~~~~~^
        company=args.company,
        ^^^^^^^^^^^^^^^^^^^^^
    ...<15 lines>...
        owner_refresh_config=args.quick_scan_owner_config,
        ^^^^^^^^^^^^^^^^^^^^^^^^^^^^^^^^^^^^^^^^^^^^^^^^^^
    )
    ^
  File "C:\Users\郑曾波\Projects\invest-quick-scan\runs\w15a\qa\src\runners\llm_runner.py", line 1396, in run
    return self._run_single_company(
           ~~~~~~~~~~~~~~~~~~~~~~~~^
        company=company,
        ^^^^^^^^^^^^^^^^
    ...<11 lines>...
        owner_refresh_config=owner_refresh_config,
        ^^^^^^^^^^^^^^^^^^^^^^^^^^^^^^^^^^^^^^^^^^
    )
    ^
  File "C:\Users\郑曾波\Projects\invest-quick-scan\runs\w15a\qa\src\runners\llm_runner.py", line 1548, in _run_single_company
    execution_query_plans(search_document)
    ~~~~~~~~~~~~~~~~~~~~~^^^^^^^^^^^^^^^^^
  File "C:\Users\郑曾波\Projects\invest-quick-scan\runs\w15a\qa\src\config\quick_scan_search_policy.py", line 264, in execution_query_plans
    raise SearchPolicyRejected("frozen_execution_plan_required")
src.config.quick_scan_search_policy.SearchPolicyRejected: frozen_execution_plan_required
------------------------------ Captured log call ------------------------------
INFO     src.runners.llm_runner:llm_runner.py:1392 ======================================================================
INFO     src.runners.llm_runner:llm_runner.py:1394 公司分析 - Fixture Corp
INFO     src.runners.llm_runner:llm_runner.py:1395 ======================================================================
INFO     src.config.json_config_manager:json_config_manager.py:37 正在加载JSON配置文件: C:\Users\郑曾波\Projects\invest-quick-scan\runs\w15a\executor-delivery-admission-03\test_cli_e2e_search_policy_adm0\questions.json
INFO     src.config.json_config_manager:json_config_manager.py:63 成功从JSON配置加载 2 个问题
ERROR    main_with_llm:main_with_llm.py:353 运行失败: external_search_routes_unadmitted: brave-primary:credential_env_unset,*:no_admitted_external_route
Traceback (most recent call last):
  File "C:\Users\郑曾波\Projects\invest-quick-scan\runs\w15a\qa\main_with_llm.py", line 333, in main
    return runner.run(
           ~~~~~~~~~~^
        company=args.company,
        ^^^^^^^^^^^^^^^^^^^^^
    ...<15 lines>...
        owner_refresh_config=args.quick_scan_owner_config,
        ^^^^^^^^^^^^^^^^^^^^^^^^^^^^^^^^^^^^^^^^^^^^^^^^^^
    )
    ^
  File "C:\Users\郑曾波\Projects\invest-quick-scan\runs\w15a\qa\src\runners\llm_runner.py", line 1396, in run
    return self._run_single_company(
           ~~~~~~~~~~~~~~~~~~~~~~~~^
        company=company,
        ^^^^^^^^^^^^^^^^
    ...<11 lines>...
        owner_refresh_config=owner_refresh_config,
        ^^^^^^^^^^^^^^^^^^^^^^^^^^^^^^^^^^^^^^^^^^
    )
    ^
  File "C:\Users\郑曾波\Projects\invest-quick-scan\runs\w15a\qa\src\runners\llm_runner.py", line 1542, in _run_single_company
    raise ValueError("external_search_routes_unadmitted: " + rejections)
ValueError: external_search_routes_unadmitted: brave-primary:credential_env_unset,*:no_admitted_external_route
INFO     src.runners.llm_runner:llm_runner.py:1392 ======================================================================
INFO     src.runners.llm_runner:llm_runner.py:1394 公司分析 - Fixture Corp
INFO     src.runners.llm_runner:llm_runner.py:1395 ======================================================================
INFO     src.config.json_config_manager:json_config_manager.py:37 正在加载JSON配置文件: C:\Users\郑曾波\Projects\invest-quick-scan\runs\w15a\executor-delivery-admission-03\test_cli_e2e_search_policy_adm0\questions.json
INFO     src.config.json_config_manager:json_config_manager.py:63 成功从JSON配置加载 2 个问题
ERROR    main_with_llm:main_with_llm.py:353 运行失败: frozen_execution_plan_required
Traceback (most recent call last):
  File "C:\Users\郑曾波\Projects\invest-quick-scan\runs\w15a\qa\main_with_llm.py", line 333, in main
    return runner.run(
           ~~~~~~~~~~^
        company=args.company,
        ^^^^^^^^^^^^^^^^^^^^^
    ...<15 lines>...
        owner_refresh_config=args.quick_scan_owner_config,
        ^^^^^^^^^^^^^^^^^^^^^^^^^^^^^^^^^^^^^^^^^^^^^^^^^^
    )
    ^
  File "C:\Users\郑曾波\Projects\invest-quick-scan\runs\w15a\qa\src\runners\llm_runner.py", line 1396, in run
    return self._run_single_company(
           ~~~~~~~~~~~~~~~~~~~~~~~~^
        company=company,
        ^^^^^^^^^^^^^^^^
    ...<11 lines>...
        owner_refresh_config=owner_refresh_config,
        ^^^^^^^^^^^^^^^^^^^^^^^^^^^^^^^^^^^^^^^^^^
    )
    ^
  File "C:\Users\郑曾波\Projects\invest-quick-scan\runs\w15a\qa\src\runners\llm_runner.py", line 1548, in _run_single_company
    execution_query_plans(search_document)
    ~~~~~~~~~~~~~~~~~~~~~^^^^^^^^^^^^^^^^^
  File "C:\Users\郑曾波\Projects\invest-quick-scan\runs\w15a\qa\src\config\quick_scan_search_policy.py", line 264, in execution_query_plans
    raise SearchPolicyRejected("frozen_execution_plan_required")
src.config.quick_scan_search_policy.SearchPolicyRejected: frozen_execution_plan_required
=========================== short test summary info ===========================
FAILED tests\integration\test_qa_net01_cli_e2e.py::test_cli_e2e_search_policy_admission_gates_before_any_http
1 failed, 15 passed in 2.14s
