FFFFF                                                                    [100%]
================================== FAILURES ===================================
_____ test_owner_binding_is_registered_schema14_and_stable_across_restart _____

tmp_path = WindowsPath('C:/Users/郑曾波/Projects/invest-quick-scan/runs/w15a/executor-refresh-red-02/test_owner_binding_is_register0')

    def test_owner_binding_is_registered_schema14_and_stable_across_restart(tmp_path):
        store = QuickScanWorkStore(tmp_path / "work.sqlite")
>       row = store.create_or_attach(**_spec(generation=2), run_id="RUN_1", scan_id="SCAN_1", owner_refresh_binding=_binding())
              ^^^^^^^^^^^^^^^^^^^^^^^^^^^^^^^^^^^^^^^^^^^^^^^^^^^^^^^^^^^^^^^^^^^^^^^^^^^^^^^^^^^^^^^^^^^^^^^^^^^^^^^^^^^^^^^^^
E       TypeError: QuickScanWorkStore.create_or_attach() got an unexpected keyword argument 'owner_refresh_binding'

tests\unit\test_w15_owner_refresh.py:26: TypeError
__ test_prior_unknown_is_checked_across_all_generations_without_lookup_limit __

tmp_path = WindowsPath('C:/Users/郑曾波/Projects/invest-quick-scan/runs/w15a/executor-refresh-red-02/test_prior_unknown_is_checked_0')

    def test_prior_unknown_is_checked_across_all_generations_without_lookup_limit(tmp_path):
        clock = [1800000000.0]
        store = QuickScanWorkStore(tmp_path / "work.sqlite", clock=lambda: clock[0])
        old = _created(store)
        lease = store.claim(old["work_item_id"], lease_seconds=60)
        attempt = _prepared(store, old["work_item_id"], lease)
        store.mark_send_intent(old["work_item_id"], lease, attempt["attempt_id"])
        clock[0] += 61
        assert store.recover_expired(old["work_item_id"]) == "uncertain"
        with pytest.raises(WorkConflictError, match="owner_refresh_prior_work_unresolved"):
>           store.create_or_attach(**_spec(generation=2, question_fingerprint="e"*64), run_id="RUN_2", scan_id="SCAN_1", owner_refresh_binding=_binding(model="M2"))
E           TypeError: QuickScanWorkStore.create_or_attach() got an unexpected keyword argument 'owner_refresh_binding'

tests\unit\test_w15_owner_refresh.py:47: TypeError
________ test_two_refresh_workers_share_exact_work_and_only_one_claims ________

tmp_path = WindowsPath('C:/Users/郑曾波/Projects/invest-quick-scan/runs/w15a/executor-refresh-red-02/test_two_refresh_workers_share0')

    def test_two_refresh_workers_share_exact_work_and_only_one_claims(tmp_path):
        path = tmp_path / "work.sqlite"
        QuickScanWorkStore(path)
        def worker(i):
            store = QuickScanWorkStore(path)
            row = store.create_or_attach(**_spec(generation=2), run_id="RUN_"+str(i), scan_id="SCAN_1", owner_refresh_binding=_binding())
            return row["work_item_id"], store.claim(row["work_item_id"], lease_seconds=60)
        with ThreadPoolExecutor(max_workers=2) as pool:
>           outcomes = list(pool.map(worker, (1, 2)))
                       ^^^^^^^^^^^^^^^^^^^^^^^^^^^^^^

tests\unit\test_w15_owner_refresh.py:60: 
_ _ _ _ _ _ _ _ _ _ _ _ _ _ _ _ _ _ _ _ _ _ _ _ _ _ _ _ _ _ _ _ _ _ _ _ _ _ _ _
C:\Miniconda\Lib\concurrent\futures\_base.py:619: in result_iterator
    yield _result_or_cancel(fs.pop())
          ^^^^^^^^^^^^^^^^^^^^^^^^^^^
C:\Miniconda\Lib\concurrent\futures\_base.py:317: in _result_or_cancel
    return fut.result(timeout)
           ^^^^^^^^^^^^^^^^^^^
C:\Miniconda\Lib\concurrent\futures\_base.py:456: in result
    return self.__get_result()
           ^^^^^^^^^^^^^^^^^^^
C:\Miniconda\Lib\concurrent\futures\_base.py:401: in __get_result
    raise self._exception
C:\Miniconda\Lib\concurrent\futures\thread.py:59: in run
    result = self.fn(*self.args, **self.kwargs)
             ^^^^^^^^^^^^^^^^^^^^^^^^^^^^^^^^^^
_ _ _ _ _ _ _ _ _ _ _ _ _ _ _ _ _ _ _ _ _ _ _ _ _ _ _ _ _ _ _ _ _ _ _ _ _ _ _ _

i = 1

    def worker(i):
        store = QuickScanWorkStore(path)
>       row = store.create_or_attach(**_spec(generation=2), run_id="RUN_"+str(i), scan_id="SCAN_1", owner_refresh_binding=_binding())
              ^^^^^^^^^^^^^^^^^^^^^^^^^^^^^^^^^^^^^^^^^^^^^^^^^^^^^^^^^^^^^^^^^^^^^^^^^^^^^^^^^^^^^^^^^^^^^^^^^^^^^^^^^^^^^^^^^^^^^^^
E       TypeError: QuickScanWorkStore.create_or_attach() got an unexpected keyword argument 'owner_refresh_binding'

tests\unit\test_w15_owner_refresh.py:57: TypeError
__________ test_late_legacy_unknown_blocks_bound_send_before_intent ___________

tmp_path = WindowsPath('C:/Users/郑曾波/Projects/invest-quick-scan/runs/w15a/executor-refresh-red-02/test_late_legacy_unknown_block0')

    def test_late_legacy_unknown_blocks_bound_send_before_intent(tmp_path):
        clock = [1800000000.0]
        store = QuickScanWorkStore(tmp_path / "work.sqlite", clock=lambda: clock[0])
>       new = store.create_or_attach(**_spec(generation=2), run_id="RUN_2", scan_id="SCAN_1", owner_refresh_binding=_binding())
              ^^^^^^^^^^^^^^^^^^^^^^^^^^^^^^^^^^^^^^^^^^^^^^^^^^^^^^^^^^^^^^^^^^^^^^^^^^^^^^^^^^^^^^^^^^^^^^^^^^^^^^^^^^^^^^^^^
E       TypeError: QuickScanWorkStore.create_or_attach() got an unexpected keyword argument 'owner_refresh_binding'

tests\unit\test_w15_owner_refresh.py:68: TypeError
________ test_schema13_migration_is_additive_and_keeps_old_item_bytes _________

tmp_path = WindowsPath('C:/Users/郑曾波/Projects/invest-quick-scan/runs/w15a/executor-refresh-red-02/test_schema13_migration_is_add0')

    def test_schema13_migration_is_additive_and_keeps_old_item_bytes(tmp_path):
>       from src.utils.quick_scan_owner_refresh_journal import DDL_V14_ADDITIONS
E       ModuleNotFoundError: No module named 'src.utils.quick_scan_owner_refresh_journal'

tests\unit\test_w15_owner_refresh.py:83: ModuleNotFoundError
=========================== short test summary info ===========================
FAILED tests\unit\test_w15_owner_refresh.py::test_owner_binding_is_registered_schema14_and_stable_across_restart
FAILED tests\unit\test_w15_owner_refresh.py::test_prior_unknown_is_checked_across_all_generations_without_lookup_limit
FAILED tests\unit\test_w15_owner_refresh.py::test_two_refresh_workers_share_exact_work_and_only_one_claims
FAILED tests\unit\test_w15_owner_refresh.py::test_late_legacy_unknown_blocks_bound_send_before_intent
FAILED tests\unit\test_w15_owner_refresh.py::test_schema13_migration_is_additive_and_keeps_old_item_bytes
5 failed in 1.35s
