[manager]	WARNING	Test in comment: Fixed is not a test name or id, ignoring
[manager]	WARNING	Test in comment: first is not a test name or id, ignoring
[manager]	WARNING	Test in comment: party is not a test name or id, ignoring
[manager]	WARNING	Test in comment: CLI is not a test name or id, ignoring
[manager]	WARNING	Test in comment: bridge is not a test name or id, ignoring
[manager]	WARNING	Test in comment: no is not a test name or id, ignoring
[manager]	WARNING	Test in comment: shell is not a test name or id, ignoring
[manager]	WARNING	Test in comment: or is not a test name or id, ignoring
[manager]	WARNING	Test in comment: supplied is not a test name or id, ignoring
[manager]	WARNING	Test in comment: executable is not a test name or id, ignoring
[manager]	WARNING	Test in comment: Validated is not a test name or id, ignoring
[manager]	WARNING	Test in comment: roots is not a test name or id, ignoring
[manager]	WARNING	Test in comment: fixed is not a test name or id, ignoring
[manager]	WARNING	Test in comment: argv is not a test name or id, ignoring
[manager]	WARNING	Test in comment: shell is not a test name or id, ignoring
[manager]	WARNING	Test in comment: False is not a test name or id, ignoring
[manager]	WARNING	Test in comment: only is not a test name or id, ignoring
[manager]	WARNING	Test in comment: literal is not a test name or id, ignoring
[manager]	WARNING	Test in comment: placeholders is not a test name or id, ignoring
[manager]	WARNING	Test in comment: are is not a test name or id, ignoring
[manager]	WARNING	Test in comment: joined is not a test name or id, ignoring
[manager]	WARNING	Test in comment: all is not a test name or id, ignoring
[manager]	WARNING	Test in comment: values is not a test name or id, ignoring
[manager]	WARNING	Test in comment: bound is not a test name or id, ignoring
[manager]	WARNING	Test in comment: as is not a test name or id, ignoring
[manager]	WARNING	Test in comment: parameters is not a test name or id, ignoring
[manager]	WARNING	Test in comment: literal is not a test name or id, ignoring
[manager]	WARNING	Test in comment: placeholders is not a test name or id, ignoring
[manager]	WARNING	Test in comment: only is not a test name or id, ignoring
[tester]	WARNING	nosec encountered (B608), but no failed test on line 4714
[tester]	WARNING	nosec encountered (B608), but no failed test on line 5138
