..F....                                                                  [100%]
================================== FAILURES ===================================
____ test_stockwiki_public_os_cli_binding_import_activate_read_and_refresh ____

actual_bundle = (<stockwiki.quick_scan_routes.QuickScanRouteStore object at 0x000002222F87C9D0>, {'analysis_subject_schema_version': '...f846d41d60ff16286dc52a2dfde1e', <stockwiki.quick_scan_route_validation.IqsRouteValidator object at 0x000002222D617750>)
tmp_path = WindowsPath('C:/Users/郑曾波/Projects/invest-quick-scan/runs/w15a/storage-cli-05/test_stockwiki_public_os_cli_b0')

    def test_stockwiki_public_os_cli_binding_import_activate_read_and_refresh(actual_bundle, tmp_path):
        routes, subject, raw, manifest, decision_id, validator = actual_bundle
        common = [sys.executable, "-B", "-X", "utf8", "-m", "stockwiki.cli", "--root", str(routes.identity.paths.root)]
        flags = ["--subject-key", receipt_key(subject), "--iqs-code-root", str(validator.code_root),
                 "--iqs-release-root", str(validator.release_root)]
        def cli(action, extra, expected=0):
            result = subprocess.run(common+["quick-scan-route-"+action]+flags+extra, capture_output=True, timeout=90, check=False)
            (tmp_path / (action+".stdout.log")).write_bytes(result.stdout)
            (tmp_path / (action+".stderr.log")).write_bytes(result.stderr)
            assert result.returncode == expected, result.stderr.decode("utf-8", errors="replace")
            return json.loads(result.stdout)
        binding = cli("binding", [])
        assert binding["payload"]["route_identity_ref"] == json.loads(raw)["identity_ref"]
        route_path, manifest_path = tmp_path / "incoming-route.json", tmp_path / "incoming-manifest.json"
        route_path.write_bytes(raw)
        manifest_path.write_bytes(manifest)
        assert cli("record", ["--route", str(route_path), "--manifest", str(manifest_path), "--expected-decision-id", decision_id])["payload"]["status"] == "recorded"
        cli("activate", ["--expected-decision-id", decision_id, "--expect-no-current", "--now-utc", NOW])
        key = ["--scope", "entity", "--scope-id", subject["primary_issuer_id"]]
        current = cli("current", key+["--now-utc", NOW, "--include-raw-bundle"])
        import base64
        assert base64.b64decode(current["payload"]["snapshot"]["route_raw_base64"]) == raw
        assert current["payload"]["expected_decision_id"] == decision_id
        refresh = cli("refresh", key+["--now-utc", NOW, "--provider", "P1", "--model", "M1", "--ttl-hours", "120"])
        assert refresh["payload"]["totals"]["fields"] == 24
>       assert refresh["payload"]["totals"]["planned_dispatches"] == 23
E       assert 21 == 23

tests\test_quick_scan_route_integration.py:113: AssertionError
=========================== short test summary info ===========================
FAILED tests\test_quick_scan_route_integration.py::test_stockwiki_public_os_cli_binding_import_activate_read_and_refresh
1 failed, 6 passed in 42.23s
