==> checks [full] step=black
All done! ✨ 🍰 ✨
127 files would be left unchanged.
checks: step=black exit=0 seconds=0.42
==> checks [full] step=isort
checks: step=isort exit=0 seconds=0.80
==> checks [full] step=mypy
Success: no issues found in 56 source files
checks: step=mypy exit=0 seconds=18.31
==> checks [full] step=bandit
[manager]	WARNING	Test in comment: only is not a test name or id, ignoring
[manager]	WARNING	Test in comment: literal is not a test name or id, ignoring
[manager]	WARNING	Test in comment: placeholders is not a test name or id, ignoring
[manager]	WARNING	Test in comment: are is not a test name or id, ignoring
[manager]	WARNING	Test in comment: joined is not a test name or id, ignoring
[manager]	WARNING	Test in comment: all is not a test name or id, ignoring
[manager]	WARNING	Test in comment: values is not a test name or id, ignoring
[manager]	WARNING	Test in comment: bound is not a test name or id, ignoring
[manager]	WARNING	Test in comment: as is not a test name or id, ignoring
[manager]	WARNING	Test in comment: parameters is not a test name or id, ignoring
[manager]	WARNING	Test in comment: literal is not a test name or id, ignoring
[manager]	WARNING	Test in comment: placeholders is not a test name or id, ignoring
[manager]	WARNING	Test in comment: only is not a test name or id, ignoring
[tester]	WARNING	nosec encountered (B608), but no failed test on line 3542
[tester]	WARNING	nosec encountered (B608), but no failed test on line 3830
checks: step=bandit exit=0 seconds=1.95
==> checks [full] step=pytest
........................................................................ [  6%]
........................................................................ [ 13%]
........................................................................ [ 19%]
........................................................................ [ 26%]
........................................................................ [ 33%]
........................................................................ [ 39%]
........................................................................ [ 46%]
........................................................................ [ 53%]
........................................................................ [ 59%]
........................................................................ [ 66%]
........................................................................ [ 73%]
........................................................................ [ 79%]
........................................................................ [ 86%]
........................................................................ [ 93%]
........................................................................ [ 99%]
...                                                                      [100%]
1083 passed in 120.55s (0:02:00)
checks: step=pytest exit=0 seconds=123.54
==> checks [full] step=smoke
stockqa-cli-smoke-ok
checks: step=smoke exit=0 seconds=0.72
checks: mode=full result=pass exit=0 steps=black,isort,mypy,bandit,pytest,smoke seconds=145.74
