
=================================== ERRORS ====================================
____________ ERROR collecting tests/unit/test_model_resolution.py _____________
ImportError while importing test module 'C:\Users\郑曾波\Projects\invest-quick-scan\runs\model-resolution-2026-10-09-01\qa\tests\unit\test_model_resolution.py'.
Hint: make sure your test modules/packages have valid Python names.
Traceback:
C:\Miniconda\Lib\importlib\__init__.py:88: in import_module
    return _bootstrap._gcd_import(name[level:], package, level)
           ^^^^^^^^^^^^^^^^^^^^^^^^^^^^^^^^^^^^^^^^^^^^^^^^^^^^
tests\unit\test_model_resolution.py:10: in <module>
    from src.providers.model_resolution import (
src\providers\__init__.py:8: in <module>
    from src.providers.async_llm_provider import AsyncLLMProvider
src\providers\async_llm_provider.py:18: in <module>
    from .llm_client import (
src\providers\llm_client.py:22: in <module>
    from src.providers.model_resolution import (
E   ModuleNotFoundError: No module named 'src.providers.model_resolution'
=========================== short test summary info ===========================
ERROR tests/unit/test_model_resolution.py
!!!!!!!!!!!!!!!!!!! Interrupted: 1 error during collection !!!!!!!!!!!!!!!!!!!!
86 deselected, 1 error in 1.73s
