============================= test session starts =============================
platform win32 -- Python 3.13.9, pytest-9.1.1, pluggy-1.5.0 -- C:\Miniconda\python.exe
benchmark: 5.2.3 (defaults: timer=time.perf_counter disable_gc=False min_rounds=5 min_time=0.000005 max_time=1.0 calibration_precision=10 warmup=False warmup_iterations=100000)
metadata: {'Python': '3.13.9', 'Platform': 'Windows-11-10.0.26300-SP0', 'Packages': {'pytest': '9.1.1', 'pluggy': '1.5.0'}, 'Plugins': {'anyio': '4.13.0', 'Faker': '40.19.1', 'langsmith': '0.14.4', 'asyncio': '1.3.0', 'base-url': '2.1.0', 'benchmark': '5.2.3', 'cov': '7.0.0', 'html': '4.1.1', 'metadata': '3.1.1', 'mock': '3.15.1', 'playwright': '0.7.2', 'timeout': '2.4.0', 'xdist': '3.8.0'}, 'Base URL': ''}
rootdir: C:\Users\郑曾波\Projects\iqs-evidence-lab
configfile: pyproject.toml
plugins: anyio-4.13.0, Faker-40.19.1, langsmith-0.14.4, asyncio-1.3.0, base-url-2.1.0, benchmark-5.2.3, cov-7.0.0, html-4.1.1, metadata-3.1.1, mock-3.15.1, playwright-0.7.2, timeout-2.4.0, xdist-3.8.0
asyncio: mode=Mode.STRICT, debug=False, asyncio_default_fixture_loop_scope=None, asyncio_default_test_loop_scope=function
collecting ... collected 10 items

tests/controller/test_archive_binding.py::test_intact_history_without_optional_hash_publishes PASSED [ 10%]
tests/controller/test_archive_binding.py::test_fixture_only_tamper_is_rejected PASSED [ 20%]
tests/controller/test_archive_binding.py::test_archive_and_fixture_tamper_is_rejected PASSED [ 30%]
tests/controller/test_archive_binding.py::test_index_entry_rejects_the_same_archive_drift PASSED [ 40%]
tests/controller/test_archive_binding.py::test_missing_lock_blocks_history_but_not_synthetic PASSED [ 50%]
tests/controller/test_archive_binding.py::test_missing_archive_file_blocks_history PASSED [ 60%]
tests/controller/test_archive_binding.py::test_non_strict_lock_json_is_rejected PASSED [ 70%]
tests/controller/test_archive_binding.py::test_unrelated_bound_file_drift_blocks_history_only PASSED [ 80%]
tests/controller/test_archive_binding.py::test_validate_fixtures_rejects_a_drifted_archive PASSED [ 90%]
tests/controller/test_archive_binding.py::test_validate_fixtures_still_passes_on_an_intact_copy PASSED [100%]

============================= 10 passed in 21.07s =============================
