test_application_cache_zero_send_and_model_separation (test_batching_benchmark.BenchmarkTests.test_application_cache_zero_send_and_model_separation) ... ok
test_cache_key_includes_route_rubric_cutoff_evidence_and_params (test_batching_benchmark.BenchmarkTests.test_cache_key_includes_route_rubric_cutoff_evidence_and_params) ... ok
test_call_chunk_warm_path_never_constructs_client_or_reads_key (test_batching_benchmark.BenchmarkTests.test_call_chunk_warm_path_never_constructs_client_or_reads_key) ... ok
test_caps_cannot_expand_human_authorization (test_batching_benchmark.BenchmarkTests.test_caps_cannot_expand_human_authorization) ... ok
test_cash_cap_and_no_double_settlement (test_batching_benchmark.BenchmarkTests.test_cash_cap_and_no_double_settlement) ... ok
test_cooldown_blocks_queued_request_before_reserve (test_batching_benchmark.BenchmarkTests.test_cooldown_blocks_queued_request_before_reserve) ... ok
test_corrupt_or_duplicate_persisted_ledger_fails_closed (test_batching_benchmark.BenchmarkTests.test_corrupt_or_duplicate_persisted_ledger_fails_closed) ... ok
test_duplicate_extra_missing_and_json_keys_rejected (test_batching_benchmark.BenchmarkTests.test_duplicate_extra_missing_and_json_keys_rejected) ... ok
test_durable_atomic_budget_and_unknown_hold (test_batching_benchmark.BenchmarkTests.test_durable_atomic_budget_and_unknown_hold) ... ok
test_filter_issuer_and_future_source (test_batching_benchmark.BenchmarkTests.test_filter_issuer_and_future_source) ... ok
test_frozen_runtime_is_explicit_allowlist_only (test_batching_benchmark.BenchmarkTests.test_frozen_runtime_is_explicit_allowlist_only) ... ok
test_input_drift_and_prepare_after_send_refused (test_batching_benchmark.BenchmarkTests.test_input_drift_and_prepare_after_send_refused) ... ok
test_item_recovery_does_not_edit_or_overwrite_answers (test_batching_benchmark.BenchmarkTests.test_item_recovery_does_not_edit_or_overwrite_answers) ... ok
test_projection_normalization_never_invents_or_deduplicates_items (test_batching_benchmark.BenchmarkTests.test_projection_normalization_never_invents_or_deduplicates_items) ... ok
test_prompt_no_example_or_forced_cycle_shared_once (test_batching_benchmark.BenchmarkTests.test_prompt_no_example_or_forced_cycle_shared_once) ... ok
test_scoped_preparation_is_immutable_and_marks_shared_document (test_batching_benchmark.BenchmarkTests.test_scoped_preparation_is_immutable_and_marks_shared_document) ... ok
test_strict_parser_and_unknown (test_batching_benchmark.BenchmarkTests.test_strict_parser_and_unknown) ... ok
test_targeted_resume_zero_network_and_refuses_changed_pool (test_batching_benchmark.BenchmarkTests.test_targeted_resume_zero_network_and_refuses_changed_pool) ... ok
test_timeout_no_retry_and_reservation_held (test_batching_benchmark.BenchmarkTests.test_timeout_no_retry_and_reservation_held) ... ok
test_transport_budget_receipt_and_unknown (test_batching_benchmark.BenchmarkTests.test_transport_budget_receipt_and_unknown) ... ok
test_active_run_and_external_dest_refused (test_batching_benchmark_archive.ArchiveTests.test_active_run_and_external_dest_refused) ... ok
test_actual_payload_drift_refused_before_archive_write (test_batching_benchmark_archive.ArchiveTests.test_actual_payload_drift_refused_before_archive_write) ... ok
test_ledger_replay_archive_no_context_or_parse_excerpt (test_batching_benchmark_archive.ArchiveTests.test_ledger_replay_archive_no_context_or_parse_excerpt) ... ok
test_public_archive_report_recomputes_without_network_or_sources (test_batching_benchmark_archive.ArchiveTests.test_public_archive_report_recomputes_without_network_or_sources) ... ok
test_repair_counts_only_new_valid_qids_and_rejects_repeat (test_batching_benchmark_report.ReportTests.test_repair_counts_only_new_valid_qids_and_rejects_repeat) ... ok
test_same_baseline_survives_multiple_pairings_and_unknown_excluded (test_batching_benchmark_report.ReportTests.test_same_baseline_survives_multiple_pairings_and_unknown_excluded) ... ok
test_search_baseline_never_crosses_context_or_question_set (test_batching_benchmark_report.ReportTests.test_search_baseline_never_crosses_context_or_question_set) ... ok
test_usage_cache_and_missing_usage_are_not_zero_cost_proof (test_batching_benchmark_report.ReportTests.test_usage_cache_and_missing_usage_are_not_zero_cost_proof) ... ok

----------------------------------------------------------------------
Ran 28 tests in 1.085s

OK
