INTERNALERROR> Traceback (most recent call last):
INTERNALERROR>   File "C:\Miniconda\Lib\site-packages\_pytest\main.py", line 326, in wrap_session
INTERNALERROR>     config._do_configure()
INTERNALERROR>     ~~~~~~~~~~~~~~~~~~~~^^
INTERNALERROR>   File "C:\Miniconda\Lib\site-packages\_pytest\config\__init__.py", line 1205, in _do_configure
INTERNALERROR>     self.hook.pytest_configure.call_historic(kwargs=dict(config=self))
INTERNALERROR>     ~~~~~~~~~~~~~~~~~~~~~~~~~~~~~~~~~~~~~~~~^^^^^^^^^^^^^^^^^^^^^^^^^^
INTERNALERROR>   File "C:\Miniconda\Lib\site-packages\pluggy\_hooks.py", line 535, in call_historic
INTERNALERROR>     res = self._hookexec(self.name, self._hookimpls.copy(), kwargs, False)
INTERNALERROR>   File "C:\Miniconda\Lib\site-packages\pluggy\_manager.py", line 120, in _hookexec
INTERNALERROR>     return self._inner_hookexec(hook_name, methods, kwargs, firstresult)
INTERNALERROR>            ~~~~~~~~~~~~~~~~~~~~^^^^^^^^^^^^^^^^^^^^^^^^^^^^^^^^^^^^^^^^^
INTERNALERROR>   File "C:\Miniconda\Lib\site-packages\pluggy\_callers.py", line 139, in _multicall
INTERNALERROR>     raise exception.with_traceback(exception.__traceback__)
INTERNALERROR>   File "C:\Miniconda\Lib\site-packages\pluggy\_callers.py", line 103, in _multicall
INTERNALERROR>     res = hook_impl.function(*args)
INTERNALERROR>   File "C:\Miniconda\Lib\site-packages\_pytest\logging.py", line 653, in pytest_configure
INTERNALERROR>     config.pluginmanager.register(LoggingPlugin(config), "logging-plugin")
INTERNALERROR>                                   ~~~~~~~~~~~~~^^^^^^^^
INTERNALERROR>   File "C:\Miniconda\Lib\site-packages\_pytest\logging.py", line 690, in __init__
INTERNALERROR>     self.log_file_handler = _FileHandler(
INTERNALERROR>                             ~~~~~~~~~~~~^
INTERNALERROR>         log_file, mode=self.log_file_mode, encoding="UTF-8"
INTERNALERROR>         ^^^^^^^^^^^^^^^^^^^^^^^^^^^^^^^^^^^^^^^^^^^^^^^^^^^
INTERNALERROR>     )
INTERNALERROR>     ^
INTERNALERROR>   File "C:\Miniconda\Lib\logging\__init__.py", line 1219, in __init__
INTERNALERROR>     StreamHandler.__init__(self, self._open())
INTERNALERROR>                                  ~~~~~~~~~~^^
INTERNALERROR>   File "C:\Miniconda\Lib\logging\__init__.py", line 1248, in _open
INTERNALERROR>     return open_func(self.baseFilename, self.mode,
INTERNALERROR>                      encoding=self.encoding, errors=self.errors)
INTERNALERROR>   File "C:\Users\郑曾波\Projects\invest-quick-scan\runs\evid-lab-2026-10-08-01\guard\sitecustomize.py", line 23, in audit
INTERNALERROR>     writable(args[0])
INTERNALERROR>     ~~~~~~~~^^^^^^^^^
INTERNALERROR>   File "C:\Users\郑曾波\Projects\invest-quick-scan\runs\evid-lab-2026-10-08-01\guard\sitecustomize.py", line 14, in writable
INTERNALERROR>     raise PermissionError('E97 write outside owned test root')
INTERNALERROR> PermissionError: E97 write outside owned test root
