.F...................FFF.............................F........           [100%]
================================== FAILURES ===================================
_________ test_two_reporting_subjects_for_one_entity_are_two_profiles _________

    def test_two_reporting_subjects_for_one_entity_are_two_profiles():
        request, response, owner = pair()
        other = copy.deepcopy(SUBJECT)
        other['analysis_subject_id']='ASJ_44444444-4444-4444-8444-444444444444'
        other['perimeter_sha256']='b'*64
        request['payload']['subject_refs'].append(other)
        response['result']['profiles'].append({'subject_ref':copy.deepcopy(other),
                                               'canonical_name':'Synthetic C06','observations':[]})
>       validate(request,response,owner)

tests\test_query_contract_v2.py:71: 
_ _ _ _ _ _ _ _ _ _ _ _ _ _ _ _ _ _ _ _ _ _ _ _ _ _ _ _ _ _ _ _ _ _ _ _ _ _ _ _
tests\test_query_contract_v2.py:56: in validate
    qc.validate_response(response,expected_request=request,expected_owner=owner)
scripts\query_contract.py:263: in validate_response
    source_failed=_watermark(value,expected_request)
                  ^^^^^^^^^^^^^^^^^^^^^^^^^^^^^^^^^^
_ _ _ _ _ _ _ _ _ _ _ _ _ _ _ _ _ _ _ _ _ _ _ _ _ _ _ _ _ _ _ _ _ _ _ _ _ _ _ _

value = {'message_type': 'response', 'schema_version': '2.0.0', 'request_id': 'REQ_SYNTHETIC_C06', 'operation': 'get_profiles', ...}
request = {'message_type': 'request', 'schema_version': '2.0.0', 'request_id': 'REQ_SYNTHETIC_C06', 'consumer_id': 'invest-quick-scan', ...}

    def _watermark(value,request):
        result=value['result']
        w=result['watermark']
        if _utc(w['read_at'])<_utc(request['requested_at']) or _utc(w['read_at'])>_utc(value['response_at']):
            raise ValueError('query_watermark_time_mismatch')
        if w['query_sha256']!=query_sha256(request) or w['snapshot_content_sha256']!=snapshot_content_sha256(result):
>           raise ValueError('query_snapshot_content_mismatch')
E           ValueError: query_snapshot_content_mismatch

scripts\query_contract.py:224: ValueError
____ test_original_bound_answer_keeps_requested_and_actual_model_separate _____

row = {'observation_id': 'obs_9da54949acf4359014a1ecd9fcf9e1fbeb332e75d562dbff7b99271f31668bff', 'payload_sha256': '4bbd81eb...aWQiOm51bGwsInNlZ21lbnRfaWQiOm51bGwsInRhc2tfbW9kZSI6InByaW1hcnkiLCJ0ZW1wbGF0ZV92ZXJzaW9uIjoic3ludGhldGljLXYxIn0=', ...}

    def _original(row):
        try:
            raw=base64.b64decode(row['original_json_base64'],validate=True)
            if len(raw)>MAX_OBSERVATION_BYTES or hashlib.sha256(raw).hexdigest()!=row['raw_sha256']:
                raise ValueError('query_original_bytes_mismatch')
            obs=json.loads(raw.decode('utf-8'),object_pairs_hook=module_contract._unique_object)
            module_contract.canonical_bytes(obs)
>           ORIGINAL_VALIDATOR.validate(obs)

scripts\query_contract.py:127: 
_ _ _ _ _ _ _ _ _ _ _ _ _ _ _ _ _ _ _ _ _ _ _ _ _ _ _ _ _ _ _ _ _ _ _ _ _ _ _ _

self = Draft202012Validator(schema={'$id': 'urn:iqs:stoc...observation:1', '$schema': 'https://json...020-12/schema', 'additi...mail', 'idn-email', 'idn-hostname', 'ipv4', 'ipv6', 'json-pointer', 'regex', 'relative-json-pointer', 'time', 'uuid']>)
args = ({'answer': {'basis': 'current', 'confidence': 'low', 'counterevidence': 'synthetic uncertainty', 'coverage': {'reason... 'industries': [], 'stage': 'unclassified', 'subtype': None}, 'comparison_group_id': None, 'construct_id': None, ...},)
kwargs = {}

    def validate(self, *args, **kwargs):
        for error in self.iter_errors(*args, **kwargs):
>           raise error
E           jsonschema.exceptions.ValidationError: 'SYN_PACKAGE' does not match '^pkg_[a-f0-9]{64}$'
E           
E           Failed validating 'pattern' in schema['properties']['module_package_id']:
E               {'type': 'string', 'pattern': '^pkg_[a-f0-9]{64}$'}
E           
E           On instance['module_package_id']:
E               'SYN_PACKAGE'

C:\Miniconda\Lib\site-packages\jsonschema\validators.py:450: ValidationError

The above exception was the direct cause of the following exception:

    def test_original_bound_answer_keeps_requested_and_actual_model_separate():
        req,res,owner=advanced_pair()
>       validate(req,res,owner)

tests\test_query_contract_v2.py:243: 
_ _ _ _ _ _ _ _ _ _ _ _ _ _ _ _ _ _ _ _ _ _ _ _ _ _ _ _ _ _ _ _ _ _ _ _ _ _ _ _
tests\test_query_contract_v2.py:56: in validate
    qc.validate_response(response,expected_request=request,expected_owner=owner)
scripts\query_contract.py:286: in validate_response
    obs=_original(row)
        ^^^^^^^^^^^^^^
_ _ _ _ _ _ _ _ _ _ _ _ _ _ _ _ _ _ _ _ _ _ _ _ _ _ _ _ _ _ _ _ _ _ _ _ _ _ _ _

row = {'observation_id': 'obs_9da54949acf4359014a1ecd9fcf9e1fbeb332e75d562dbff7b99271f31668bff', 'payload_sha256': '4bbd81eb...aWQiOm51bGwsInNlZ21lbnRfaWQiOm51bGwsInRhc2tfbW9kZSI6InByaW1hcnkiLCJ0ZW1wbGF0ZV92ZXJzaW9uIjoic3ludGhldGljLXYxIn0=', ...}

    def _original(row):
        try:
            raw=base64.b64decode(row['original_json_base64'],validate=True)
            if len(raw)>MAX_OBSERVATION_BYTES or hashlib.sha256(raw).hexdigest()!=row['raw_sha256']:
                raise ValueError('query_original_bytes_mismatch')
            obs=json.loads(raw.decode('utf-8'),object_pairs_hook=module_contract._unique_object)
            module_contract.canonical_bytes(obs)
            ORIGINAL_VALIDATOR.validate(obs)
            if row['payload_sha256']!=_digest(obs) or row['observation_id']!=obs['observation_id']:
                raise ValueError('query_original_reference_mismatch')
            if obs['observation_id']!='obs_'+_digest({k:v for k,v in obs.items() if k!='observation_id'}):
                raise ValueError('query_original_immutable_hash_mismatch')
            return obs
        except (ValueError,TypeError,UnicodeError,ValidationError,RecursionError) as exc:
>           raise ValueError('query_original_observation_invalid') from exc
E           ValueError: query_original_observation_invalid

scripts\query_contract.py:134: ValueError
___ test_legacy_unbound_history_is_visible_but_not_current_subject_coverage ___

row = {'observation_id': 'obs_9da54949acf4359014a1ecd9fcf9e1fbeb332e75d562dbff7b99271f31668bff', 'payload_sha256': '4bbd81eb...aWQiOm51bGwsInNlZ21lbnRfaWQiOm51bGwsInRhc2tfbW9kZSI6InByaW1hcnkiLCJ0ZW1wbGF0ZV92ZXJzaW9uIjoic3ludGhldGljLXYxIn0=', ...}

    def _original(row):
        try:
            raw=base64.b64decode(row['original_json_base64'],validate=True)
            if len(raw)>MAX_OBSERVATION_BYTES or hashlib.sha256(raw).hexdigest()!=row['raw_sha256']:
                raise ValueError('query_original_bytes_mismatch')
            obs=json.loads(raw.decode('utf-8'),object_pairs_hook=module_contract._unique_object)
            module_contract.canonical_bytes(obs)
>           ORIGINAL_VALIDATOR.validate(obs)

scripts\query_contract.py:127: 
_ _ _ _ _ _ _ _ _ _ _ _ _ _ _ _ _ _ _ _ _ _ _ _ _ _ _ _ _ _ _ _ _ _ _ _ _ _ _ _

self = Draft202012Validator(schema={'$id': 'urn:iqs:stoc...observation:1', '$schema': 'https://json...020-12/schema', 'additi...mail', 'idn-email', 'idn-hostname', 'ipv4', 'ipv6', 'json-pointer', 'regex', 'relative-json-pointer', 'time', 'uuid']>)
args = ({'answer': {'basis': 'current', 'confidence': 'low', 'counterevidence': 'synthetic uncertainty', 'coverage': {'reason... 'industries': [], 'stage': 'unclassified', 'subtype': None}, 'comparison_group_id': None, 'construct_id': None, ...},)
kwargs = {}

    def validate(self, *args, **kwargs):
        for error in self.iter_errors(*args, **kwargs):
>           raise error
E           jsonschema.exceptions.ValidationError: 'SYN_PACKAGE' does not match '^pkg_[a-f0-9]{64}$'
E           
E           Failed validating 'pattern' in schema['properties']['module_package_id']:
E               {'type': 'string', 'pattern': '^pkg_[a-f0-9]{64}$'}
E           
E           On instance['module_package_id']:
E               'SYN_PACKAGE'

C:\Miniconda\Lib\site-packages\jsonschema\validators.py:450: ValidationError

The above exception was the direct cause of the following exception:

    def test_legacy_unbound_history_is_visible_but_not_current_subject_coverage():
>       validate(*advanced_pair(bound=False))

tests\test_query_contract_v2.py:252: 
_ _ _ _ _ _ _ _ _ _ _ _ _ _ _ _ _ _ _ _ _ _ _ _ _ _ _ _ _ _ _ _ _ _ _ _ _ _ _ _
tests\test_query_contract_v2.py:56: in validate
    qc.validate_response(response,expected_request=request,expected_owner=owner)
scripts\query_contract.py:305: in validate_response
    obs=_original(row)
        ^^^^^^^^^^^^^^
_ _ _ _ _ _ _ _ _ _ _ _ _ _ _ _ _ _ _ _ _ _ _ _ _ _ _ _ _ _ _ _ _ _ _ _ _ _ _ _

row = {'observation_id': 'obs_9da54949acf4359014a1ecd9fcf9e1fbeb332e75d562dbff7b99271f31668bff', 'payload_sha256': '4bbd81eb...aWQiOm51bGwsInNlZ21lbnRfaWQiOm51bGwsInRhc2tfbW9kZSI6InByaW1hcnkiLCJ0ZW1wbGF0ZV92ZXJzaW9uIjoic3ludGhldGljLXYxIn0=', ...}

    def _original(row):
        try:
            raw=base64.b64decode(row['original_json_base64'],validate=True)
            if len(raw)>MAX_OBSERVATION_BYTES or hashlib.sha256(raw).hexdigest()!=row['raw_sha256']:
                raise ValueError('query_original_bytes_mismatch')
            obs=json.loads(raw.decode('utf-8'),object_pairs_hook=module_contract._unique_object)
            module_contract.canonical_bytes(obs)
            ORIGINAL_VALIDATOR.validate(obs)
            if row['payload_sha256']!=_digest(obs) or row['observation_id']!=obs['observation_id']:
                raise ValueError('query_original_reference_mismatch')
            if obs['observation_id']!='obs_'+_digest({k:v for k,v in obs.items() if k!='observation_id'}):
                raise ValueError('query_original_immutable_hash_mismatch')
            return obs
        except (ValueError,TypeError,UnicodeError,ValidationError,RecursionError) as exc:
>           raise ValueError('query_original_observation_invalid') from exc
E           ValueError: query_original_observation_invalid

scripts\query_contract.py:134: ValueError
__________ test_unavailable_original_answer_stays_null_and_uncovered __________

row = {'observation_id': 'obs_82a568a9e43e9a291f9e9143bc89f359fe22ebe780b45229b3e10c851c6b0f11', 'payload_sha256': '87dd5637...ZCI6bnVsbCwic2VnbWVudF9pZCI6bnVsbCwidGFza19tb2RlIjoicHJpbWFyeSIsInRlbXBsYXRlX3ZlcnNpb24iOiJzeW50aGV0aWMtdjEifQ==', ...}

    def _original(row):
        try:
            raw=base64.b64decode(row['original_json_base64'],validate=True)
            if len(raw)>MAX_OBSERVATION_BYTES or hashlib.sha256(raw).hexdigest()!=row['raw_sha256']:
                raise ValueError('query_original_bytes_mismatch')
            obs=json.loads(raw.decode('utf-8'),object_pairs_hook=module_contract._unique_object)
            module_contract.canonical_bytes(obs)
>           ORIGINAL_VALIDATOR.validate(obs)

scripts\query_contract.py:127: 
_ _ _ _ _ _ _ _ _ _ _ _ _ _ _ _ _ _ _ _ _ _ _ _ _ _ _ _ _ _ _ _ _ _ _ _ _ _ _ _

self = Draft202012Validator(schema={'$id': 'urn:iqs:stoc...observation:1', '$schema': 'https://json...020-12/schema', 'additi...mail', 'idn-email', 'idn-hostname', 'ipv4', 'ipv6', 'json-pointer', 'regex', 'relative-json-pointer', 'time', 'uuid']>)
args = ({'answer': {'basis': 'current', 'confidence': 'low', 'counterevidence': 'synthetic uncertainty', 'coverage': {'reason... 'industries': [], 'stage': 'unclassified', 'subtype': None}, 'comparison_group_id': None, 'construct_id': None, ...},)
kwargs = {}

    def validate(self, *args, **kwargs):
        for error in self.iter_errors(*args, **kwargs):
>           raise error
E           jsonschema.exceptions.ValidationError: 'SYN_PACKAGE' does not match '^pkg_[a-f0-9]{64}$'
E           
E           Failed validating 'pattern' in schema['properties']['module_package_id']:
E               {'type': 'string', 'pattern': '^pkg_[a-f0-9]{64}$'}
E           
E           On instance['module_package_id']:
E               'SYN_PACKAGE'

C:\Miniconda\Lib\site-packages\jsonschema\validators.py:450: ValidationError

The above exception was the direct cause of the following exception:

    def test_unavailable_original_answer_stays_null_and_uncovered():
>       validate(*advanced_pair(status='insufficient_evidence'))

tests\test_query_contract_v2.py:256: 
_ _ _ _ _ _ _ _ _ _ _ _ _ _ _ _ _ _ _ _ _ _ _ _ _ _ _ _ _ _ _ _ _ _ _ _ _ _ _ _
tests\test_query_contract_v2.py:56: in validate
    qc.validate_response(response,expected_request=request,expected_owner=owner)
scripts\query_contract.py:286: in validate_response
    obs=_original(row)
        ^^^^^^^^^^^^^^
_ _ _ _ _ _ _ _ _ _ _ _ _ _ _ _ _ _ _ _ _ _ _ _ _ _ _ _ _ _ _ _ _ _ _ _ _ _ _ _

row = {'observation_id': 'obs_82a568a9e43e9a291f9e9143bc89f359fe22ebe780b45229b3e10c851c6b0f11', 'payload_sha256': '87dd5637...ZCI6bnVsbCwic2VnbWVudF9pZCI6bnVsbCwidGFza19tb2RlIjoicHJpbWFyeSIsInRlbXBsYXRlX3ZlcnNpb24iOiJzeW50aGV0aWMtdjEifQ==', ...}

    def _original(row):
        try:
            raw=base64.b64decode(row['original_json_base64'],validate=True)
            if len(raw)>MAX_OBSERVATION_BYTES or hashlib.sha256(raw).hexdigest()!=row['raw_sha256']:
                raise ValueError('query_original_bytes_mismatch')
            obs=json.loads(raw.decode('utf-8'),object_pairs_hook=module_contract._unique_object)
            module_contract.canonical_bytes(obs)
            ORIGINAL_VALIDATOR.validate(obs)
            if row['payload_sha256']!=_digest(obs) or row['observation_id']!=obs['observation_id']:
                raise ValueError('query_original_reference_mismatch')
            if obs['observation_id']!='obs_'+_digest({k:v for k,v in obs.items() if k!='observation_id'}):
                raise ValueError('query_original_immutable_hash_mismatch')
            return obs
        except (ValueError,TypeError,UnicodeError,ValidationError,RecursionError) as exc:
>           raise ValueError('query_original_observation_invalid') from exc
E           ValueError: query_original_observation_invalid

scripts\query_contract.py:134: ValueError
______________ test_model_filter_is_applied_to_actual_model_only ______________

row = {'observation_id': 'obs_9da54949acf4359014a1ecd9fcf9e1fbeb332e75d562dbff7b99271f31668bff', 'payload_sha256': '4bbd81eb...aWQiOm51bGwsInNlZ21lbnRfaWQiOm51bGwsInRhc2tfbW9kZSI6InByaW1hcnkiLCJ0ZW1wbGF0ZV92ZXJzaW9uIjoic3ludGhldGljLXYxIn0=', ...}

    def _original(row):
        try:
            raw=base64.b64decode(row['original_json_base64'],validate=True)
            if len(raw)>MAX_OBSERVATION_BYTES or hashlib.sha256(raw).hexdigest()!=row['raw_sha256']:
                raise ValueError('query_original_bytes_mismatch')
            obs=json.loads(raw.decode('utf-8'),object_pairs_hook=module_contract._unique_object)
            module_contract.canonical_bytes(obs)
>           ORIGINAL_VALIDATOR.validate(obs)

scripts\query_contract.py:127: 
_ _ _ _ _ _ _ _ _ _ _ _ _ _ _ _ _ _ _ _ _ _ _ _ _ _ _ _ _ _ _ _ _ _ _ _ _ _ _ _

self = Draft202012Validator(schema={'$id': 'urn:iqs:stoc...observation:1', '$schema': 'https://json...020-12/schema', 'additi...mail', 'idn-email', 'idn-hostname', 'ipv4', 'ipv6', 'json-pointer', 'regex', 'relative-json-pointer', 'time', 'uuid']>)
args = ({'answer': {'basis': 'current', 'confidence': 'low', 'counterevidence': 'synthetic uncertainty', 'coverage': {'reason... 'industries': [], 'stage': 'unclassified', 'subtype': None}, 'comparison_group_id': None, 'construct_id': None, ...},)
kwargs = {}

    def validate(self, *args, **kwargs):
        for error in self.iter_errors(*args, **kwargs):
>           raise error
E           jsonschema.exceptions.ValidationError: 'SYN_PACKAGE' does not match '^pkg_[a-f0-9]{64}$'
E           
E           Failed validating 'pattern' in schema['properties']['module_package_id']:
E               {'type': 'string', 'pattern': '^pkg_[a-f0-9]{64}$'}
E           
E           On instance['module_package_id']:
E               'SYN_PACKAGE'

C:\Miniconda\Lib\site-packages\jsonschema\validators.py:450: ValidationError

The above exception was the direct cause of the following exception:

    def test_model_filter_is_applied_to_actual_model_only():
        req,res,owner=advanced_pair()
        req['payload']['model_filter']={'provider':'synthetic-provider','model_resolved':'requested-a'}
        seal(req,res)
        with pytest.raises(ValueError): validate(req,res,owner)
        req['payload']['model_filter']['model_resolved']='actual-a'
        seal(req,res)
>       validate(req,res,owner)

tests\test_query_contract_v2.py:339: 
_ _ _ _ _ _ _ _ _ _ _ _ _ _ _ _ _ _ _ _ _ _ _ _ _ _ _ _ _ _ _ _ _ _ _ _ _ _ _ _
tests\test_query_contract_v2.py:56: in validate
    qc.validate_response(response,expected_request=request,expected_owner=owner)
scripts\query_contract.py:286: in validate_response
    obs=_original(row)
        ^^^^^^^^^^^^^^
_ _ _ _ _ _ _ _ _ _ _ _ _ _ _ _ _ _ _ _ _ _ _ _ _ _ _ _ _ _ _ _ _ _ _ _ _ _ _ _

row = {'observation_id': 'obs_9da54949acf4359014a1ecd9fcf9e1fbeb332e75d562dbff7b99271f31668bff', 'payload_sha256': '4bbd81eb...aWQiOm51bGwsInNlZ21lbnRfaWQiOm51bGwsInRhc2tfbW9kZSI6InByaW1hcnkiLCJ0ZW1wbGF0ZV92ZXJzaW9uIjoic3ludGhldGljLXYxIn0=', ...}

    def _original(row):
        try:
            raw=base64.b64decode(row['original_json_base64'],validate=True)
            if len(raw)>MAX_OBSERVATION_BYTES or hashlib.sha256(raw).hexdigest()!=row['raw_sha256']:
                raise ValueError('query_original_bytes_mismatch')
            obs=json.loads(raw.decode('utf-8'),object_pairs_hook=module_contract._unique_object)
            module_contract.canonical_bytes(obs)
            ORIGINAL_VALIDATOR.validate(obs)
            if row['payload_sha256']!=_digest(obs) or row['observation_id']!=obs['observation_id']:
                raise ValueError('query_original_reference_mismatch')
            if obs['observation_id']!='obs_'+_digest({k:v for k,v in obs.items() if k!='observation_id'}):
                raise ValueError('query_original_immutable_hash_mismatch')
            return obs
        except (ValueError,TypeError,UnicodeError,ValidationError,RecursionError) as exc:
>           raise ValueError('query_original_observation_invalid') from exc
E           ValueError: query_original_observation_invalid

scripts\query_contract.py:134: ValueError
=========================== short test summary info ===========================
FAILED tests\test_query_contract_v2.py::test_two_reporting_subjects_for_one_entity_are_two_profiles
FAILED tests\test_query_contract_v2.py::test_original_bound_answer_keeps_requested_and_actual_model_separate
FAILED tests\test_query_contract_v2.py::test_legacy_unbound_history_is_visible_but_not_current_subject_coverage
FAILED tests\test_query_contract_v2.py::test_unavailable_original_answer_stays_null_and_uncovered
FAILED tests\test_query_contract_v2.py::test_model_filter_is_applied_to_actual_model_only
5 failed, 57 passed in 1.22s
